[2022-12-30T06:12:06.368-0800][gc,heap] Heap region size: 1M
[2022-12-30T06:12:06.377-0800][gc     ] Using G1
[2022-12-30T06:12:06.377-0800][gc,heap,coops] Heap address: 0x00000000c0000000, size: 1024 MB, Compressed Oops mode: 32-bit
[2022-12-30T06:12:06.377-0800][gc,cds       ] Mark closed archive regions in map: [0x00000000fff00000, 0x00000000fff6aff8]
[2022-12-30T06:12:06.377-0800][gc,cds       ] Mark open archive regions in map: [0x00000000ffe00000, 0x00000000ffe47ff8]
[2022-12-30T06:12:07.173-0800][gc,start     ] GC(0) Pause Young (Normal) (G1 Evacuation Pause)
[2022-12-30T06:12:07.173-0800][gc,task      ] GC(0) Using 4 workers of 4 for evacuation
[2022-12-30T06:12:07.185-0800][gc,phases    ] GC(0)   Pre Evacuate Collection Set: 0.0ms
[2022-12-30T06:12:07.185-0800][gc,phases    ] GC(0)   Evacuate Collection Set: 11.5ms
[2022-12-30T06:12:07.185-0800][gc,phases    ] GC(0)   Post Evacuate Collection Set: 0.4ms
[2022-12-30T06:12:07.185-0800][gc,phases    ] GC(0)   Other: 0.4ms
[2022-12-30T06:12:07.185-0800][gc,heap      ] GC(0) Eden regions: 51->0(44)
[2022-12-30T06:12:07.185-0800][gc,heap      ] GC(0) Survivor regions: 0->7(7)
[2022-12-30T06:12:07.185-0800][gc,heap      ] GC(0) Old regions: 2->2
[2022-12-30T06:12:07.185-0800][gc,heap      ] GC(0) Humongous regions: 0->0
[2022-12-30T06:12:07.185-0800][gc,metaspace ] GC(0) Metaspace: 14141K(14848K)->14141K(14848K) NonClass: 12387K(12800K)->12387K(12800K) Class: 1754K(2048K)->1754K(2048K)
[2022-12-30T06:12:07.185-0800][gc           ] GC(0) Pause Young (Normal) (G1 Evacuation Pause) 51M->7M(1024M) 12.342ms
[2022-12-30T06:12:07.185-0800][gc,cpu       ] GC(0) User=0.02s Sys=0.00s Real=0.01s
[2022-12-30T06:12:07.683-0800][gc,start     ] GC(1) Pause Young (Concurrent Start) (Metadata GC Threshold)
[2022-12-30T06:12:07.683-0800][gc,task      ] GC(1) Using 4 workers of 4 for evacuation
[2022-12-30T06:12:07.695-0800][gc,phases    ] GC(1)   Pre Evacuate Collection Set: 0.0ms
[2022-12-30T06:12:07.695-0800][gc,phases    ] GC(1)   Evacuate Collection Set: 10.8ms
[2022-12-30T06:12:07.695-0800][gc,phases    ] GC(1)   Post Evacuate Collection Set: 0.5ms
[2022-12-30T06:12:07.695-0800][gc,phases    ] GC(1)   Other: 0.2ms
[2022-12-30T06:12:07.695-0800][gc,heap      ] GC(1) Eden regions: 31->0(49)
[2022-12-30T06:12:07.695-0800][gc,heap      ] GC(1) Survivor regions: 7->2(7)
[2022-12-30T06:12:07.695-0800][gc,heap      ] GC(1) Old regions: 2->9
[2022-12-30T06:12:07.695-0800][gc,heap      ] GC(1) Humongous regions: 0->0
[2022-12-30T06:12:07.695-0800][gc,metaspace ] GC(1) Metaspace: 20667K(21248K)->20667K(21248K) NonClass: 18134K(18432K)->18134K(18432K) Class: 2533K(2816K)->2533K(2816K)
[2022-12-30T06:12:07.695-0800][gc           ] GC(1) Pause Young (Concurrent Start) (Metadata GC Threshold) 38M->8M(1024M) 11.640ms
[2022-12-30T06:12:07.695-0800][gc,cpu       ] GC(1) User=0.04s Sys=0.00s Real=0.01s
[2022-12-30T06:12:07.695-0800][gc           ] GC(2) Concurrent Cycle
[2022-12-30T06:12:07.695-0800][gc,marking   ] GC(2) Concurrent Clear Claimed Marks
[2022-12-30T06:12:07.695-0800][gc,marking   ] GC(2) Concurrent Clear Claimed Marks 0.036ms
[2022-12-30T06:12:07.695-0800][gc,marking   ] GC(2) Concurrent Scan Root Regions
[2022-12-30T06:12:07.696-0800][gc,marking   ] GC(2) Concurrent Scan Root Regions 0.843ms
[2022-12-30T06:12:07.696-0800][gc,marking   ] GC(2) Concurrent Mark (1.350s)
[2022-12-30T06:12:07.696-0800][gc,marking   ] GC(2) Concurrent Mark From Roots
[2022-12-30T06:12:07.696-0800][gc,task      ] GC(2) Using 1 workers of 1 for marking
[2022-12-30T06:12:07.705-0800][gc,marking   ] GC(2) Concurrent Mark From Roots 8.657ms
[2022-12-30T06:12:07.705-0800][gc,marking   ] GC(2) Concurrent Preclean
[2022-12-30T06:12:07.705-0800][gc,marking   ] GC(2) Concurrent Preclean 0.087ms
[2022-12-30T06:12:07.705-0800][gc,marking   ] GC(2) Concurrent Mark (1.350s, 1.358s) 8.797ms
[2022-12-30T06:12:07.705-0800][gc,start     ] GC(2) Pause Remark
[2022-12-30T06:12:07.708-0800][gc,stringtable] GC(2) Cleaned string and symbol table, strings: 5186 processed, 0 removed, symbols: 52548 processed, 44 removed
[2022-12-30T06:12:07.708-0800][gc            ] GC(2) Pause Remark 8M->8M(1024M) 3.269ms
[2022-12-30T06:12:07.708-0800][gc,cpu        ] GC(2) User=0.02s Sys=0.00s Real=0.01s
[2022-12-30T06:12:07.708-0800][gc,marking    ] GC(2) Concurrent Rebuild Remembered Sets
[2022-12-30T06:12:07.715-0800][gc,marking    ] GC(2) Concurrent Rebuild Remembered Sets 6.859ms
[2022-12-30T06:12:07.715-0800][gc,start      ] GC(2) Pause Cleanup
[2022-12-30T06:12:07.716-0800][gc            ] GC(2) Pause Cleanup 9M->9M(1024M) 0.276ms
[2022-12-30T06:12:07.716-0800][gc,cpu        ] GC(2) User=0.00s Sys=0.00s Real=0.00s
[2022-12-30T06:12:07.716-0800][gc,marking    ] GC(2) Concurrent Cleanup for Next Mark
[2022-12-30T06:12:07.730-0800][gc,marking    ] GC(2) Concurrent Cleanup for Next Mark 14.445ms
[2022-12-30T06:12:07.730-0800][gc            ] GC(2) Concurrent Cycle 34.922ms
[2022-12-30T06:12:08.331-0800][gc,start      ] GC(3) Pause Young (Normal) (G1 Evacuation Pause)
[2022-12-30T06:12:08.331-0800][gc,task       ] GC(3) Using 4 workers of 4 for evacuation
[2022-12-30T06:12:08.336-0800][gc,phases     ] GC(3)   Pre Evacuate Collection Set: 0.0ms
[2022-12-30T06:12:08.336-0800][gc,phases     ] GC(3)   Evacuate Collection Set: 4.6ms
[2022-12-30T06:12:08.336-0800][gc,phases     ] GC(3)   Post Evacuate Collection Set: 0.3ms
[2022-12-30T06:12:08.336-0800][gc,phases     ] GC(3)   Other: 0.1ms
[2022-12-30T06:12:08.336-0800][gc,heap       ] GC(3) Eden regions: 49->0(46)
[2022-12-30T06:12:08.336-0800][gc,heap       ] GC(3) Survivor regions: 2->5(7)
[2022-12-30T06:12:08.336-0800][gc,heap       ] GC(3) Old regions: 9->9
[2022-12-30T06:12:08.336-0800][gc,heap       ] GC(3) Humongous regions: 129->129
[2022-12-30T06:12:08.336-0800][gc,metaspace  ] GC(3) Metaspace: 28637K(29696K)->28637K(29696K) NonClass: 25280K(25856K)->25280K(25856K) Class: 3357K(3840K)->3357K(3840K)
[2022-12-30T06:12:08.336-0800][gc            ] GC(3) Pause Young (Normal) (G1 Evacuation Pause) 186M->140M(1024M) 5.142ms
[2022-12-30T06:12:08.336-0800][gc,cpu        ] GC(3) User=0.02s Sys=0.00s Real=0.00s
[2022-12-30T06:12:08.639-0800][gc,start      ] GC(4) Pause Young (Concurrent Start) (Metadata GC Threshold)
[2022-12-30T06:12:08.639-0800][gc,task       ] GC(4) Using 4 workers of 4 for evacuation
[2022-12-30T06:12:08.649-0800][gc,phases     ] GC(4)   Pre Evacuate Collection Set: 0.1ms
[2022-12-30T06:12:08.649-0800][gc,phases     ] GC(4)   Evacuate Collection Set: 8.8ms
[2022-12-30T06:12:08.649-0800][gc,phases     ] GC(4)   Post Evacuate Collection Set: 0.3ms
[2022-12-30T06:12:08.649-0800][gc,phases     ] GC(4)   Other: 0.2ms
[2022-12-30T06:12:08.649-0800][gc,heap       ] GC(4) Eden regions: 31->0(49)
[2022-12-30T06:12:08.649-0800][gc,heap       ] GC(4) Survivor regions: 5->2(7)
[2022-12-30T06:12:08.649-0800][gc,heap       ] GC(4) Old regions: 9->13
[2022-12-30T06:12:08.649-0800][gc,heap       ] GC(4) Humongous regions: 129->129
[2022-12-30T06:12:08.649-0800][gc,metaspace  ] GC(4) Metaspace: 34483K(35840K)->34483K(35840K) NonClass: 30393K(31104K)->30393K(31104K) Class: 4090K(4736K)->4090K(4736K)
[2022-12-30T06:12:08.649-0800][gc            ] GC(4) Pause Young (Concurrent Start) (Metadata GC Threshold) 171M->142M(1024M) 9.410ms
[2022-12-30T06:12:08.649-0800][gc,cpu        ] GC(4) User=0.02s Sys=0.01s Real=0.01s
[2022-12-30T06:12:08.649-0800][gc            ] GC(5) Concurrent Cycle
[2022-12-30T06:12:08.649-0800][gc,marking    ] GC(5) Concurrent Clear Claimed Marks
[2022-12-30T06:12:08.649-0800][gc,marking    ] GC(5) Concurrent Clear Claimed Marks 0.063ms
[2022-12-30T06:12:08.649-0800][gc,marking    ] GC(5) Concurrent Scan Root Regions
[2022-12-30T06:12:08.651-0800][gc,marking    ] GC(5) Concurrent Scan Root Regions 1.183ms
[2022-12-30T06:12:08.651-0800][gc,marking    ] GC(5) Concurrent Mark (2.304s)
[2022-12-30T06:12:08.651-0800][gc,marking    ] GC(5) Concurrent Mark From Roots
[2022-12-30T06:12:08.651-0800][gc,task       ] GC(5) Using 1 workers of 1 for marking
[2022-12-30T06:12:08.670-0800][gc,marking    ] GC(5) Concurrent Mark From Roots 19.185ms
[2022-12-30T06:12:08.670-0800][gc,marking    ] GC(5) Concurrent Preclean
[2022-12-30T06:12:08.670-0800][gc,marking    ] GC(5) Concurrent Preclean 0.084ms
[2022-12-30T06:12:08.670-0800][gc,marking    ] GC(5) Concurrent Mark (2.304s, 2.323s) 19.303ms
[2022-12-30T06:12:08.670-0800][gc,start      ] GC(5) Pause Remark
[2022-12-30T06:12:08.672-0800][gc,stringtable] GC(5) Cleaned string and symbol table, strings: 9767 processed, 11 removed, symbols: 83521 processed, 15 removed
[2022-12-30T06:12:08.672-0800][gc            ] GC(5) Pause Remark 144M->144M(1024M) 2.517ms
[2022-12-30T06:12:08.672-0800][gc,cpu        ] GC(5) User=0.01s Sys=0.00s Real=0.00s
[2022-12-30T06:12:08.673-0800][gc,marking    ] GC(5) Concurrent Rebuild Remembered Sets
[2022-12-30T06:12:08.687-0800][gc,marking    ] GC(5) Concurrent Rebuild Remembered Sets 14.396ms
[2022-12-30T06:12:08.687-0800][gc,start      ] GC(5) Pause Cleanup
[2022-12-30T06:12:08.687-0800][gc            ] GC(5) Pause Cleanup 145M->145M(1024M) 0.132ms
[2022-12-30T06:12:08.687-0800][gc,cpu        ] GC(5) User=0.00s Sys=0.00s Real=0.01s
[2022-12-30T06:12:08.687-0800][gc,marking    ] GC(5) Concurrent Cleanup for Next Mark
[2022-12-30T06:12:08.703-0800][gc,marking    ] GC(5) Concurrent Cleanup for Next Mark 15.754ms
[2022-12-30T06:12:08.703-0800][gc            ] GC(5) Concurrent Cycle 53.766ms
[2022-12-30T06:13:13.002-0800][gc,start      ] GC(6) Pause Young (Normal) (G1 Evacuation Pause)
[2022-12-30T06:13:13.002-0800][gc,task       ] GC(6) Using 4 workers of 4 for evacuation
[2022-12-30T06:13:13.010-0800][gc,phases     ] GC(6)   Pre Evacuate Collection Set: 0.0ms
[2022-12-30T06:13:13.010-0800][gc,phases     ] GC(6)   Evacuate Collection Set: 7.8ms
[2022-12-30T06:13:13.010-0800][gc,phases     ] GC(6)   Post Evacuate Collection Set: 0.4ms
[2022-12-30T06:13:13.010-0800][gc,phases     ] GC(6)   Other: 0.2ms
[2022-12-30T06:13:13.010-0800][gc,heap       ] GC(6) Eden regions: 49->0(46)
[2022-12-30T06:13:13.010-0800][gc,heap       ] GC(6) Survivor regions: 2->5(7)
[2022-12-30T06:13:13.010-0800][gc,heap       ] GC(6) Old regions: 13->13
[2022-12-30T06:13:13.010-0800][gc,heap       ] GC(6) Humongous regions: 129->129
[2022-12-30T06:13:13.010-0800][gc,metaspace  ] GC(6) Metaspace: 41495K(44160K)->41495K(44160K) NonClass: 36047K(37376K)->36047K(37376K) Class: 5447K(6784K)->5447K(6784K)
[2022-12-30T06:13:13.010-0800][gc            ] GC(6) Pause Young (Normal) (G1 Evacuation Pause) 191M->145M(1024M) 8.471ms
[2022-12-30T06:13:13.010-0800][gc,cpu        ] GC(6) User=0.01s Sys=0.00s Real=0.01s
[2022-12-30T06:36:09.145-0800][gc,start      ] GC(7) Pause Young (Normal) (G1 Evacuation Pause)
[2022-12-30T06:36:09.145-0800][gc,task       ] GC(7) Using 4 workers of 4 for evacuation
[2022-12-30T06:36:09.150-0800][gc,phases     ] GC(7)   Pre Evacuate Collection Set: 0.0ms
[2022-12-30T06:36:09.150-0800][gc,phases     ] GC(7)   Evacuate Collection Set: 4.1ms
[2022-12-30T06:36:09.150-0800][gc,phases     ] GC(7)   Post Evacuate Collection Set: 0.6ms
[2022-12-30T06:36:09.150-0800][gc,phases     ] GC(7)   Other: 0.2ms
[2022-12-30T06:36:09.150-0800][gc,heap       ] GC(7) Eden regions: 46->0(46)
[2022-12-30T06:36:09.150-0800][gc,heap       ] GC(7) Survivor regions: 5->5(7)
[2022-12-30T06:36:09.150-0800][gc,heap       ] GC(7) Old regions: 13->15
[2022-12-30T06:36:09.150-0800][gc,heap       ] GC(7) Humongous regions: 129->129
[2022-12-30T06:36:09.150-0800][gc,metaspace  ] GC(7) Metaspace: 42981K(45696K)->42981K(45696K) NonClass: 37487K(38912K)->37487K(38912K) Class: 5493K(6784K)->5493K(6784K)
[2022-12-30T06:36:09.150-0800][gc            ] GC(7) Pause Young (Normal) (G1 Evacuation Pause) 191M->147M(1024M) 5.009ms
[2022-12-30T06:36:09.150-0800][gc,cpu        ] GC(7) User=0.01s Sys=0.00s Real=0.01s
[2022-12-30T07:01:22.980-0800][gc,start      ] GC(8) Pause Young (Normal) (G1 Evacuation Pause)
[2022-12-30T07:01:22.980-0800][gc,task       ] GC(8) Using 4 workers of 4 for evacuation
[2022-12-30T07:01:22.992-0800][gc,phases     ] GC(8)   Pre Evacuate Collection Set: 0.2ms
[2022-12-30T07:01:22.992-0800][gc,phases     ] GC(8)   Evacuate Collection Set: 10.1ms
[2022-12-30T07:01:22.992-0800][gc,phases     ] GC(8)   Post Evacuate Collection Set: 1.1ms
[2022-12-30T07:01:22.992-0800][gc,phases     ] GC(8)   Other: 0.2ms
[2022-12-30T07:01:22.992-0800][gc,heap       ] GC(8) Eden regions: 46->0(48)
[2022-12-30T07:01:22.992-0800][gc,heap       ] GC(8) Survivor regions: 5->3(7)
[2022-12-30T07:01:22.992-0800][gc,heap       ] GC(8) Old regions: 15->18
[2022-12-30T07:01:22.992-0800][gc,heap       ] GC(8) Humongous regions: 129->129
[2022-12-30T07:01:22.992-0800][gc,metaspace  ] GC(8) Metaspace: 43141K(45952K)->43141K(45952K) NonClass: 37643K(39168K)->37643K(39168K) Class: 5498K(6784K)->5498K(6784K)
[2022-12-30T07:01:22.992-0800][gc            ] GC(8) Pause Young (Normal) (G1 Evacuation Pause) 193M->147M(1024M) 11.617ms
[2022-12-30T07:01:22.992-0800][gc,cpu        ] GC(8) User=0.02s Sys=0.00s Real=0.01s
[2022-12-30T07:22:14.030-0800][gc,start      ] GC(9) Pause Young (Normal) (G1 Evacuation Pause)
[2022-12-30T07:22:14.030-0800][gc,task       ] GC(9) Using 4 workers of 4 for evacuation
[2022-12-30T07:22:14.034-0800][gc,phases     ] GC(9)   Pre Evacuate Collection Set: 0.0ms
[2022-12-30T07:22:14.034-0800][gc,phases     ] GC(9)   Evacuate Collection Set: 3.0ms
[2022-12-30T07:22:14.034-0800][gc,phases     ] GC(9)   Post Evacuate Collection Set: 1.2ms
[2022-12-30T07:22:14.034-0800][gc,phases     ] GC(9)   Other: 0.1ms
[2022-12-30T07:22:14.034-0800][gc,heap       ] GC(9) Eden regions: 48->0(48)
[2022-12-30T07:22:14.034-0800][gc,heap       ] GC(9) Survivor regions: 3->3(7)
[2022-12-30T07:22:14.034-0800][gc,heap       ] GC(9) Old regions: 18->18
[2022-12-30T07:22:14.034-0800][gc,heap       ] GC(9) Humongous regions: 129->129
[2022-12-30T07:22:14.034-0800][gc,metaspace  ] GC(9) Metaspace: 43827K(46720K)->43827K(46720K) NonClass: 38196K(39680K)->38196K(39680K) Class: 5630K(7040K)->5630K(7040K)
[2022-12-30T07:22:14.034-0800][gc            ] GC(9) Pause Young (Normal) (G1 Evacuation Pause) 195M->147M(1024M) 4.455ms
[2022-12-30T07:22:14.034-0800][gc,cpu        ] GC(9) User=0.01s Sys=0.00s Real=0.00s
[2022-12-30T07:34:53.045-0800][gc,start      ] GC(10) Pause Young (Normal) (G1 Evacuation Pause)
[2022-12-30T07:34:53.045-0800][gc,task       ] GC(10) Using 4 workers of 4 for evacuation
[2022-12-30T07:34:53.049-0800][gc,phases     ] GC(10)   Pre Evacuate Collection Set: 0.0ms
[2022-12-30T07:34:53.049-0800][gc,phases     ] GC(10)   Evacuate Collection Set: 2.8ms
[2022-12-30T07:34:53.049-0800][gc,phases     ] GC(10)   Post Evacuate Collection Set: 1.2ms
[2022-12-30T07:34:53.049-0800][gc,phases     ] GC(10)   Other: 0.2ms
[2022-12-30T07:34:53.049-0800][gc,heap       ] GC(10) Eden regions: 48->0(48)
[2022-12-30T07:34:53.049-0800][gc,heap       ] GC(10) Survivor regions: 3->3(7)
[2022-12-30T07:34:53.049-0800][gc,heap       ] GC(10) Old regions: 18->18
[2022-12-30T07:34:53.049-0800][gc,heap       ] GC(10) Humongous regions: 129->129
[2022-12-30T07:34:53.049-0800][gc,metaspace  ] GC(10) Metaspace: 44229K(46976K)->44229K(46976K) NonClass: 38533K(39936K)->38533K(39936K) Class: 5696K(7040K)->5696K(7040K)
[2022-12-30T07:34:53.049-0800][gc            ] GC(10) Pause Young (Normal) (G1 Evacuation Pause) 195M->147M(1024M) 4.218ms
[2022-12-30T07:34:53.049-0800][gc,cpu        ] GC(10) User=0.01s Sys=0.00s Real=0.01s
[2022-12-30T07:47:10.372-0800][gc,start      ] GC(11) Pause Young (Normal) (G1 Evacuation Pause)
[2022-12-30T07:47:10.372-0800][gc,task       ] GC(11) Using 4 workers of 4 for evacuation
[2022-12-30T07:47:10.377-0800][gc,phases     ] GC(11)   Pre Evacuate Collection Set: 0.0ms
[2022-12-30T07:47:10.377-0800][gc,phases     ] GC(11)   Evacuate Collection Set: 3.0ms
[2022-12-30T07:47:10.377-0800][gc,phases     ] GC(11)   Post Evacuate Collection Set: 1.1ms
[2022-12-30T07:47:10.377-0800][gc,phases     ] GC(11)   Other: 0.2ms
[2022-12-30T07:47:10.377-0800][gc,heap       ] GC(11) Eden regions: 48->0(57)
[2022-12-30T07:47:10.377-0800][gc,heap       ] GC(11) Survivor regions: 3->3(7)
[2022-12-30T07:47:10.377-0800][gc,heap       ] GC(11) Old regions: 18->18
[2022-12-30T07:47:10.377-0800][gc,heap       ] GC(11) Humongous regions: 129->129
[2022-12-30T07:47:10.377-0800][gc,metaspace  ] GC(11) Metaspace: 44236K(46976K)->44236K(46976K) NonClass: 38539K(39936K)->38539K(39936K) Class: 5696K(7040K)->5696K(7040K)
[2022-12-30T07:47:10.377-0800][gc            ] GC(11) Pause Young (Normal) (G1 Evacuation Pause) 195M->147M(1024M) 4.333ms
[2022-12-30T07:47:10.377-0800][gc,cpu        ] GC(11) User=0.02s Sys=0.00s Real=0.00s
[2022-12-30T08:02:10.298-0800][gc,start      ] GC(12) Pause Young (Normal) (G1 Evacuation Pause)
[2022-12-30T08:02:10.298-0800][gc,task       ] GC(12) Using 4 workers of 4 for evacuation
[2022-12-30T08:02:10.303-0800][gc,phases     ] GC(12)   Pre Evacuate Collection Set: 0.0ms
[2022-12-30T08:02:10.303-0800][gc,phases     ] GC(12)   Evacuate Collection Set: 3.3ms
[2022-12-30T08:02:10.303-0800][gc,phases     ] GC(12)   Post Evacuate Collection Set: 1.7ms
[2022-12-30T08:02:10.303-0800][gc,phases     ] GC(12)   Other: 0.2ms
[2022-12-30T08:02:10.303-0800][gc,heap       ] GC(12) Eden regions: 57->0(65)
[2022-12-30T08:02:10.303-0800][gc,heap       ] GC(12) Survivor regions: 3->4(8)
[2022-12-30T08:02:10.303-0800][gc,heap       ] GC(12) Old regions: 18->18
[2022-12-30T08:02:10.303-0800][gc,heap       ] GC(12) Humongous regions: 129->129
[2022-12-30T08:02:10.303-0800][gc,metaspace  ] GC(12) Metaspace: 44257K(47232K)->44257K(47232K) NonClass: 38561K(40192K)->38561K(40192K) Class: 5696K(7040K)->5696K(7040K)
[2022-12-30T08:02:10.303-0800][gc            ] GC(12) Pause Young (Normal) (G1 Evacuation Pause) 204M->148M(1024M) 5.207ms
[2022-12-30T08:02:10.303-0800][gc,cpu        ] GC(12) User=0.02s Sys=0.00s Real=0.01s
[2022-12-30T08:18:37.751-0800][gc,start      ] GC(13) Pause Young (Normal) (G1 Evacuation Pause)
[2022-12-30T08:18:37.751-0800][gc,task       ] GC(13) Using 4 workers of 4 for evacuation
[2022-12-30T08:18:37.755-0800][gc,phases     ] GC(13)   Pre Evacuate Collection Set: 0.0ms
[2022-12-30T08:18:37.755-0800][gc,phases     ] GC(13)   Evacuate Collection Set: 3.3ms
[2022-12-30T08:18:37.755-0800][gc,phases     ] GC(13)   Post Evacuate Collection Set: 1.0ms
[2022-12-30T08:18:37.755-0800][gc,phases     ] GC(13)   Other: 0.2ms
[2022-12-30T08:18:37.755-0800][gc,heap       ] GC(13) Eden regions: 65->0(116)
[2022-12-30T08:18:37.755-0800][gc,heap       ] GC(13) Survivor regions: 4->3(9)
[2022-12-30T08:18:37.755-0800][gc,heap       ] GC(13) Old regions: 18->18
[2022-12-30T08:18:37.755-0800][gc,heap       ] GC(13) Humongous regions: 129->129
[2022-12-30T08:18:37.755-0800][gc,metaspace  ] GC(13) Metaspace: 44265K(47232K)->44265K(47232K) NonClass: 38569K(40192K)->38569K(40192K) Class: 5696K(7040K)->5696K(7040K)
[2022-12-30T08:18:37.755-0800][gc            ] GC(13) Pause Young (Normal) (G1 Evacuation Pause) 213M->147M(1024M) 4.449ms
[2022-12-30T08:18:37.755-0800][gc,cpu        ] GC(13) User=0.02s Sys=0.00s Real=0.00s
[2022-12-30T08:49:46.460-0800][gc,start      ] GC(14) Pause Young (Normal) (G1 Evacuation Pause)
[2022-12-30T08:49:46.460-0800][gc,task       ] GC(14) Using 4 workers of 4 for evacuation
[2022-12-30T08:49:46.466-0800][gc,phases     ] GC(14)   Pre Evacuate Collection Set: 0.0ms
[2022-12-30T08:49:46.466-0800][gc,phases     ] GC(14)   Evacuate Collection Set: 4.5ms
[2022-12-30T08:49:46.466-0800][gc,phases     ] GC(14)   Post Evacuate Collection Set: 1.3ms
[2022-12-30T08:49:46.466-0800][gc,phases     ] GC(14)   Other: 0.2ms
[2022-12-30T08:49:46.466-0800][gc,heap       ] GC(14) Eden regions: 116->0(145)
[2022-12-30T08:49:46.466-0800][gc,heap       ] GC(14) Survivor regions: 3->4(15)
[2022-12-30T08:49:46.466-0800][gc,heap       ] GC(14) Old regions: 18->18
[2022-12-30T08:49:46.466-0800][gc,heap       ] GC(14) Humongous regions: 129->129
[2022-12-30T08:49:46.466-0800][gc,metaspace  ] GC(14) Metaspace: 44289K(47232K)->44289K(47232K) NonClass: 38593K(40192K)->38593K(40192K) Class: 5696K(7040K)->5696K(7040K)
[2022-12-30T08:49:46.466-0800][gc            ] GC(14) Pause Young (Normal) (G1 Evacuation Pause) 263M->148M(1024M) 5.966ms
[2022-12-30T08:49:46.466-0800][gc,cpu        ] GC(14) User=0.01s Sys=0.00s Real=0.00s
[2022-12-30T09:28:09.414-0800][gc,start      ] GC(15) Pause Young (Normal) (G1 Evacuation Pause)
[2022-12-30T09:28:09.414-0800][gc,task       ] GC(15) Using 4 workers of 4 for evacuation
[2022-12-30T09:28:09.419-0800][gc,phases     ] GC(15)   Pre Evacuate Collection Set: 0.0ms
[2022-12-30T09:28:09.419-0800][gc,phases     ] GC(15)   Evacuate Collection Set: 3.6ms
[2022-12-30T09:28:09.419-0800][gc,phases     ] GC(15)   Post Evacuate Collection Set: 1.0ms
[2022-12-30T09:28:09.419-0800][gc,phases     ] GC(15)   Other: 0.2ms
[2022-12-30T09:28:09.419-0800][gc,heap       ] GC(15) Eden regions: 145->0(203)
[2022-12-30T09:28:09.419-0800][gc,heap       ] GC(15) Survivor regions: 4->4(19)
[2022-12-30T09:28:09.419-0800][gc,heap       ] GC(15) Old regions: 18->18
[2022-12-30T09:28:09.419-0800][gc,heap       ] GC(15) Humongous regions: 129->129
[2022-12-30T09:28:09.419-0800][gc,metaspace  ] GC(15) Metaspace: 44323K(47232K)->44323K(47232K) NonClass: 38627K(40192K)->38627K(40192K) Class: 5696K(7040K)->5696K(7040K)
[2022-12-30T09:28:09.419-0800][gc            ] GC(15) Pause Young (Normal) (G1 Evacuation Pause) 293M->148M(1024M) 4.883ms
[2022-12-30T09:28:09.419-0800][gc,cpu        ] GC(15) User=0.01s Sys=0.00s Real=0.00s
[2022-12-30T10:22:24.961-0800][gc,start      ] GC(16) Pause Young (Normal) (G1 Evacuation Pause)
[2022-12-30T10:22:24.961-0800][gc,task       ] GC(16) Using 4 workers of 4 for evacuation
[2022-12-30T10:22:24.965-0800][gc,phases     ] GC(16)   Pre Evacuate Collection Set: 0.0ms
[2022-12-30T10:22:24.965-0800][gc,phases     ] GC(16)   Evacuate Collection Set: 3.0ms
[2022-12-30T10:22:24.965-0800][gc,phases     ] GC(16)   Post Evacuate Collection Set: 1.2ms
[2022-12-30T10:22:24.965-0800][gc,phases     ] GC(16)   Other: 0.2ms
[2022-12-30T10:22:24.965-0800][gc,heap       ] GC(16) Eden regions: 203->0(282)
[2022-12-30T10:22:24.965-0800][gc,heap       ] GC(16) Survivor regions: 4->4(26)
[2022-12-30T10:22:24.965-0800][gc,heap       ] GC(16) Old regions: 18->18
[2022-12-30T10:22:24.965-0800][gc,heap       ] GC(16) Humongous regions: 129->129
[2022-12-30T10:22:24.965-0800][gc,metaspace  ] GC(16) Metaspace: 44360K(47232K)->44360K(47232K) NonClass: 38664K(40192K)->38664K(40192K) Class: 5696K(7040K)->5696K(7040K)
[2022-12-30T10:22:24.965-0800][gc            ] GC(16) Pause Young (Normal) (G1 Evacuation Pause) 351M->148M(1024M) 4.478ms
[2022-12-30T10:22:24.965-0800][gc,cpu        ] GC(16) User=0.02s Sys=0.00s Real=0.00s
[2022-12-30T11:38:14.835-0800][gc,start      ] GC(17) Pause Young (Normal) (G1 Evacuation Pause)
[2022-12-30T11:38:14.835-0800][gc,task       ] GC(17) Using 4 workers of 4 for evacuation
[2022-12-30T11:38:14.840-0800][gc,phases     ] GC(17)   Pre Evacuate Collection Set: 0.0ms
[2022-12-30T11:38:14.840-0800][gc,phases     ] GC(17)   Evacuate Collection Set: 3.6ms
[2022-12-30T11:38:14.840-0800][gc,phases     ] GC(17)   Post Evacuate Collection Set: 1.1ms
[2022-12-30T11:38:14.840-0800][gc,phases     ] GC(17)   Other: 0.2ms
[2022-12-30T11:38:14.840-0800][gc,heap       ] GC(17) Eden regions: 282->0(611)
[2022-12-30T11:38:14.840-0800][gc,heap       ] GC(17) Survivor regions: 4->3(36)
[2022-12-30T11:38:14.840-0800][gc,heap       ] GC(17) Old regions: 18->18
[2022-12-30T11:38:14.840-0800][gc,heap       ] GC(17) Humongous regions: 129->129
[2022-12-30T11:38:14.840-0800][gc,metaspace  ] GC(17) Metaspace: 44413K(47232K)->44413K(47232K) NonClass: 38717K(40192K)->38717K(40192K) Class: 5696K(7040K)->5696K(7040K)
[2022-12-30T11:38:14.840-0800][gc            ] GC(17) Pause Young (Normal) (G1 Evacuation Pause) 430M->147M(1024M) 4.983ms
[2022-12-30T11:38:14.840-0800][gc,cpu        ] GC(17) User=0.01s Sys=0.00s Real=0.01s
[2022-12-30T16:22:35.760-0800][gc,start      ] GC(18) Pause Young (Normal) (G1 Evacuation Pause)
[2022-12-30T16:22:35.760-0800][gc,task       ] GC(18) Using 4 workers of 4 for evacuation
[2022-12-30T16:22:35.765-0800][gc,phases     ] GC(18)   Pre Evacuate Collection Set: 0.0ms
[2022-12-30T16:22:35.765-0800][gc,phases     ] GC(18)   Evacuate Collection Set: 3.4ms
[2022-12-30T16:22:35.765-0800][gc,phases     ] GC(18)   Post Evacuate Collection Set: 1.4ms
[2022-12-30T16:22:35.765-0800][gc,phases     ] GC(18)   Other: 0.2ms
[2022-12-30T16:22:35.765-0800][gc,heap       ] GC(18) Eden regions: 611->0(610)
[2022-12-30T16:22:35.765-0800][gc,heap       ] GC(18) Survivor regions: 3->4(77)
[2022-12-30T16:22:35.765-0800][gc,heap       ] GC(18) Old regions: 18->18
[2022-12-30T16:22:35.765-0800][gc,heap       ] GC(18) Humongous regions: 129->129
[2022-12-30T16:22:35.765-0800][gc,metaspace  ] GC(18) Metaspace: 44475K(47488K)->44475K(47488K) NonClass: 38779K(40448K)->38779K(40448K) Class: 5696K(7040K)->5696K(7040K)
[2022-12-30T16:22:35.765-0800][gc            ] GC(18) Pause Young (Normal) (G1 Evacuation Pause) 758M->148M(1024M) 5.019ms
[2022-12-30T16:22:35.765-0800][gc,cpu        ] GC(18) User=0.02s Sys=0.01s Real=0.00s
[2022-12-30T19:07:27.561-0800][gc,start      ] GC(19) Pause Young (Normal) (G1 Evacuation Pause)
[2022-12-30T19:07:27.562-0800][gc,task       ] GC(19) Using 4 workers of 4 for evacuation
[2022-12-30T19:07:27.568-0800][gc,phases     ] GC(19)   Pre Evacuate Collection Set: 0.1ms
[2022-12-30T19:07:27.568-0800][gc,phases     ] GC(19)   Evacuate Collection Set: 3.7ms
[2022-12-30T19:07:27.568-0800][gc,phases     ] GC(19)   Post Evacuate Collection Set: 1.7ms
[2022-12-30T19:07:27.568-0800][gc,phases     ] GC(19)   Other: 1.8ms
[2022-12-30T19:07:27.568-0800][gc,heap       ] GC(19) Eden regions: 610->0(610)
[2022-12-30T19:07:27.568-0800][gc,heap       ] GC(19) Survivor regions: 4->4(77)
[2022-12-30T19:07:27.568-0800][gc,heap       ] GC(19) Old regions: 18->18
[2022-12-30T19:07:27.568-0800][gc,heap       ] GC(19) Humongous regions: 129->129
[2022-12-30T19:07:27.568-0800][gc,metaspace  ] GC(19) Metaspace: 44519K(47488K)->44519K(47488K) NonClass: 38823K(40448K)->38823K(40448K) Class: 5696K(7040K)->5696K(7040K)
[2022-12-30T19:07:27.568-0800][gc            ] GC(19) Pause Young (Normal) (G1 Evacuation Pause) 758M->148M(1024M) 7.253ms
[2022-12-30T19:07:27.568-0800][gc,cpu        ] GC(19) User=0.01s Sys=0.00s Real=0.00s
[2022-12-30T21:51:30.356-0800][gc,start      ] GC(20) Pause Young (Normal) (G1 Evacuation Pause)
[2022-12-30T21:51:30.356-0800][gc,task       ] GC(20) Using 4 workers of 4 for evacuation
[2022-12-30T21:51:30.361-0800][gc,phases     ] GC(20)   Pre Evacuate Collection Set: 0.0ms
[2022-12-30T21:51:30.361-0800][gc,phases     ] GC(20)   Evacuate Collection Set: 3.7ms
[2022-12-30T21:51:30.361-0800][gc,phases     ] GC(20)   Post Evacuate Collection Set: 1.3ms
[2022-12-30T21:51:30.361-0800][gc,phases     ] GC(20)   Other: 0.2ms
[2022-12-30T21:51:30.361-0800][gc,heap       ] GC(20) Eden regions: 610->0(609)
[2022-12-30T21:51:30.361-0800][gc,heap       ] GC(20) Survivor regions: 4->5(77)
[2022-12-30T21:51:30.361-0800][gc,heap       ] GC(20) Old regions: 18->18
[2022-12-30T21:51:30.361-0800][gc,heap       ] GC(20) Humongous regions: 129->129
[2022-12-30T21:51:30.361-0800][gc,metaspace  ] GC(20) Metaspace: 44524K(47488K)->44524K(47488K) NonClass: 38827K(40448K)->38827K(40448K) Class: 5696K(7040K)->5696K(7040K)
[2022-12-30T21:51:30.361-0800][gc            ] GC(20) Pause Young (Normal) (G1 Evacuation Pause) 758M->149M(1024M) 5.334ms
[2022-12-30T21:51:30.361-0800][gc,cpu        ] GC(20) User=0.02s Sys=0.00s Real=0.01s
[2022-12-31T00:35:11.877-0800][gc,start      ] GC(21) Pause Young (Normal) (G1 Evacuation Pause)
[2022-12-31T00:35:11.877-0800][gc,task       ] GC(21) Using 4 workers of 4 for evacuation
[2022-12-31T00:35:11.883-0800][gc,phases     ] GC(21)   Pre Evacuate Collection Set: 0.0ms
[2022-12-31T00:35:11.883-0800][gc,phases     ] GC(21)   Evacuate Collection Set: 4.1ms
[2022-12-31T00:35:11.883-0800][gc,phases     ] GC(21)   Post Evacuate Collection Set: 1.6ms
[2022-12-31T00:35:11.883-0800][gc,phases     ] GC(21)   Other: 0.2ms
[2022-12-31T00:35:11.883-0800][gc,heap       ] GC(21) Eden regions: 609->0(610)
[2022-12-31T00:35:11.883-0800][gc,heap       ] GC(21) Survivor regions: 5->4(77)
[2022-12-31T00:35:11.883-0800][gc,heap       ] GC(21) Old regions: 18->18
[2022-12-31T00:35:11.883-0800][gc,heap       ] GC(21) Humongous regions: 129->129
[2022-12-31T00:35:11.883-0800][gc,metaspace  ] GC(21) Metaspace: 44532K(47488K)->44532K(47488K) NonClass: 38836K(40448K)->38836K(40448K) Class: 5696K(7040K)->5696K(7040K)
[2022-12-31T00:35:11.883-0800][gc            ] GC(21) Pause Young (Normal) (G1 Evacuation Pause) 758M->148M(1024M) 5.938ms
[2022-12-31T00:35:11.883-0800][gc,cpu        ] GC(21) User=0.02s Sys=0.00s Real=0.00s
[2022-12-31T03:18:45.760-0800][gc,start      ] GC(22) Pause Young (Normal) (G1 Evacuation Pause)
[2022-12-31T03:18:45.760-0800][gc,task       ] GC(22) Using 4 workers of 4 for evacuation
[2022-12-31T03:18:45.765-0800][gc,phases     ] GC(22)   Pre Evacuate Collection Set: 0.0ms
[2022-12-31T03:18:45.765-0800][gc,phases     ] GC(22)   Evacuate Collection Set: 3.4ms
[2022-12-31T03:18:45.765-0800][gc,phases     ] GC(22)   Post Evacuate Collection Set: 1.3ms
[2022-12-31T03:18:45.765-0800][gc,phases     ] GC(22)   Other: 0.2ms
[2022-12-31T03:18:45.765-0800][gc,heap       ] GC(22) Eden regions: 610->0(609)
[2022-12-31T03:18:45.765-0800][gc,heap       ] GC(22) Survivor regions: 4->5(77)
[2022-12-31T03:18:45.765-0800][gc,heap       ] GC(22) Old regions: 18->18
[2022-12-31T03:18:45.765-0800][gc,heap       ] GC(22) Humongous regions: 129->129
[2022-12-31T03:18:45.765-0800][gc,metaspace  ] GC(22) Metaspace: 44574K(47488K)->44574K(47488K) NonClass: 38878K(40448K)->38878K(40448K) Class: 5696K(7040K)->5696K(7040K)
[2022-12-31T03:18:45.765-0800][gc            ] GC(22) Pause Young (Normal) (G1 Evacuation Pause) 758M->149M(1024M) 4.953ms
[2022-12-31T03:18:45.765-0800][gc,cpu        ] GC(22) User=0.01s Sys=0.00s Real=0.00s
[2022-12-31T05:54:51.159-0800][gc,heap,exit  ] Heap
[2022-12-31T05:54:51.160-0800][gc,heap,exit  ]  garbage-first heap   total 1048576K, used 760052K [0x00000000c0000000, 0x0000000100000000)
[2022-12-31T05:54:51.160-0800][gc,heap,exit  ]   region size 1024K, 599 young (613376K), 5 survivors (5120K)
[2022-12-31T05:54:51.160-0800][gc,heap,exit  ]  Metaspace       used 45473K, capacity 48433K, committed 48640K, reserved 1091584K
[2022-12-31T05:54:51.160-0800][gc,heap,exit  ]   class space    used 5908K, capacity 7333K, committed 7424K, reserved 1048576K
