[2023-03-22T11:02:44.861-0700][gc,heap] Heap region size: 1M
[2023-03-22T11:02:44.871-0700][gc     ] Using G1
[2023-03-22T11:02:44.871-0700][gc,heap,coops] Heap address: 0x00000000c0000000, size: 1024 MB, Compressed Oops mode: 32-bit
[2023-03-22T11:02:44.871-0700][gc,cds       ] Mark closed archive regions in map: [0x00000000fff00000, 0x00000000fff6aff8]
[2023-03-22T11:02:44.871-0700][gc,cds       ] Mark open archive regions in map: [0x00000000ffe00000, 0x00000000ffe47ff8]
[2023-03-22T11:02:45.615-0700][gc,start     ] GC(0) Pause Young (Normal) (G1 Evacuation Pause)
[2023-03-22T11:02:45.615-0700][gc,task      ] GC(0) Using 4 workers of 4 for evacuation
[2023-03-22T11:02:45.623-0700][gc,phases    ] GC(0)   Pre Evacuate Collection Set: 0.0ms
[2023-03-22T11:02:45.623-0700][gc,phases    ] GC(0)   Evacuate Collection Set: 7.8ms
[2023-03-22T11:02:45.623-0700][gc,phases    ] GC(0)   Post Evacuate Collection Set: 0.4ms
[2023-03-22T11:02:45.623-0700][gc,phases    ] GC(0)   Other: 0.4ms
[2023-03-22T11:02:45.623-0700][gc,heap      ] GC(0) Eden regions: 51->0(44)
[2023-03-22T11:02:45.623-0700][gc,heap      ] GC(0) Survivor regions: 0->7(7)
[2023-03-22T11:02:45.623-0700][gc,heap      ] GC(0) Old regions: 2->2
[2023-03-22T11:02:45.623-0700][gc,heap      ] GC(0) Humongous regions: 0->0
[2023-03-22T11:02:45.623-0700][gc,metaspace ] GC(0) Metaspace: 14115K(14848K)->14115K(14848K) NonClass: 12361K(12800K)->12361K(12800K) Class: 1754K(2048K)->1754K(2048K)
[2023-03-22T11:02:45.623-0700][gc           ] GC(0) Pause Young (Normal) (G1 Evacuation Pause) 51M->7M(1024M) 8.629ms
[2023-03-22T11:02:45.623-0700][gc,cpu       ] GC(0) User=0.02s Sys=0.01s Real=0.02s
[2023-03-22T11:02:59.220-0700][gc,heap,exit ] Heap
[2023-03-22T11:02:59.220-0700][gc,heap,exit ]  garbage-first heap   total 1048576K, used 13765K [0x00000000c0000000, 0x0000000100000000)
[2023-03-22T11:02:59.220-0700][gc,heap,exit ]   region size 1024K, 14 young (14336K), 7 survivors (7168K)
[2023-03-22T11:02:59.220-0700][gc,heap,exit ]  Metaspace       used 15063K, capacity 15526K, committed 15744K, reserved 1062912K
[2023-03-22T11:02:59.220-0700][gc,heap,exit ]   class space    used 1869K, capacity 2066K, committed 2176K, reserved 1048576K
