[2022-12-31T06:43:24.559-0800][gc,heap] Heap region size: 1M
[2022-12-31T06:43:24.568-0800][gc     ] Using G1
[2022-12-31T06:43:24.568-0800][gc,heap,coops] Heap address: 0x00000000c0000000, size: 1024 MB, Compressed Oops mode: 32-bit
[2022-12-31T06:43:24.569-0800][gc,cds       ] Mark closed archive regions in map: [0x00000000fff00000, 0x00000000fff6aff8]
[2022-12-31T06:43:24.569-0800][gc,cds       ] Mark open archive regions in map: [0x00000000ffe00000, 0x00000000ffe47ff8]
[2022-12-31T06:43:25.384-0800][gc,start     ] GC(0) Pause Young (Normal) (G1 Evacuation Pause)
[2022-12-31T06:43:25.385-0800][gc,task      ] GC(0) Using 4 workers of 4 for evacuation
[2022-12-31T06:43:25.392-0800][gc,phases    ] GC(0)   Pre Evacuate Collection Set: 0.0ms
[2022-12-31T06:43:25.392-0800][gc,phases    ] GC(0)   Evacuate Collection Set: 6.9ms
[2022-12-31T06:43:25.392-0800][gc,phases    ] GC(0)   Post Evacuate Collection Set: 0.4ms
[2022-12-31T06:43:25.392-0800][gc,phases    ] GC(0)   Other: 0.7ms
[2022-12-31T06:43:25.392-0800][gc,heap      ] GC(0) Eden regions: 51->0(44)
[2022-12-31T06:43:25.392-0800][gc,heap      ] GC(0) Survivor regions: 0->7(7)
[2022-12-31T06:43:25.392-0800][gc,heap      ] GC(0) Old regions: 2->2
[2022-12-31T06:43:25.392-0800][gc,heap      ] GC(0) Humongous regions: 0->0
[2022-12-31T06:43:25.392-0800][gc,metaspace ] GC(0) Metaspace: 14121K(14848K)->14121K(14848K) NonClass: 12361K(12800K)->12361K(12800K) Class: 1760K(2048K)->1760K(2048K)
[2022-12-31T06:43:25.392-0800][gc           ] GC(0) Pause Young (Normal) (G1 Evacuation Pause) 51M->7M(1024M) 8.100ms
[2022-12-31T06:43:25.392-0800][gc,cpu       ] GC(0) User=0.02s Sys=0.00s Real=0.01s
[2022-12-31T06:43:25.861-0800][gc,start     ] GC(1) Pause Young (Concurrent Start) (Metadata GC Threshold)
[2022-12-31T06:43:25.861-0800][gc,task      ] GC(1) Using 4 workers of 4 for evacuation
[2022-12-31T06:43:25.879-0800][gc,phases    ] GC(1)   Pre Evacuate Collection Set: 0.1ms
[2022-12-31T06:43:25.879-0800][gc,phases    ] GC(1)   Evacuate Collection Set: 16.6ms
[2022-12-31T06:43:25.879-0800][gc,phases    ] GC(1)   Post Evacuate Collection Set: 0.4ms
[2022-12-31T06:43:25.879-0800][gc,phases    ] GC(1)   Other: 0.2ms
[2022-12-31T06:43:25.879-0800][gc,heap      ] GC(1) Eden regions: 31->0(49)
[2022-12-31T06:43:25.879-0800][gc,heap      ] GC(1) Survivor regions: 7->2(7)
[2022-12-31T06:43:25.879-0800][gc,heap      ] GC(1) Old regions: 2->9
[2022-12-31T06:43:25.879-0800][gc,heap      ] GC(1) Humongous regions: 0->0
[2022-12-31T06:43:25.879-0800][gc,metaspace ] GC(1) Metaspace: 20663K(21248K)->20663K(21248K) NonClass: 18130K(18432K)->18130K(18432K) Class: 2533K(2816K)->2533K(2816K)
[2022-12-31T06:43:25.879-0800][gc           ] GC(1) Pause Young (Concurrent Start) (Metadata GC Threshold) 37M->8M(1024M) 17.340ms
[2022-12-31T06:43:25.879-0800][gc,cpu       ] GC(1) User=0.04s Sys=0.00s Real=0.02s
[2022-12-31T06:43:25.879-0800][gc           ] GC(2) Concurrent Cycle
[2022-12-31T06:43:25.879-0800][gc,marking   ] GC(2) Concurrent Clear Claimed Marks
[2022-12-31T06:43:25.879-0800][gc,marking   ] GC(2) Concurrent Clear Claimed Marks 0.040ms
[2022-12-31T06:43:25.879-0800][gc,marking   ] GC(2) Concurrent Scan Root Regions
[2022-12-31T06:43:25.880-0800][gc,marking   ] GC(2) Concurrent Scan Root Regions 1.310ms
[2022-12-31T06:43:25.880-0800][gc,marking   ] GC(2) Concurrent Mark (1.345s)
[2022-12-31T06:43:25.880-0800][gc,marking   ] GC(2) Concurrent Mark From Roots
[2022-12-31T06:43:25.880-0800][gc,task      ] GC(2) Using 1 workers of 1 for marking
[2022-12-31T06:43:25.892-0800][gc,marking   ] GC(2) Concurrent Mark From Roots 11.766ms
[2022-12-31T06:43:25.892-0800][gc,marking   ] GC(2) Concurrent Preclean
[2022-12-31T06:43:25.892-0800][gc,marking   ] GC(2) Concurrent Preclean 0.091ms
[2022-12-31T06:43:25.892-0800][gc,marking   ] GC(2) Concurrent Mark (1.345s, 1.357s) 11.892ms
[2022-12-31T06:43:25.892-0800][gc,start     ] GC(2) Pause Remark
[2022-12-31T06:43:25.895-0800][gc,stringtable] GC(2) Cleaned string and symbol table, strings: 5187 processed, 0 removed, symbols: 52599 processed, 44 removed
[2022-12-31T06:43:25.895-0800][gc            ] GC(2) Pause Remark 8M->8M(1024M) 2.792ms
[2022-12-31T06:43:25.895-0800][gc,cpu        ] GC(2) User=0.00s Sys=0.00s Real=0.01s
[2022-12-31T06:43:25.895-0800][gc,marking    ] GC(2) Concurrent Rebuild Remembered Sets
[2022-12-31T06:43:25.899-0800][gc,marking    ] GC(2) Concurrent Rebuild Remembered Sets 3.841ms
[2022-12-31T06:43:25.899-0800][gc,start      ] GC(2) Pause Cleanup
[2022-12-31T06:43:25.899-0800][gc            ] GC(2) Pause Cleanup 9M->9M(1024M) 0.210ms
[2022-12-31T06:43:25.899-0800][gc,cpu        ] GC(2) User=0.00s Sys=0.00s Real=0.00s
[2022-12-31T06:43:25.899-0800][gc,marking    ] GC(2) Concurrent Cleanup for Next Mark
[2022-12-31T06:43:25.911-0800][gc,marking    ] GC(2) Concurrent Cleanup for Next Mark 11.455ms
[2022-12-31T06:43:25.911-0800][gc            ] GC(2) Concurrent Cycle 32.238ms
[2022-12-31T06:43:26.479-0800][gc,start      ] GC(3) Pause Young (Normal) (G1 Evacuation Pause)
[2022-12-31T06:43:26.479-0800][gc,task       ] GC(3) Using 4 workers of 4 for evacuation
[2022-12-31T06:43:26.482-0800][gc,phases     ] GC(3)   Pre Evacuate Collection Set: 0.0ms
[2022-12-31T06:43:26.482-0800][gc,phases     ] GC(3)   Evacuate Collection Set: 3.0ms
[2022-12-31T06:43:26.482-0800][gc,phases     ] GC(3)   Post Evacuate Collection Set: 0.3ms
[2022-12-31T06:43:26.482-0800][gc,phases     ] GC(3)   Other: 0.1ms
[2022-12-31T06:43:26.482-0800][gc,heap       ] GC(3) Eden regions: 49->0(46)
[2022-12-31T06:43:26.482-0800][gc,heap       ] GC(3) Survivor regions: 2->5(7)
[2022-12-31T06:43:26.482-0800][gc,heap       ] GC(3) Old regions: 9->9
[2022-12-31T06:43:26.482-0800][gc,heap       ] GC(3) Humongous regions: 129->129
[2022-12-31T06:43:26.482-0800][gc,metaspace  ] GC(3) Metaspace: 28600K(29696K)->28600K(29696K) NonClass: 25247K(25856K)->25247K(25856K) Class: 3352K(3840K)->3352K(3840K)
[2022-12-31T06:43:26.482-0800][gc            ] GC(3) Pause Young (Normal) (G1 Evacuation Pause) 186M->140M(1024M) 3.580ms
[2022-12-31T06:43:26.482-0800][gc,cpu        ] GC(3) User=0.01s Sys=0.00s Real=0.00s
[2022-12-31T06:43:26.830-0800][gc,start      ] GC(4) Pause Young (Concurrent Start) (Metadata GC Threshold)
[2022-12-31T06:43:26.831-0800][gc,task       ] GC(4) Using 4 workers of 4 for evacuation
[2022-12-31T06:43:26.839-0800][gc,phases     ] GC(4)   Pre Evacuate Collection Set: 0.1ms
[2022-12-31T06:43:26.839-0800][gc,phases     ] GC(4)   Evacuate Collection Set: 7.6ms
[2022-12-31T06:43:26.839-0800][gc,phases     ] GC(4)   Post Evacuate Collection Set: 0.9ms
[2022-12-31T06:43:26.839-0800][gc,phases     ] GC(4)   Other: 0.2ms
[2022-12-31T06:43:26.839-0800][gc,heap       ] GC(4) Eden regions: 32->0(49)
[2022-12-31T06:43:26.839-0800][gc,heap       ] GC(4) Survivor regions: 5->2(7)
[2022-12-31T06:43:26.839-0800][gc,heap       ] GC(4) Old regions: 9->14
[2022-12-31T06:43:26.839-0800][gc,heap       ] GC(4) Humongous regions: 129->129
[2022-12-31T06:43:26.839-0800][gc,metaspace  ] GC(4) Metaspace: 34546K(35840K)->34546K(35840K) NonClass: 30445K(31104K)->30445K(31104K) Class: 4100K(4736K)->4100K(4736K)
[2022-12-31T06:43:26.839-0800][gc            ] GC(4) Pause Young (Concurrent Start) (Metadata GC Threshold) 172M->142M(1024M) 8.888ms
[2022-12-31T06:43:26.839-0800][gc,cpu        ] GC(4) User=0.02s Sys=0.00s Real=0.01s
[2022-12-31T06:43:26.839-0800][gc            ] GC(5) Concurrent Cycle
[2022-12-31T06:43:26.839-0800][gc,marking    ] GC(5) Concurrent Clear Claimed Marks
[2022-12-31T06:43:26.840-0800][gc,marking    ] GC(5) Concurrent Clear Claimed Marks 0.097ms
[2022-12-31T06:43:26.840-0800][gc,marking    ] GC(5) Concurrent Scan Root Regions
[2022-12-31T06:43:26.841-0800][gc,marking    ] GC(5) Concurrent Scan Root Regions 1.266ms
[2022-12-31T06:43:26.841-0800][gc,marking    ] GC(5) Concurrent Mark (2.306s)
[2022-12-31T06:43:26.841-0800][gc,marking    ] GC(5) Concurrent Mark From Roots
[2022-12-31T06:43:26.841-0800][gc,task       ] GC(5) Using 1 workers of 1 for marking
[2022-12-31T06:43:26.878-0800][gc,marking    ] GC(5) Concurrent Mark From Roots 36.931ms
[2022-12-31T06:43:26.878-0800][gc,marking    ] GC(5) Concurrent Preclean
[2022-12-31T06:43:26.878-0800][gc,marking    ] GC(5) Concurrent Preclean 0.087ms
[2022-12-31T06:43:26.878-0800][gc,marking    ] GC(5) Concurrent Mark (2.306s, 2.343s) 37.054ms
[2022-12-31T06:43:26.878-0800][gc,start      ] GC(5) Pause Remark
[2022-12-31T06:43:26.881-0800][gc,stringtable] GC(5) Cleaned string and symbol table, strings: 9837 processed, 10 removed, symbols: 83794 processed, 14 removed
[2022-12-31T06:43:26.881-0800][gc            ] GC(5) Pause Remark 146M->146M(1024M) 2.963ms
[2022-12-31T06:43:26.881-0800][gc,cpu        ] GC(5) User=0.01s Sys=0.00s Real=0.00s
[2022-12-31T06:43:26.881-0800][gc,marking    ] GC(5) Concurrent Rebuild Remembered Sets
[2022-12-31T06:43:26.893-0800][gc,marking    ] GC(5) Concurrent Rebuild Remembered Sets 12.135ms
[2022-12-31T06:43:26.893-0800][gc,start      ] GC(5) Pause Cleanup
[2022-12-31T06:43:26.893-0800][gc            ] GC(5) Pause Cleanup 147M->147M(1024M) 0.122ms
[2022-12-31T06:43:26.893-0800][gc,cpu        ] GC(5) User=0.00s Sys=0.00s Real=0.00s
[2022-12-31T06:43:26.893-0800][gc,marking    ] GC(5) Concurrent Cleanup for Next Mark
[2022-12-31T06:43:26.903-0800][gc,marking    ] GC(5) Concurrent Cleanup for Next Mark 9.349ms
[2022-12-31T06:43:26.903-0800][gc            ] GC(5) Concurrent Cycle 63.433ms
[2022-12-31T06:44:28.206-0800][gc,start      ] GC(6) Pause Young (Concurrent Start) (G1 Evacuation Pause)
[2022-12-31T06:44:28.206-0800][gc,task       ] GC(6) Using 4 workers of 4 for evacuation
[2022-12-31T06:44:28.218-0800][gc,phases     ] GC(6)   Pre Evacuate Collection Set: 0.2ms
[2022-12-31T06:44:28.218-0800][gc,phases     ] GC(6)   Evacuate Collection Set: 10.4ms
[2022-12-31T06:44:28.218-0800][gc,phases     ] GC(6)   Post Evacuate Collection Set: 1.2ms
[2022-12-31T06:44:28.218-0800][gc,phases     ] GC(6)   Other: 0.2ms
[2022-12-31T06:44:28.218-0800][gc,heap       ] GC(6) Eden regions: 49->0(46)
[2022-12-31T06:44:28.218-0800][gc,heap       ] GC(6) Survivor regions: 2->5(7)
[2022-12-31T06:44:28.218-0800][gc,heap       ] GC(6) Old regions: 14->14
[2022-12-31T06:44:28.218-0800][gc,heap       ] GC(6) Humongous regions: 129->129
[2022-12-31T06:44:28.218-0800][gc,metaspace  ] GC(6) Metaspace: 41532K(44160K)->41532K(44160K) NonClass: 36058K(37376K)->36058K(37376K) Class: 5474K(6784K)->5474K(6784K)
[2022-12-31T06:44:28.218-0800][gc            ] GC(6) Pause Young (Concurrent Start) (G1 Evacuation Pause) 191M->145M(1024M) 12.021ms
[2022-12-31T06:44:28.218-0800][gc,cpu        ] GC(6) User=0.02s Sys=0.00s Real=0.02s
[2022-12-31T06:44:28.218-0800][gc            ] GC(7) Concurrent Cycle
[2022-12-31T06:44:28.218-0800][gc,marking    ] GC(7) Concurrent Clear Claimed Marks
[2022-12-31T06:44:28.218-0800][gc,marking    ] GC(7) Concurrent Clear Claimed Marks 0.166ms
[2022-12-31T06:44:28.218-0800][gc,marking    ] GC(7) Concurrent Scan Root Regions
[2022-12-31T06:44:28.222-0800][gc,marking    ] GC(7) Concurrent Scan Root Regions 3.743ms
[2022-12-31T06:44:28.222-0800][gc,marking    ] GC(7) Concurrent Mark (63.687s)
[2022-12-31T06:44:28.222-0800][gc,marking    ] GC(7) Concurrent Mark From Roots
[2022-12-31T06:44:28.222-0800][gc,task       ] GC(7) Using 1 workers of 1 for marking
[2022-12-31T06:44:28.241-0800][gc,marking    ] GC(7) Concurrent Mark From Roots 19.235ms
[2022-12-31T06:44:28.241-0800][gc,marking    ] GC(7) Concurrent Preclean
[2022-12-31T06:44:28.241-0800][gc,marking    ] GC(7) Concurrent Preclean 0.108ms
[2022-12-31T06:44:28.241-0800][gc,marking    ] GC(7) Concurrent Mark (63.687s, 63.706s) 19.390ms
[2022-12-31T06:44:28.241-0800][gc,start      ] GC(7) Pause Remark
[2022-12-31T06:44:28.246-0800][gc,stringtable] GC(7) Cleaned string and symbol table, strings: 11061 processed, 9 removed, symbols: 90986 processed, 6 removed
[2022-12-31T06:44:28.247-0800][gc            ] GC(7) Pause Remark 145M->145M(1024M) 5.423ms
[2022-12-31T06:44:28.247-0800][gc,cpu        ] GC(7) User=0.01s Sys=0.00s Real=0.01s
[2022-12-31T06:44:28.247-0800][gc,marking    ] GC(7) Concurrent Rebuild Remembered Sets
[2022-12-31T06:44:28.259-0800][gc,marking    ] GC(7) Concurrent Rebuild Remembered Sets 11.923ms
[2022-12-31T06:44:28.259-0800][gc,start      ] GC(7) Pause Cleanup
[2022-12-31T06:44:28.259-0800][gc            ] GC(7) Pause Cleanup 145M->145M(1024M) 0.136ms
[2022-12-31T06:44:28.259-0800][gc,cpu        ] GC(7) User=0.00s Sys=0.00s Real=0.00s
[2022-12-31T06:44:28.259-0800][gc,marking    ] GC(7) Concurrent Cleanup for Next Mark
[2022-12-31T06:44:28.260-0800][gc,marking    ] GC(7) Concurrent Cleanup for Next Mark 1.172ms
[2022-12-31T06:44:28.260-0800][gc            ] GC(7) Concurrent Cycle 42.489ms
[2022-12-31T07:01:01.349-0800][gc,start      ] GC(8) Pause Young (Normal) (G1 Evacuation Pause)
[2022-12-31T07:01:01.349-0800][gc,task       ] GC(8) Using 4 workers of 4 for evacuation
[2022-12-31T07:01:01.354-0800][gc,phases     ] GC(8)   Pre Evacuate Collection Set: 0.0ms
[2022-12-31T07:01:01.354-0800][gc,phases     ] GC(8)   Evacuate Collection Set: 4.2ms
[2022-12-31T07:01:01.354-0800][gc,phases     ] GC(8)   Post Evacuate Collection Set: 0.7ms
[2022-12-31T07:01:01.354-0800][gc,phases     ] GC(8)   Other: 0.2ms
[2022-12-31T07:01:01.354-0800][gc,heap       ] GC(8) Eden regions: 46->0(46)
[2022-12-31T07:01:01.354-0800][gc,heap       ] GC(8) Survivor regions: 5->5(7)
[2022-12-31T07:01:01.354-0800][gc,heap       ] GC(8) Old regions: 14->15
[2022-12-31T07:01:01.354-0800][gc,heap       ] GC(8) Humongous regions: 129->129
[2022-12-31T07:01:01.354-0800][gc,metaspace  ] GC(8) Metaspace: 43654K(46464K)->43654K(46464K) NonClass: 37990K(39424K)->37990K(39424K) Class: 5664K(7040K)->5664K(7040K)
[2022-12-31T07:01:01.354-0800][gc            ] GC(8) Pause Young (Normal) (G1 Evacuation Pause) 191M->147M(1024M) 5.141ms
[2022-12-31T07:01:01.354-0800][gc,cpu        ] GC(8) User=0.01s Sys=0.00s Real=0.00s
[2022-12-31T07:04:28.726-0800][gc,heap,exit  ] Heap
[2022-12-31T07:04:28.726-0800][gc,heap,exit  ]  garbage-first heap   total 1048576K, used 167976K [0x00000000c0000000, 0x0000000100000000)
[2022-12-31T07:04:28.726-0800][gc,heap,exit  ]   region size 1024K, 23 young (23552K), 5 survivors (5120K)
[2022-12-31T07:04:28.726-0800][gc,heap,exit  ]  Metaspace       used 44472K, capacity 47359K, committed 47616K, reserved 1089536K
[2022-12-31T07:04:28.726-0800][gc,heap,exit  ]   class space    used 5879K, capacity 7306K, committed 7424K, reserved 1048576K
