[2022-12-25T20:03:11.247-0800][gc,heap] Heap region size: 1M
[2022-12-25T20:03:11.257-0800][gc     ] Using G1
[2022-12-25T20:03:11.257-0800][gc,heap,coops] Heap address: 0x00000000c0000000, size: 1024 MB, Compressed Oops mode: 32-bit
[2022-12-25T20:03:11.257-0800][gc,cds       ] Mark closed archive regions in map: [0x00000000fff00000, 0x00000000fff6aff8]
[2022-12-25T20:03:11.257-0800][gc,cds       ] Mark open archive regions in map: [0x00000000ffe00000, 0x00000000ffe47ff8]
[2022-12-25T20:03:12.011-0800][gc,start     ] GC(0) Pause Young (Normal) (G1 Evacuation Pause)
[2022-12-25T20:03:12.011-0800][gc,task      ] GC(0) Using 4 workers of 4 for evacuation
[2022-12-25T20:03:12.018-0800][gc,phases    ] GC(0)   Pre Evacuate Collection Set: 0.0ms
[2022-12-25T20:03:12.018-0800][gc,phases    ] GC(0)   Evacuate Collection Set: 6.5ms
[2022-12-25T20:03:12.018-0800][gc,phases    ] GC(0)   Post Evacuate Collection Set: 0.4ms
[2022-12-25T20:03:12.018-0800][gc,phases    ] GC(0)   Other: 0.5ms
[2022-12-25T20:03:12.018-0800][gc,heap      ] GC(0) Eden regions: 51->0(44)
[2022-12-25T20:03:12.018-0800][gc,heap      ] GC(0) Survivor regions: 0->7(7)
[2022-12-25T20:03:12.018-0800][gc,heap      ] GC(0) Old regions: 2->2
[2022-12-25T20:03:12.018-0800][gc,heap      ] GC(0) Humongous regions: 0->0
[2022-12-25T20:03:12.018-0800][gc,metaspace ] GC(0) Metaspace: 14082K(14848K)->14082K(14848K) NonClass: 12329K(12800K)->12329K(12800K) Class: 1752K(2048K)->1752K(2048K)
[2022-12-25T20:03:12.018-0800][gc           ] GC(0) Pause Young (Normal) (G1 Evacuation Pause) 51M->7M(1024M) 7.469ms
[2022-12-25T20:03:12.018-0800][gc,cpu       ] GC(0) User=0.02s Sys=0.00s Real=0.00s
[2022-12-25T20:03:12.556-0800][gc,start     ] GC(1) Pause Young (Concurrent Start) (Metadata GC Threshold)
[2022-12-25T20:03:12.556-0800][gc,task      ] GC(1) Using 4 workers of 4 for evacuation
[2022-12-25T20:03:12.566-0800][gc,phases    ] GC(1)   Pre Evacuate Collection Set: 0.0ms
[2022-12-25T20:03:12.566-0800][gc,phases    ] GC(1)   Evacuate Collection Set: 9.5ms
[2022-12-25T20:03:12.566-0800][gc,phases    ] GC(1)   Post Evacuate Collection Set: 0.6ms
[2022-12-25T20:03:12.566-0800][gc,phases    ] GC(1)   Other: 0.2ms
[2022-12-25T20:03:12.566-0800][gc,heap      ] GC(1) Eden regions: 32->0(49)
[2022-12-25T20:03:12.566-0800][gc,heap      ] GC(1) Survivor regions: 7->2(7)
[2022-12-25T20:03:12.566-0800][gc,heap      ] GC(1) Old regions: 2->9
[2022-12-25T20:03:12.566-0800][gc,heap      ] GC(1) Humongous regions: 0->0
[2022-12-25T20:03:12.566-0800][gc,metaspace ] GC(1) Metaspace: 20572K(21248K)->20572K(21248K) NonClass: 18039K(18432K)->18039K(18432K) Class: 2533K(2816K)->2533K(2816K)
[2022-12-25T20:03:12.566-0800][gc           ] GC(1) Pause Young (Concurrent Start) (Metadata GC Threshold) 38M->8M(1024M) 10.335ms
[2022-12-25T20:03:12.566-0800][gc,cpu       ] GC(1) User=0.02s Sys=0.01s Real=0.01s
[2022-12-25T20:03:12.567-0800][gc           ] GC(2) Concurrent Cycle
[2022-12-25T20:03:12.567-0800][gc,marking   ] GC(2) Concurrent Clear Claimed Marks
[2022-12-25T20:03:12.567-0800][gc,marking   ] GC(2) Concurrent Clear Claimed Marks 0.038ms
[2022-12-25T20:03:12.567-0800][gc,marking   ] GC(2) Concurrent Scan Root Regions
[2022-12-25T20:03:12.569-0800][gc,marking   ] GC(2) Concurrent Scan Root Regions 1.699ms
[2022-12-25T20:03:12.569-0800][gc,marking   ] GC(2) Concurrent Mark (1.344s)
[2022-12-25T20:03:12.569-0800][gc,marking   ] GC(2) Concurrent Mark From Roots
[2022-12-25T20:03:12.569-0800][gc,task      ] GC(2) Using 1 workers of 1 for marking
[2022-12-25T20:03:12.584-0800][gc,marking   ] GC(2) Concurrent Mark From Roots 15.097ms
[2022-12-25T20:03:12.584-0800][gc,marking   ] GC(2) Concurrent Preclean
[2022-12-25T20:03:12.584-0800][gc,marking   ] GC(2) Concurrent Preclean 0.168ms
[2022-12-25T20:03:12.584-0800][gc,marking   ] GC(2) Concurrent Mark (1.344s, 1.359s) 15.307ms
[2022-12-25T20:03:12.587-0800][gc,start     ] GC(2) Pause Remark
[2022-12-25T20:03:12.591-0800][gc,stringtable] GC(2) Cleaned string and symbol table, strings: 5190 processed, 0 removed, symbols: 52622 processed, 44 removed
[2022-12-25T20:03:12.591-0800][gc            ] GC(2) Pause Remark 9M->9M(1024M) 3.834ms
[2022-12-25T20:03:12.591-0800][gc,cpu        ] GC(2) User=0.01s Sys=0.00s Real=0.00s
[2022-12-25T20:03:12.591-0800][gc,marking    ] GC(2) Concurrent Rebuild Remembered Sets
[2022-12-25T20:03:12.595-0800][gc,marking    ] GC(2) Concurrent Rebuild Remembered Sets 4.102ms
[2022-12-25T20:03:12.597-0800][gc,start      ] GC(2) Pause Cleanup
[2022-12-25T20:03:12.598-0800][gc            ] GC(2) Pause Cleanup 9M->9M(1024M) 0.298ms
[2022-12-25T20:03:12.598-0800][gc,cpu        ] GC(2) User=0.00s Sys=0.00s Real=0.00s
[2022-12-25T20:03:12.598-0800][gc,marking    ] GC(2) Concurrent Cleanup for Next Mark
[2022-12-25T20:03:12.608-0800][gc,marking    ] GC(2) Concurrent Cleanup for Next Mark 10.203ms
[2022-12-25T20:03:12.609-0800][gc            ] GC(2) Concurrent Cycle 41.626ms
[2022-12-25T20:03:13.302-0800][gc,start      ] GC(3) Pause Young (Concurrent Start) (G1 Evacuation Pause)
[2022-12-25T20:03:13.302-0800][gc,task       ] GC(3) Using 4 workers of 4 for evacuation
[2022-12-25T20:03:13.308-0800][gc,phases     ] GC(3)   Pre Evacuate Collection Set: 0.1ms
[2022-12-25T20:03:13.308-0800][gc,phases     ] GC(3)   Evacuate Collection Set: 5.8ms
[2022-12-25T20:03:13.308-0800][gc,phases     ] GC(3)   Post Evacuate Collection Set: 0.4ms
[2022-12-25T20:03:13.308-0800][gc,phases     ] GC(3)   Other: 0.2ms
[2022-12-25T20:03:13.308-0800][gc,heap       ] GC(3) Eden regions: 49->0(46)
[2022-12-25T20:03:13.308-0800][gc,heap       ] GC(3) Survivor regions: 2->5(7)
[2022-12-25T20:03:13.308-0800][gc,heap       ] GC(3) Old regions: 9->9
[2022-12-25T20:03:13.308-0800][gc,heap       ] GC(3) Humongous regions: 129->129
[2022-12-25T20:03:13.308-0800][gc,metaspace  ] GC(3) Metaspace: 28709K(29696K)->28709K(29696K) NonClass: 25351K(25856K)->25351K(25856K) Class: 3358K(3840K)->3358K(3840K)
[2022-12-25T20:03:13.308-0800][gc            ] GC(3) Pause Young (Concurrent Start) (G1 Evacuation Pause) 186M->140M(1024M) 6.505ms
[2022-12-25T20:03:13.308-0800][gc,cpu        ] GC(3) User=0.02s Sys=0.00s Real=0.01s
[2022-12-25T20:03:13.308-0800][gc            ] GC(4) Concurrent Cycle
[2022-12-25T20:03:13.308-0800][gc,marking    ] GC(4) Concurrent Clear Claimed Marks
[2022-12-25T20:03:13.308-0800][gc,marking    ] GC(4) Concurrent Clear Claimed Marks 0.099ms
[2022-12-25T20:03:13.308-0800][gc,marking    ] GC(4) Concurrent Scan Root Regions
[2022-12-25T20:03:13.311-0800][gc,marking    ] GC(4) Concurrent Scan Root Regions 2.738ms
[2022-12-25T20:03:13.311-0800][gc,marking    ] GC(4) Concurrent Mark (2.087s)
[2022-12-25T20:03:13.311-0800][gc,marking    ] GC(4) Concurrent Mark From Roots
[2022-12-25T20:03:13.311-0800][gc,task       ] GC(4) Using 1 workers of 1 for marking
[2022-12-25T20:03:13.321-0800][gc,marking    ] GC(4) Concurrent Mark From Roots 10.095ms
[2022-12-25T20:03:13.321-0800][gc,marking    ] GC(4) Concurrent Preclean
[2022-12-25T20:03:13.321-0800][gc,marking    ] GC(4) Concurrent Preclean 0.083ms
[2022-12-25T20:03:13.321-0800][gc,marking    ] GC(4) Concurrent Mark (2.087s, 2.097s) 10.216ms
[2022-12-25T20:03:13.330-0800][gc,start      ] GC(4) Pause Remark
[2022-12-25T20:03:13.332-0800][gc,stringtable] GC(4) Cleaned string and symbol table, strings: 8049 processed, 11 removed, symbols: 67892 processed, 12 removed
[2022-12-25T20:03:13.332-0800][gc            ] GC(4) Pause Remark 142M->142M(1024M) 2.605ms
[2022-12-25T20:03:13.332-0800][gc,cpu        ] GC(4) User=0.01s Sys=0.00s Real=0.00s
[2022-12-25T20:03:13.332-0800][gc,marking    ] GC(4) Concurrent Rebuild Remembered Sets
[2022-12-25T20:03:13.337-0800][gc,marking    ] GC(4) Concurrent Rebuild Remembered Sets 4.165ms
[2022-12-25T20:03:13.337-0800][gc,start      ] GC(4) Pause Cleanup
[2022-12-25T20:03:13.337-0800][gc            ] GC(4) Pause Cleanup 142M->142M(1024M) 0.244ms
[2022-12-25T20:03:13.337-0800][gc,cpu        ] GC(4) User=0.00s Sys=0.00s Real=0.00s
[2022-12-25T20:03:13.337-0800][gc,marking    ] GC(4) Concurrent Cleanup for Next Mark
[2022-12-25T20:03:13.345-0800][gc,marking    ] GC(4) Concurrent Cleanup for Next Mark 8.216ms
[2022-12-25T20:03:13.345-0800][gc            ] GC(4) Concurrent Cycle 36.917ms
[2022-12-25T20:05:11.883-0800][gc,start      ] GC(5) Pause Young (Normal) (G1 Evacuation Pause)
[2022-12-25T20:05:11.883-0800][gc,task       ] GC(5) Using 4 workers of 4 for evacuation
[2022-12-25T20:05:11.890-0800][gc,phases     ] GC(5)   Pre Evacuate Collection Set: 0.0ms
[2022-12-25T20:05:11.890-0800][gc,phases     ] GC(5)   Evacuate Collection Set: 6.6ms
[2022-12-25T20:05:11.890-0800][gc,phases     ] GC(5)   Post Evacuate Collection Set: 0.5ms
[2022-12-25T20:05:11.890-0800][gc,phases     ] GC(5)   Other: 0.3ms
[2022-12-25T20:05:11.890-0800][gc,heap       ] GC(5) Eden regions: 46->0(48)
[2022-12-25T20:05:11.890-0800][gc,heap       ] GC(5) Survivor regions: 5->3(7)
[2022-12-25T20:05:11.890-0800][gc,heap       ] GC(5) Old regions: 9->13
[2022-12-25T20:05:11.890-0800][gc,heap       ] GC(5) Humongous regions: 129->129
[2022-12-25T20:05:11.890-0800][gc,metaspace  ] GC(5) Metaspace: 37305K(39168K)->37305K(39168K) NonClass: 32613K(33536K)->32613K(33536K) Class: 4692K(5632K)->4692K(5632K)
[2022-12-25T20:05:11.890-0800][gc            ] GC(5) Pause Young (Normal) (G1 Evacuation Pause) 186M->142M(1024M) 7.421ms
[2022-12-25T20:05:11.890-0800][gc,cpu        ] GC(5) User=0.02s Sys=0.00s Real=0.01s
[2022-12-25T20:13:31.966-0800][gc,start      ] GC(6) Pause Young (Normal) (G1 Evacuation Pause)
[2022-12-25T20:13:31.966-0800][gc,task       ] GC(6) Using 4 workers of 4 for evacuation
[2022-12-25T20:13:31.972-0800][gc,phases     ] GC(6)   Pre Evacuate Collection Set: 0.0ms
[2022-12-25T20:13:31.972-0800][gc,phases     ] GC(6)   Evacuate Collection Set: 5.1ms
[2022-12-25T20:13:31.972-0800][gc,phases     ] GC(6)   Post Evacuate Collection Set: 0.7ms
[2022-12-25T20:13:31.972-0800][gc,phases     ] GC(6)   Other: 0.2ms
[2022-12-25T20:13:31.972-0800][gc,heap       ] GC(6) Eden regions: 48->0(46)
[2022-12-25T20:13:31.972-0800][gc,heap       ] GC(6) Survivor regions: 3->5(7)
[2022-12-25T20:13:31.972-0800][gc,heap       ] GC(6) Old regions: 13->13
[2022-12-25T20:13:31.972-0800][gc,heap       ] GC(6) Humongous regions: 129->129
[2022-12-25T20:13:31.972-0800][gc,metaspace  ] GC(6) Metaspace: 42030K(44672K)->42030K(44672K) NonClass: 36548K(37888K)->36548K(37888K) Class: 5481K(6784K)->5481K(6784K)
[2022-12-25T20:13:31.972-0800][gc            ] GC(6) Pause Young (Normal) (G1 Evacuation Pause) 190M->145M(1024M) 6.096ms
[2022-12-25T20:13:31.972-0800][gc,cpu        ] GC(6) User=0.02s Sys=0.00s Real=0.01s
[2022-12-25T20:42:01.966-0800][gc,start      ] GC(7) Pause Young (Normal) (G1 Evacuation Pause)
[2022-12-25T20:42:01.966-0800][gc,task       ] GC(7) Using 4 workers of 4 for evacuation
[2022-12-25T20:42:01.971-0800][gc,phases     ] GC(7)   Pre Evacuate Collection Set: 0.0ms
[2022-12-25T20:42:01.971-0800][gc,phases     ] GC(7)   Evacuate Collection Set: 3.9ms
[2022-12-25T20:42:01.971-0800][gc,phases     ] GC(7)   Post Evacuate Collection Set: 0.6ms
[2022-12-25T20:42:01.971-0800][gc,phases     ] GC(7)   Other: 0.2ms
[2022-12-25T20:42:01.971-0800][gc,heap       ] GC(7) Eden regions: 46->0(47)
[2022-12-25T20:42:01.971-0800][gc,heap       ] GC(7) Survivor regions: 5->4(7)
[2022-12-25T20:42:01.971-0800][gc,heap       ] GC(7) Old regions: 13->15
[2022-12-25T20:42:01.971-0800][gc,heap       ] GC(7) Humongous regions: 129->129
[2022-12-25T20:42:01.971-0800][gc,metaspace  ] GC(7) Metaspace: 42871K(45440K)->42871K(45440K) NonClass: 37377K(38656K)->37377K(38656K) Class: 5494K(6784K)->5494K(6784K)
[2022-12-25T20:42:01.971-0800][gc            ] GC(7) Pause Young (Normal) (G1 Evacuation Pause) 191M->146M(1024M) 4.829ms
[2022-12-25T20:42:01.971-0800][gc,cpu        ] GC(7) User=0.01s Sys=0.00s Real=0.01s
[2022-12-25T21:11:12.922-0800][gc,start      ] GC(8) Pause Young (Normal) (G1 Evacuation Pause)
[2022-12-25T21:11:12.922-0800][gc,task       ] GC(8) Using 4 workers of 4 for evacuation
[2022-12-25T21:11:12.926-0800][gc,phases     ] GC(8)   Pre Evacuate Collection Set: 0.0ms
[2022-12-25T21:11:12.926-0800][gc,phases     ] GC(8)   Evacuate Collection Set: 3.5ms
[2022-12-25T21:11:12.926-0800][gc,phases     ] GC(8)   Post Evacuate Collection Set: 0.4ms
[2022-12-25T21:11:12.926-0800][gc,phases     ] GC(8)   Other: 0.2ms
[2022-12-25T21:11:12.926-0800][gc,heap       ] GC(8) Eden regions: 47->0(48)
[2022-12-25T21:11:12.926-0800][gc,heap       ] GC(8) Survivor regions: 4->3(7)
[2022-12-25T21:11:12.926-0800][gc,heap       ] GC(8) Old regions: 15->18
[2022-12-25T21:11:12.926-0800][gc,heap       ] GC(8) Humongous regions: 129->129
[2022-12-25T21:11:12.926-0800][gc,metaspace  ] GC(8) Metaspace: 43201K(45952K)->43201K(45952K) NonClass: 37701K(39168K)->37701K(39168K) Class: 5499K(6784K)->5499K(6784K)
[2022-12-25T21:11:12.926-0800][gc            ] GC(8) Pause Young (Normal) (G1 Evacuation Pause) 193M->147M(1024M) 4.149ms
[2022-12-25T21:11:12.926-0800][gc,cpu        ] GC(8) User=0.01s Sys=0.00s Real=0.00s
[2022-12-25T21:42:16.966-0800][gc,start      ] GC(9) Pause Young (Normal) (G1 Evacuation Pause)
[2022-12-25T21:42:16.966-0800][gc,task       ] GC(9) Using 4 workers of 4 for evacuation
[2022-12-25T21:42:16.969-0800][gc,phases     ] GC(9)   Pre Evacuate Collection Set: 0.0ms
[2022-12-25T21:42:16.969-0800][gc,phases     ] GC(9)   Evacuate Collection Set: 1.8ms
[2022-12-25T21:42:16.969-0800][gc,phases     ] GC(9)   Post Evacuate Collection Set: 0.5ms
[2022-12-25T21:42:16.969-0800][gc,phases     ] GC(9)   Other: 0.2ms
[2022-12-25T21:42:16.969-0800][gc,heap       ] GC(9) Eden regions: 48->0(48)
[2022-12-25T21:42:16.969-0800][gc,heap       ] GC(9) Survivor regions: 3->3(7)
[2022-12-25T21:42:16.969-0800][gc,heap       ] GC(9) Old regions: 18->18
[2022-12-25T21:42:16.969-0800][gc,heap       ] GC(9) Humongous regions: 129->129
[2022-12-25T21:42:16.969-0800][gc,metaspace  ] GC(9) Metaspace: 43268K(45952K)->43268K(45952K) NonClass: 37765K(39168K)->37765K(39168K) Class: 5503K(6784K)->5503K(6784K)
[2022-12-25T21:42:16.969-0800][gc            ] GC(9) Pause Young (Normal) (G1 Evacuation Pause) 195M->147M(1024M) 2.544ms
[2022-12-25T21:42:16.969-0800][gc,cpu        ] GC(9) User=0.00s Sys=0.00s Real=0.01s
[2022-12-25T22:11:42.635-0800][gc,start      ] GC(10) Pause Young (Normal) (G1 Evacuation Pause)
[2022-12-25T22:11:42.635-0800][gc,task       ] GC(10) Using 4 workers of 4 for evacuation
[2022-12-25T22:11:42.638-0800][gc,phases     ] GC(10)   Pre Evacuate Collection Set: 0.0ms
[2022-12-25T22:11:42.638-0800][gc,phases     ] GC(10)   Evacuate Collection Set: 2.2ms
[2022-12-25T22:11:42.638-0800][gc,phases     ] GC(10)   Post Evacuate Collection Set: 1.2ms
[2022-12-25T22:11:42.638-0800][gc,phases     ] GC(10)   Other: 0.2ms
[2022-12-25T22:11:42.638-0800][gc,heap       ] GC(10) Eden regions: 48->0(51)
[2022-12-25T22:11:42.638-0800][gc,heap       ] GC(10) Survivor regions: 3->3(7)
[2022-12-25T22:11:42.638-0800][gc,heap       ] GC(10) Old regions: 18->18
[2022-12-25T22:11:42.638-0800][gc,heap       ] GC(10) Humongous regions: 129->129
[2022-12-25T22:11:42.638-0800][gc,metaspace  ] GC(10) Metaspace: 43298K(45952K)->43298K(45952K) NonClass: 37794K(39168K)->37794K(39168K) Class: 5503K(6784K)->5503K(6784K)
[2022-12-25T22:11:42.638-0800][gc            ] GC(10) Pause Young (Normal) (G1 Evacuation Pause) 195M->147M(1024M) 3.628ms
[2022-12-25T22:11:42.638-0800][gc,cpu        ] GC(10) User=0.01s Sys=0.00s Real=0.00s
[2022-12-25T22:45:01.966-0800][gc,start      ] GC(11) Pause Young (Normal) (G1 Evacuation Pause)
[2022-12-25T22:45:01.966-0800][gc,task       ] GC(11) Using 4 workers of 4 for evacuation
[2022-12-25T22:45:01.969-0800][gc,phases     ] GC(11)   Pre Evacuate Collection Set: 0.0ms
[2022-12-25T22:45:01.969-0800][gc,phases     ] GC(11)   Evacuate Collection Set: 2.5ms
[2022-12-25T22:45:01.969-0800][gc,phases     ] GC(11)   Post Evacuate Collection Set: 0.3ms
[2022-12-25T22:45:01.969-0800][gc,phases     ] GC(11)   Other: 0.2ms
[2022-12-25T22:45:01.969-0800][gc,heap       ] GC(11) Eden regions: 51->0(57)
[2022-12-25T22:45:01.969-0800][gc,heap       ] GC(11) Survivor regions: 3->4(7)
[2022-12-25T22:45:01.969-0800][gc,heap       ] GC(11) Old regions: 18->18
[2022-12-25T22:45:01.969-0800][gc,heap       ] GC(11) Humongous regions: 129->129
[2022-12-25T22:45:01.969-0800][gc,metaspace  ] GC(11) Metaspace: 43301K(45952K)->43301K(45952K) NonClass: 37797K(39168K)->37797K(39168K) Class: 5503K(6784K)->5503K(6784K)
[2022-12-25T22:45:01.969-0800][gc            ] GC(11) Pause Young (Normal) (G1 Evacuation Pause) 198M->148M(1024M) 3.114ms
[2022-12-25T22:45:01.969-0800][gc,cpu        ] GC(11) User=0.01s Sys=0.00s Real=0.01s
[2022-12-25T23:20:34.689-0800][gc,start      ] GC(12) Pause Young (Normal) (G1 Evacuation Pause)
[2022-12-25T23:20:34.689-0800][gc,task       ] GC(12) Using 4 workers of 4 for evacuation
[2022-12-25T23:20:34.692-0800][gc,phases     ] GC(12)   Pre Evacuate Collection Set: 0.0ms
[2022-12-25T23:20:34.692-0800][gc,phases     ] GC(12)   Evacuate Collection Set: 2.5ms
[2022-12-25T23:20:34.692-0800][gc,phases     ] GC(12)   Post Evacuate Collection Set: 0.5ms
[2022-12-25T23:20:34.692-0800][gc,phases     ] GC(12)   Other: 0.2ms
[2022-12-25T23:20:34.692-0800][gc,heap       ] GC(12) Eden regions: 57->0(611)
[2022-12-25T23:20:34.692-0800][gc,heap       ] GC(12) Survivor regions: 4->3(8)
[2022-12-25T23:20:34.692-0800][gc,heap       ] GC(12) Old regions: 18->18
[2022-12-25T23:20:34.692-0800][gc,heap       ] GC(12) Humongous regions: 129->129
[2022-12-25T23:20:34.692-0800][gc,metaspace  ] GC(12) Metaspace: 43309K(45952K)->43309K(45952K) NonClass: 37805K(39168K)->37805K(39168K) Class: 5503K(6784K)->5503K(6784K)
[2022-12-25T23:20:34.692-0800][gc            ] GC(12) Pause Young (Normal) (G1 Evacuation Pause) 205M->147M(1024M) 3.161ms
[2022-12-25T23:20:34.692-0800][gc,cpu        ] GC(12) User=0.01s Sys=0.00s Real=0.00s
[2022-12-26T03:58:34.691-0800][gc,start      ] GC(13) Pause Young (Normal) (G1 Evacuation Pause)
[2022-12-26T03:58:34.691-0800][gc,task       ] GC(13) Using 4 workers of 4 for evacuation
[2022-12-26T03:58:34.695-0800][gc,phases     ] GC(13)   Pre Evacuate Collection Set: 0.0ms
[2022-12-26T03:58:34.695-0800][gc,phases     ] GC(13)   Evacuate Collection Set: 3.9ms
[2022-12-26T03:58:34.695-0800][gc,phases     ] GC(13)   Post Evacuate Collection Set: 0.4ms
[2022-12-26T03:58:34.695-0800][gc,phases     ] GC(13)   Other: 0.2ms
[2022-12-26T03:58:34.695-0800][gc,heap       ] GC(13) Eden regions: 369->0(611)
[2022-12-26T03:58:34.695-0800][gc,heap       ] GC(13) Survivor regions: 3->3(47)
[2022-12-26T03:58:34.695-0800][gc,heap       ] GC(13) Old regions: 18->18
[2022-12-26T03:58:34.695-0800][gc,heap       ] GC(13) Humongous regions: 129->129
[2022-12-26T03:58:34.695-0800][gc,metaspace  ] GC(13) Metaspace: 43953K(46976K)->43953K(46976K) NonClass: 38294K(39936K)->38294K(39936K) Class: 5659K(7040K)->5659K(7040K)
[2022-12-26T03:58:34.695-0800][gc            ] GC(13) Pause Young (Normal) (G1 Evacuation Pause) 516M->147M(1024M) 4.664ms
[2022-12-26T03:58:34.695-0800][gc,cpu        ] GC(13) User=0.01s Sys=0.00s Real=0.00s
