[2022-12-26T21:12:51.617-0800][gc,heap] Heap region size: 1M
[2022-12-26T21:12:51.629-0800][gc     ] Using G1
[2022-12-26T21:12:51.629-0800][gc,heap,coops] Heap address: 0x00000000c0000000, size: 1024 MB, Compressed Oops mode: 32-bit
[2022-12-26T21:12:51.630-0800][gc,cds       ] Mark closed archive regions in map: [0x00000000fff00000, 0x00000000fff6aff8]
[2022-12-26T21:12:51.630-0800][gc,cds       ] Mark open archive regions in map: [0x00000000ffe00000, 0x00000000ffe47ff8]
[2022-12-26T21:12:53.239-0800][gc,start     ] GC(0) Pause Young (Normal) (G1 Evacuation Pause)
[2022-12-26T21:12:53.241-0800][gc,task      ] GC(0) Using 4 workers of 4 for evacuation
[2022-12-26T21:12:53.253-0800][gc,phases    ] GC(0)   Pre Evacuate Collection Set: 0.0ms
[2022-12-26T21:12:53.254-0800][gc,phases    ] GC(0)   Evacuate Collection Set: 12.1ms
[2022-12-26T21:12:53.254-0800][gc,phases    ] GC(0)   Post Evacuate Collection Set: 0.4ms
[2022-12-26T21:12:53.254-0800][gc,phases    ] GC(0)   Other: 1.7ms
[2022-12-26T21:12:53.254-0800][gc,heap      ] GC(0) Eden regions: 51->0(44)
[2022-12-26T21:12:53.254-0800][gc,heap      ] GC(0) Survivor regions: 0->7(7)
[2022-12-26T21:12:53.254-0800][gc,heap      ] GC(0) Old regions: 2->2
[2022-12-26T21:12:53.254-0800][gc,heap      ] GC(0) Humongous regions: 0->0
[2022-12-26T21:12:53.254-0800][gc,metaspace ] GC(0) Metaspace: 14156K(14848K)->14156K(14848K) NonClass: 12396K(12800K)->12396K(12800K) Class: 1759K(2048K)->1759K(2048K)
[2022-12-26T21:12:53.254-0800][gc           ] GC(0) Pause Young (Normal) (G1 Evacuation Pause) 51M->7M(1024M) 14.265ms
[2022-12-26T21:12:53.254-0800][gc,cpu       ] GC(0) User=0.03s Sys=0.00s Real=0.01s
[2022-12-26T21:12:53.822-0800][gc,start     ] GC(1) Pause Young (Concurrent Start) (Metadata GC Threshold)
[2022-12-26T21:12:53.822-0800][gc,task      ] GC(1) Using 4 workers of 4 for evacuation
[2022-12-26T21:12:53.834-0800][gc,phases    ] GC(1)   Pre Evacuate Collection Set: 0.0ms
[2022-12-26T21:12:53.834-0800][gc,phases    ] GC(1)   Evacuate Collection Set: 11.6ms
[2022-12-26T21:12:53.834-0800][gc,phases    ] GC(1)   Post Evacuate Collection Set: 0.3ms
[2022-12-26T21:12:53.834-0800][gc,phases    ] GC(1)   Other: 0.2ms
[2022-12-26T21:12:53.834-0800][gc,heap      ] GC(1) Eden regions: 31->0(49)
[2022-12-26T21:12:53.834-0800][gc,heap      ] GC(1) Survivor regions: 7->2(7)
[2022-12-26T21:12:53.834-0800][gc,heap      ] GC(1) Old regions: 2->9
[2022-12-26T21:12:53.834-0800][gc,heap      ] GC(1) Humongous regions: 0->0
[2022-12-26T21:12:53.834-0800][gc,metaspace ] GC(1) Metaspace: 20644K(21248K)->20644K(21248K) NonClass: 18111K(18432K)->18111K(18432K) Class: 2533K(2816K)->2533K(2816K)
[2022-12-26T21:12:53.835-0800][gc           ] GC(1) Pause Young (Concurrent Start) (Metadata GC Threshold) 38M->8M(1024M) 12.224ms
[2022-12-26T21:12:53.835-0800][gc,cpu       ] GC(1) User=0.03s Sys=0.01s Real=0.01s
[2022-12-26T21:12:53.835-0800][gc           ] GC(2) Concurrent Cycle
[2022-12-26T21:12:53.835-0800][gc,marking   ] GC(2) Concurrent Clear Claimed Marks
[2022-12-26T21:12:53.835-0800][gc,marking   ] GC(2) Concurrent Clear Claimed Marks 0.042ms
[2022-12-26T21:12:53.835-0800][gc,marking   ] GC(2) Concurrent Scan Root Regions
[2022-12-26T21:12:53.836-0800][gc,marking   ] GC(2) Concurrent Scan Root Regions 1.255ms
[2022-12-26T21:12:53.836-0800][gc,marking   ] GC(2) Concurrent Mark (2.223s)
[2022-12-26T21:12:53.836-0800][gc,marking   ] GC(2) Concurrent Mark From Roots
[2022-12-26T21:12:53.836-0800][gc,task      ] GC(2) Using 1 workers of 1 for marking
[2022-12-26T21:12:53.854-0800][gc,marking   ] GC(2) Concurrent Mark From Roots 17.741ms
[2022-12-26T21:12:53.854-0800][gc,marking   ] GC(2) Concurrent Preclean
[2022-12-26T21:12:53.854-0800][gc,marking   ] GC(2) Concurrent Preclean 0.113ms
[2022-12-26T21:12:53.854-0800][gc,marking   ] GC(2) Concurrent Mark (2.223s, 2.241s) 17.898ms
[2022-12-26T21:12:53.857-0800][gc,start     ] GC(2) Pause Remark
[2022-12-26T21:12:53.859-0800][gc,stringtable] GC(2) Cleaned string and symbol table, strings: 5167 processed, 0 removed, symbols: 52548 processed, 44 removed
[2022-12-26T21:12:53.859-0800][gc            ] GC(2) Pause Remark 8M->8M(1024M) 1.832ms
[2022-12-26T21:12:53.859-0800][gc,cpu        ] GC(2) User=0.00s Sys=0.00s Real=0.00s
[2022-12-26T21:12:53.859-0800][gc,marking    ] GC(2) Concurrent Rebuild Remembered Sets
[2022-12-26T21:12:53.865-0800][gc,marking    ] GC(2) Concurrent Rebuild Remembered Sets 5.413ms
[2022-12-26T21:12:53.876-0800][gc,start      ] GC(2) Pause Cleanup
[2022-12-26T21:12:53.876-0800][gc            ] GC(2) Pause Cleanup 9M->9M(1024M) 0.198ms
[2022-12-26T21:12:53.876-0800][gc,cpu        ] GC(2) User=0.00s Sys=0.00s Real=0.00s
[2022-12-26T21:12:53.876-0800][gc,marking    ] GC(2) Concurrent Cleanup for Next Mark
[2022-12-26T21:12:53.919-0800][gc,marking    ] GC(2) Concurrent Cleanup for Next Mark 42.557ms
[2022-12-26T21:12:53.919-0800][gc            ] GC(2) Concurrent Cycle 84.215ms
[2022-12-26T21:12:55.822-0800][gc,start      ] GC(3) Pause Young (Normal) (G1 Evacuation Pause)
[2022-12-26T21:12:55.822-0800][gc,task       ] GC(3) Using 4 workers of 4 for evacuation
[2022-12-26T21:12:55.831-0800][gc,phases     ] GC(3)   Pre Evacuate Collection Set: 0.0ms
[2022-12-26T21:12:55.831-0800][gc,phases     ] GC(3)   Evacuate Collection Set: 8.0ms
[2022-12-26T21:12:55.831-0800][gc,phases     ] GC(3)   Post Evacuate Collection Set: 0.3ms
[2022-12-26T21:12:55.831-0800][gc,phases     ] GC(3)   Other: 0.1ms
[2022-12-26T21:12:55.831-0800][gc,heap       ] GC(3) Eden regions: 49->0(46)
[2022-12-26T21:12:55.831-0800][gc,heap       ] GC(3) Survivor regions: 2->5(7)
[2022-12-26T21:12:55.831-0800][gc,heap       ] GC(3) Old regions: 9->9
[2022-12-26T21:12:55.831-0800][gc,heap       ] GC(3) Humongous regions: 129->129
[2022-12-26T21:12:55.831-0800][gc,metaspace  ] GC(3) Metaspace: 28637K(29696K)->28637K(29696K) NonClass: 25288K(25856K)->25288K(25856K) Class: 3348K(3840K)->3348K(3840K)
[2022-12-26T21:12:55.831-0800][gc            ] GC(3) Pause Young (Normal) (G1 Evacuation Pause) 186M->140M(1024M) 8.714ms
[2022-12-26T21:12:55.831-0800][gc,cpu        ] GC(3) User=0.02s Sys=0.00s Real=0.01s
[2022-12-26T21:12:56.740-0800][gc,start      ] GC(4) Pause Young (Concurrent Start) (Metadata GC Threshold)
[2022-12-26T21:12:56.740-0800][gc,task       ] GC(4) Using 4 workers of 4 for evacuation
[2022-12-26T21:12:56.757-0800][gc,phases     ] GC(4)   Pre Evacuate Collection Set: 0.1ms
[2022-12-26T21:12:56.757-0800][gc,phases     ] GC(4)   Evacuate Collection Set: 16.2ms
[2022-12-26T21:12:56.757-0800][gc,phases     ] GC(4)   Post Evacuate Collection Set: 0.4ms
[2022-12-26T21:12:56.757-0800][gc,phases     ] GC(4)   Other: 0.2ms
[2022-12-26T21:12:56.757-0800][gc,heap       ] GC(4) Eden regions: 33->0(49)
[2022-12-26T21:12:56.757-0800][gc,heap       ] GC(4) Survivor regions: 5->2(7)
[2022-12-26T21:12:56.757-0800][gc,heap       ] GC(4) Old regions: 9->13
[2022-12-26T21:12:56.757-0800][gc,heap       ] GC(4) Humongous regions: 129->129
[2022-12-26T21:12:56.757-0800][gc,metaspace  ] GC(4) Metaspace: 34550K(35840K)->34550K(35840K) NonClass: 30451K(31104K)->30451K(31104K) Class: 4098K(4736K)->4098K(4736K)
[2022-12-26T21:12:56.757-0800][gc            ] GC(4) Pause Young (Concurrent Start) (Metadata GC Threshold) 172M->142M(1024M) 17.098ms
[2022-12-26T21:12:56.757-0800][gc,cpu        ] GC(4) User=0.04s Sys=0.00s Real=0.02s
[2022-12-26T21:12:56.758-0800][gc            ] GC(5) Concurrent Cycle
[2022-12-26T21:12:56.758-0800][gc,marking    ] GC(5) Concurrent Clear Claimed Marks
[2022-12-26T21:12:56.758-0800][gc,marking    ] GC(5) Concurrent Clear Claimed Marks 0.106ms
[2022-12-26T21:12:56.758-0800][gc,marking    ] GC(5) Concurrent Scan Root Regions
[2022-12-26T21:12:56.761-0800][gc,marking    ] GC(5) Concurrent Scan Root Regions 2.846ms
[2022-12-26T21:12:56.761-0800][gc,marking    ] GC(5) Concurrent Mark (5.148s)
[2022-12-26T21:12:56.761-0800][gc,marking    ] GC(5) Concurrent Mark From Roots
[2022-12-26T21:12:56.761-0800][gc,task       ] GC(5) Using 1 workers of 1 for marking
[2022-12-26T21:12:56.845-0800][gc,marking    ] GC(5) Concurrent Mark From Roots 83.969ms
[2022-12-26T21:12:56.845-0800][gc,marking    ] GC(5) Concurrent Preclean
[2022-12-26T21:12:56.845-0800][gc,marking    ] GC(5) Concurrent Preclean 0.150ms
[2022-12-26T21:12:56.845-0800][gc,marking    ] GC(5) Concurrent Mark (5.148s, 5.232s) 84.180ms
[2022-12-26T21:12:56.845-0800][gc,start      ] GC(5) Pause Remark
[2022-12-26T21:12:56.854-0800][gc,stringtable] GC(5) Cleaned string and symbol table, strings: 9848 processed, 10 removed, symbols: 83811 processed, 14 removed
[2022-12-26T21:12:56.855-0800][gc            ] GC(5) Pause Remark 146M->146M(1024M) 9.959ms
[2022-12-26T21:12:56.855-0800][gc,cpu        ] GC(5) User=0.02s Sys=0.00s Real=0.01s
[2022-12-26T21:12:56.855-0800][gc,marking    ] GC(5) Concurrent Rebuild Remembered Sets
[2022-12-26T21:12:56.885-0800][gc,marking    ] GC(5) Concurrent Rebuild Remembered Sets 29.652ms
[2022-12-26T21:12:56.886-0800][gc,start      ] GC(5) Pause Cleanup
[2022-12-26T21:12:56.886-0800][gc            ] GC(5) Pause Cleanup 148M->148M(1024M) 0.623ms
[2022-12-26T21:12:56.886-0800][gc,cpu        ] GC(5) User=0.00s Sys=0.00s Real=0.00s
[2022-12-26T21:12:56.887-0800][gc,marking    ] GC(5) Concurrent Cleanup for Next Mark
[2022-12-26T21:12:56.945-0800][gc,marking    ] GC(5) Concurrent Cleanup for Next Mark 58.045ms
[2022-12-26T21:12:56.945-0800][gc            ] GC(5) Concurrent Cycle 187.095ms
[2022-12-26T22:09:01.900-0800][gc,heap,exit  ] Heap
[2022-12-26T22:09:01.900-0800][gc,heap,exit  ]  garbage-first heap   total 1048576K, used 184569K [0x00000000c0000000, 0x0000000100000000)
[2022-12-26T22:09:01.900-0800][gc,heap,exit  ]   region size 1024K, 42 young (43008K), 2 survivors (2048K)
[2022-12-26T22:09:01.900-0800][gc,heap,exit  ]  Metaspace       used 37225K, capacity 38891K, committed 39064K, reserved 1083392K
[2022-12-26T22:09:01.900-0800][gc,heap,exit  ]   class space    used 4535K, capacity 5300K, committed 5376K, reserved 1048576K
