[2023-03-22T10:50:32.660-0700][gc,heap] Heap region size: 1M
[2023-03-22T10:50:32.669-0700][gc     ] Using G1
[2023-03-22T10:50:32.669-0700][gc,heap,coops] Heap address: 0x00000000c0000000, size: 1024 MB, Compressed Oops mode: 32-bit
[2023-03-22T10:50:32.669-0700][gc,cds       ] Mark closed archive regions in map: [0x00000000fff00000, 0x00000000fff6aff8]
[2023-03-22T10:50:32.669-0700][gc,cds       ] Mark open archive regions in map: [0x00000000ffe00000, 0x00000000ffe47ff8]
[2023-03-22T10:50:33.427-0700][gc,start     ] GC(0) Pause Young (Normal) (G1 Evacuation Pause)
[2023-03-22T10:50:33.427-0700][gc,task      ] GC(0) Using 4 workers of 4 for evacuation
[2023-03-22T10:50:33.435-0700][gc,phases    ] GC(0)   Pre Evacuate Collection Set: 0.0ms
[2023-03-22T10:50:33.435-0700][gc,phases    ] GC(0)   Evacuate Collection Set: 7.0ms
[2023-03-22T10:50:33.435-0700][gc,phases    ] GC(0)   Post Evacuate Collection Set: 0.4ms
[2023-03-22T10:50:33.435-0700][gc,phases    ] GC(0)   Other: 0.4ms
[2023-03-22T10:50:33.435-0700][gc,heap      ] GC(0) Eden regions: 51->0(44)
[2023-03-22T10:50:33.435-0700][gc,heap      ] GC(0) Survivor regions: 0->7(7)
[2023-03-22T10:50:33.435-0700][gc,heap      ] GC(0) Old regions: 2->2
[2023-03-22T10:50:33.435-0700][gc,heap      ] GC(0) Humongous regions: 0->0
[2023-03-22T10:50:33.435-0700][gc,metaspace ] GC(0) Metaspace: 14119K(14848K)->14119K(14848K) NonClass: 12364K(12800K)->12364K(12800K) Class: 1754K(2048K)->1754K(2048K)
[2023-03-22T10:50:33.435-0700][gc           ] GC(0) Pause Young (Normal) (G1 Evacuation Pause) 51M->7M(1024M) 7.906ms
[2023-03-22T10:50:33.435-0700][gc,cpu       ] GC(0) User=0.03s Sys=0.00s Real=0.00s
[2023-03-22T10:50:33.789-0700][gc,start     ] GC(1) Pause Young (Concurrent Start) (Metadata GC Threshold)
[2023-03-22T10:50:33.789-0700][gc,task      ] GC(1) Using 4 workers of 4 for evacuation
[2023-03-22T10:50:33.799-0700][gc,phases    ] GC(1)   Pre Evacuate Collection Set: 0.1ms
[2023-03-22T10:50:33.799-0700][gc,phases    ] GC(1)   Evacuate Collection Set: 9.6ms
[2023-03-22T10:50:33.799-0700][gc,phases    ] GC(1)   Post Evacuate Collection Set: 0.3ms
[2023-03-22T10:50:33.799-0700][gc,phases    ] GC(1)   Other: 0.2ms
[2023-03-22T10:50:33.799-0700][gc,heap      ] GC(1) Eden regions: 31->0(49)
[2023-03-22T10:50:33.799-0700][gc,heap      ] GC(1) Survivor regions: 7->2(7)
[2023-03-22T10:50:33.799-0700][gc,heap      ] GC(1) Old regions: 2->9
[2023-03-22T10:50:33.799-0700][gc,heap      ] GC(1) Humongous regions: 0->0
[2023-03-22T10:50:33.799-0700][gc,metaspace ] GC(1) Metaspace: 20558K(21248K)->20558K(21248K) NonClass: 18040K(18432K)->18040K(18432K) Class: 2517K(2816K)->2517K(2816K)
[2023-03-22T10:50:33.799-0700][gc           ] GC(1) Pause Young (Concurrent Start) (Metadata GC Threshold) 38M->8M(1024M) 10.235ms
[2023-03-22T10:50:33.799-0700][gc,cpu       ] GC(1) User=0.03s Sys=0.00s Real=0.01s
[2023-03-22T10:50:33.799-0700][gc           ] GC(2) Concurrent Cycle
[2023-03-22T10:50:33.799-0700][gc,marking   ] GC(2) Concurrent Clear Claimed Marks
[2023-03-22T10:50:33.799-0700][gc,marking   ] GC(2) Concurrent Clear Claimed Marks 0.025ms
[2023-03-22T10:50:33.799-0700][gc,marking   ] GC(2) Concurrent Scan Root Regions
[2023-03-22T10:50:33.800-0700][gc,marking   ] GC(2) Concurrent Scan Root Regions 0.748ms
[2023-03-22T10:50:33.800-0700][gc,marking   ] GC(2) Concurrent Mark (1.143s)
[2023-03-22T10:50:33.800-0700][gc,marking   ] GC(2) Concurrent Mark From Roots
[2023-03-22T10:50:33.800-0700][gc,task      ] GC(2) Using 1 workers of 1 for marking
[2023-03-22T10:50:33.808-0700][gc,marking   ] GC(2) Concurrent Mark From Roots 7.876ms
[2023-03-22T10:50:33.808-0700][gc,marking   ] GC(2) Concurrent Preclean
[2023-03-22T10:50:33.808-0700][gc,marking   ] GC(2) Concurrent Preclean 0.098ms
[2023-03-22T10:50:33.808-0700][gc,marking   ] GC(2) Concurrent Mark (1.143s, 1.151s) 8.023ms
[2023-03-22T10:50:33.808-0700][gc,start     ] GC(2) Pause Remark
[2023-03-22T10:50:33.809-0700][gc,stringtable] GC(2) Cleaned string and symbol table, strings: 5123 processed, 0 removed, symbols: 52298 processed, 42 removed
[2023-03-22T10:50:33.810-0700][gc            ] GC(2) Pause Remark 8M->8M(1024M) 1.734ms
[2023-03-22T10:50:33.810-0700][gc,cpu        ] GC(2) User=0.01s Sys=0.00s Real=0.00s
[2023-03-22T10:50:33.810-0700][gc,marking    ] GC(2) Concurrent Rebuild Remembered Sets
[2023-03-22T10:50:33.816-0700][gc,marking    ] GC(2) Concurrent Rebuild Remembered Sets 5.998ms
[2023-03-22T10:50:33.816-0700][gc,start      ] GC(2) Pause Cleanup
[2023-03-22T10:50:33.816-0700][gc            ] GC(2) Pause Cleanup 9M->9M(1024M) 0.197ms
[2023-03-22T10:50:33.816-0700][gc,cpu        ] GC(2) User=0.01s Sys=0.00s Real=0.00s
[2023-03-22T10:50:33.816-0700][gc,marking    ] GC(2) Concurrent Cleanup for Next Mark
[2023-03-22T10:50:33.825-0700][gc,marking    ] GC(2) Concurrent Cleanup for Next Mark 9.329ms
[2023-03-22T10:50:33.826-0700][gc            ] GC(2) Concurrent Cycle 26.457ms
[2023-03-22T10:50:34.885-0700][gc,start      ] GC(3) Pause Young (Normal) (G1 Evacuation Pause)
[2023-03-22T10:50:34.885-0700][gc,task       ] GC(3) Using 4 workers of 4 for evacuation
[2023-03-22T10:50:34.890-0700][gc,phases     ] GC(3)   Pre Evacuate Collection Set: 0.0ms
[2023-03-22T10:50:34.890-0700][gc,phases     ] GC(3)   Evacuate Collection Set: 3.9ms
[2023-03-22T10:50:34.890-0700][gc,phases     ] GC(3)   Post Evacuate Collection Set: 0.4ms
[2023-03-22T10:50:34.890-0700][gc,phases     ] GC(3)   Other: 0.1ms
[2023-03-22T10:50:34.890-0700][gc,heap       ] GC(3) Eden regions: 49->0(47)
[2023-03-22T10:50:34.890-0700][gc,heap       ] GC(3) Survivor regions: 2->4(7)
[2023-03-22T10:50:34.890-0700][gc,heap       ] GC(3) Old regions: 9->9
[2023-03-22T10:50:34.890-0700][gc,heap       ] GC(3) Humongous regions: 129->129
[2023-03-22T10:50:34.890-0700][gc,metaspace  ] GC(3) Metaspace: 28684K(29696K)->28684K(29696K) NonClass: 25317K(25856K)->25317K(25856K) Class: 3367K(3840K)->3367K(3840K)
[2023-03-22T10:50:34.890-0700][gc            ] GC(3) Pause Young (Normal) (G1 Evacuation Pause) 186M->139M(1024M) 4.424ms
[2023-03-22T10:50:34.890-0700][gc,cpu        ] GC(3) User=0.02s Sys=0.00s Real=0.00s
[2023-03-22T10:50:35.234-0700][gc,start      ] GC(4) Pause Young (Concurrent Start) (Metadata GC Threshold)
[2023-03-22T10:50:35.234-0700][gc,task       ] GC(4) Using 4 workers of 4 for evacuation
[2023-03-22T10:50:35.246-0700][gc,phases     ] GC(4)   Pre Evacuate Collection Set: 0.1ms
[2023-03-22T10:50:35.246-0700][gc,phases     ] GC(4)   Evacuate Collection Set: 11.2ms
[2023-03-22T10:50:35.246-0700][gc,phases     ] GC(4)   Post Evacuate Collection Set: 0.5ms
[2023-03-22T10:50:35.246-0700][gc,phases     ] GC(4)   Other: 0.2ms
[2023-03-22T10:50:35.246-0700][gc,heap       ] GC(4) Eden regions: 37->0(44)
[2023-03-22T10:50:35.246-0700][gc,heap       ] GC(4) Survivor regions: 4->7(7)
[2023-03-22T10:50:35.246-0700][gc,heap       ] GC(4) Old regions: 9->9
[2023-03-22T10:50:35.246-0700][gc,heap       ] GC(4) Humongous regions: 129->129
[2023-03-22T10:50:35.246-0700][gc,metaspace  ] GC(4) Metaspace: 34502K(35840K)->34502K(35840K) NonClass: 30406K(31104K)->30406K(31104K) Class: 4095K(4736K)->4095K(4736K)
[2023-03-22T10:50:35.246-0700][gc            ] GC(4) Pause Young (Concurrent Start) (Metadata GC Threshold) 176M->142M(1024M) 12.087ms
[2023-03-22T10:50:35.246-0700][gc,cpu        ] GC(4) User=0.02s Sys=0.00s Real=0.02s
[2023-03-22T10:50:35.246-0700][gc            ] GC(5) Concurrent Cycle
[2023-03-22T10:50:35.246-0700][gc,marking    ] GC(5) Concurrent Clear Claimed Marks
[2023-03-22T10:50:35.246-0700][gc,marking    ] GC(5) Concurrent Clear Claimed Marks 0.085ms
[2023-03-22T10:50:35.246-0700][gc,marking    ] GC(5) Concurrent Scan Root Regions
[2023-03-22T10:50:35.250-0700][gc,marking    ] GC(5) Concurrent Scan Root Regions 3.878ms
[2023-03-22T10:50:35.250-0700][gc,marking    ] GC(5) Concurrent Mark (2.594s)
[2023-03-22T10:50:35.250-0700][gc,marking    ] GC(5) Concurrent Mark From Roots
[2023-03-22T10:50:35.250-0700][gc,task       ] GC(5) Using 1 workers of 1 for marking
[2023-03-22T10:50:35.261-0700][gc,marking    ] GC(5) Concurrent Mark From Roots 10.765ms
[2023-03-22T10:50:35.261-0700][gc,marking    ] GC(5) Concurrent Preclean
[2023-03-22T10:50:35.261-0700][gc,marking    ] GC(5) Concurrent Preclean 0.099ms
[2023-03-22T10:50:35.261-0700][gc,marking    ] GC(5) Concurrent Mark (2.594s, 2.604s) 10.902ms
[2023-03-22T10:50:35.266-0700][gc,start      ] GC(5) Pause Remark
[2023-03-22T10:50:35.268-0700][gc,stringtable] GC(5) Cleaned string and symbol table, strings: 9883 processed, 10 removed, symbols: 84512 processed, 14 removed
[2023-03-22T10:50:35.268-0700][gc            ] GC(5) Pause Remark 144M->144M(1024M) 1.943ms
[2023-03-22T10:50:35.268-0700][gc,cpu        ] GC(5) User=0.00s Sys=0.00s Real=0.00s
[2023-03-22T10:50:35.268-0700][gc,marking    ] GC(5) Concurrent Rebuild Remembered Sets
[2023-03-22T10:50:35.277-0700][gc,marking    ] GC(5) Concurrent Rebuild Remembered Sets 9.214ms
[2023-03-22T10:50:35.277-0700][gc,start      ] GC(5) Pause Cleanup
[2023-03-22T10:50:35.278-0700][gc            ] GC(5) Pause Cleanup 145M->145M(1024M) 0.796ms
[2023-03-22T10:50:35.278-0700][gc,cpu        ] GC(5) User=0.00s Sys=0.00s Real=0.00s
[2023-03-22T10:50:35.278-0700][gc,marking    ] GC(5) Concurrent Cleanup for Next Mark
[2023-03-22T10:50:35.301-0700][gc,marking    ] GC(5) Concurrent Cleanup for Next Mark 22.862ms
[2023-03-22T10:50:35.301-0700][gc            ] GC(5) Concurrent Cycle 54.970ms
[2023-03-22T10:50:52.261-0700][gc,start      ] GC(6) Pause Young (Concurrent Start) (G1 Evacuation Pause)
[2023-03-22T10:50:52.261-0700][gc,task       ] GC(6) Using 4 workers of 4 for evacuation
[2023-03-22T10:50:52.268-0700][gc,phases     ] GC(6)   Pre Evacuate Collection Set: 0.2ms
[2023-03-22T10:50:52.268-0700][gc,phases     ] GC(6)   Evacuate Collection Set: 6.8ms
[2023-03-22T10:50:52.268-0700][gc,phases     ] GC(6)   Post Evacuate Collection Set: 0.7ms
[2023-03-22T10:50:52.269-0700][gc,phases     ] GC(6)   Other: 0.2ms
[2023-03-22T10:50:52.269-0700][gc,heap       ] GC(6) Eden regions: 44->0(45)
[2023-03-22T10:50:52.269-0700][gc,heap       ] GC(6) Survivor regions: 7->6(7)
[2023-03-22T10:50:52.269-0700][gc,heap       ] GC(6) Old regions: 9->12
[2023-03-22T10:50:52.269-0700][gc,heap       ] GC(6) Humongous regions: 135->129
[2023-03-22T10:50:52.269-0700][gc,metaspace  ] GC(6) Metaspace: 41556K(44160K)->41556K(44160K) NonClass: 36052K(37376K)->36052K(37376K) Class: 5503K(6784K)->5503K(6784K)
[2023-03-22T10:50:52.269-0700][gc            ] GC(6) Pause Young (Concurrent Start) (G1 Evacuation Pause) 192M->144M(1024M) 7.915ms
[2023-03-22T10:50:52.269-0700][gc,cpu        ] GC(6) User=0.02s Sys=0.00s Real=0.01s
[2023-03-22T10:50:52.269-0700][gc            ] GC(7) Concurrent Cycle
[2023-03-22T10:50:52.269-0700][gc,marking    ] GC(7) Concurrent Clear Claimed Marks
[2023-03-22T10:50:52.269-0700][gc,marking    ] GC(7) Concurrent Clear Claimed Marks 0.160ms
[2023-03-22T10:50:52.269-0700][gc,marking    ] GC(7) Concurrent Scan Root Regions
[2023-03-22T10:50:52.273-0700][gc,marking    ] GC(7) Concurrent Scan Root Regions 3.904ms
[2023-03-22T10:50:52.273-0700][gc,marking    ] GC(7) Concurrent Mark (19.616s)
[2023-03-22T10:50:52.273-0700][gc,marking    ] GC(7) Concurrent Mark From Roots
[2023-03-22T10:50:52.273-0700][gc,task       ] GC(7) Using 1 workers of 1 for marking
[2023-03-22T10:50:52.286-0700][gc,marking    ] GC(7) Concurrent Mark From Roots 12.801ms
[2023-03-22T10:50:52.286-0700][gc,marking    ] GC(7) Concurrent Preclean
[2023-03-22T10:50:52.286-0700][gc,marking    ] GC(7) Concurrent Preclean 0.107ms
[2023-03-22T10:50:52.286-0700][gc,marking    ] GC(7) Concurrent Mark (19.616s, 19.629s) 13.044ms
[2023-03-22T10:50:52.286-0700][gc,start      ] GC(7) Pause Remark
[2023-03-22T10:50:52.288-0700][gc,stringtable] GC(7) Cleaned string and symbol table, strings: 11094 processed, 2 removed, symbols: 91384 processed, 3 removed
[2023-03-22T10:50:52.288-0700][gc            ] GC(7) Pause Remark 145M->145M(1024M) 2.520ms
[2023-03-22T10:50:52.288-0700][gc,cpu        ] GC(7) User=0.01s Sys=0.00s Real=0.00s
[2023-03-22T10:50:52.289-0700][gc,marking    ] GC(7) Concurrent Rebuild Remembered Sets
[2023-03-22T10:50:52.295-0700][gc,marking    ] GC(7) Concurrent Rebuild Remembered Sets 6.450ms
[2023-03-22T10:50:52.295-0700][gc,start      ] GC(7) Pause Cleanup
[2023-03-22T10:50:52.295-0700][gc            ] GC(7) Pause Cleanup 145M->145M(1024M) 0.179ms
[2023-03-22T10:50:52.295-0700][gc,cpu        ] GC(7) User=0.00s Sys=0.00s Real=0.01s
[2023-03-22T10:50:52.295-0700][gc,marking    ] GC(7) Concurrent Cleanup for Next Mark
[2023-03-22T10:50:52.296-0700][gc,marking    ] GC(7) Concurrent Cleanup for Next Mark 0.806ms
[2023-03-22T10:50:52.296-0700][gc            ] GC(7) Concurrent Cycle 27.609ms
[2023-03-22T10:57:56.803-0700][gc,heap,exit  ] Heap
[2023-03-22T10:57:56.803-0700][gc,heap,exit  ]  garbage-first heap   total 1048576K, used 173954K [0x00000000c0000000, 0x0000000100000000)
[2023-03-22T10:57:56.803-0700][gc,heap,exit  ]   region size 1024K, 32 young (32768K), 6 survivors (6144K)
[2023-03-22T10:57:56.803-0700][gc,heap,exit  ]  Metaspace       used 43314K, capacity 46079K, committed 46208K, reserved 1087488K
[2023-03-22T10:57:56.803-0700][gc,heap,exit  ]   class space    used 5834K, capacity 7243K, committed 7296K, reserved 1048576K
