[2023-03-22T10:39:32.371-0700][gc,heap] Heap region size: 1M
[2023-03-22T10:39:32.381-0700][gc     ] Using G1
[2023-03-22T10:39:32.381-0700][gc,heap,coops] Heap address: 0x00000000c0000000, size: 1024 MB, Compressed Oops mode: 32-bit
[2023-03-22T10:39:32.381-0700][gc,cds       ] Mark closed archive regions in map: [0x00000000fff00000, 0x00000000fff6aff8]
[2023-03-22T10:39:32.381-0700][gc,cds       ] Mark open archive regions in map: [0x00000000ffe00000, 0x00000000ffe47ff8]
[2023-03-22T10:39:33.187-0700][gc,start     ] GC(0) Pause Young (Normal) (G1 Evacuation Pause)
[2023-03-22T10:39:33.187-0700][gc,task      ] GC(0) Using 4 workers of 4 for evacuation
[2023-03-22T10:39:33.194-0700][gc,phases    ] GC(0)   Pre Evacuate Collection Set: 0.0ms
[2023-03-22T10:39:33.194-0700][gc,phases    ] GC(0)   Evacuate Collection Set: 6.5ms
[2023-03-22T10:39:33.194-0700][gc,phases    ] GC(0)   Post Evacuate Collection Set: 0.4ms
[2023-03-22T10:39:33.195-0700][gc,phases    ] GC(0)   Other: 0.5ms
[2023-03-22T10:39:33.195-0700][gc,heap      ] GC(0) Eden regions: 51->0(44)
[2023-03-22T10:39:33.195-0700][gc,heap      ] GC(0) Survivor regions: 0->7(7)
[2023-03-22T10:39:33.195-0700][gc,heap      ] GC(0) Old regions: 2->2
[2023-03-22T10:39:33.195-0700][gc,heap      ] GC(0) Humongous regions: 0->0
[2023-03-22T10:39:33.195-0700][gc,metaspace ] GC(0) Metaspace: 14114K(14848K)->14114K(14848K) NonClass: 12360K(12800K)->12360K(12800K) Class: 1754K(2048K)->1754K(2048K)
[2023-03-22T10:39:33.195-0700][gc           ] GC(0) Pause Young (Normal) (G1 Evacuation Pause) 51M->7M(1024M) 7.489ms
[2023-03-22T10:39:33.195-0700][gc,cpu       ] GC(0) User=0.02s Sys=0.01s Real=0.00s
[2023-03-22T10:39:33.641-0700][gc,start     ] GC(1) Pause Young (Concurrent Start) (Metadata GC Threshold)
[2023-03-22T10:39:33.641-0700][gc,task      ] GC(1) Using 4 workers of 4 for evacuation
[2023-03-22T10:39:33.651-0700][gc,phases    ] GC(1)   Pre Evacuate Collection Set: 0.0ms
[2023-03-22T10:39:33.651-0700][gc,phases    ] GC(1)   Evacuate Collection Set: 8.5ms
[2023-03-22T10:39:33.651-0700][gc,phases    ] GC(1)   Post Evacuate Collection Set: 0.5ms
[2023-03-22T10:39:33.651-0700][gc,phases    ] GC(1)   Other: 0.2ms
[2023-03-22T10:39:33.651-0700][gc,heap      ] GC(1) Eden regions: 32->0(49)
[2023-03-22T10:39:33.651-0700][gc,heap      ] GC(1) Survivor regions: 7->2(7)
[2023-03-22T10:39:33.651-0700][gc,heap      ] GC(1) Old regions: 2->9
[2023-03-22T10:39:33.651-0700][gc,heap      ] GC(1) Humongous regions: 0->0
[2023-03-22T10:39:33.651-0700][gc,metaspace ] GC(1) Metaspace: 20588K(21248K)->20588K(21248K) NonClass: 18055K(18432K)->18055K(18432K) Class: 2533K(2816K)->2533K(2816K)
[2023-03-22T10:39:33.651-0700][gc           ] GC(1) Pause Young (Concurrent Start) (Metadata GC Threshold) 38M->8M(1024M) 9.270ms
[2023-03-22T10:39:33.651-0700][gc,cpu       ] GC(1) User=0.02s Sys=0.00s Real=0.01s
[2023-03-22T10:39:33.651-0700][gc           ] GC(2) Concurrent Cycle
[2023-03-22T10:39:33.651-0700][gc,marking   ] GC(2) Concurrent Clear Claimed Marks
[2023-03-22T10:39:33.651-0700][gc,marking   ] GC(2) Concurrent Clear Claimed Marks 0.038ms
[2023-03-22T10:39:33.651-0700][gc,marking   ] GC(2) Concurrent Scan Root Regions
[2023-03-22T10:39:33.652-0700][gc,marking   ] GC(2) Concurrent Scan Root Regions 1.283ms
[2023-03-22T10:39:33.652-0700][gc,marking   ] GC(2) Concurrent Mark (1.284s)
[2023-03-22T10:39:33.652-0700][gc,marking   ] GC(2) Concurrent Mark From Roots
[2023-03-22T10:39:33.652-0700][gc,task      ] GC(2) Using 1 workers of 1 for marking
[2023-03-22T10:39:33.660-0700][gc,marking   ] GC(2) Concurrent Mark From Roots 7.601ms
[2023-03-22T10:39:33.660-0700][gc,marking   ] GC(2) Concurrent Preclean
[2023-03-22T10:39:33.660-0700][gc,marking   ] GC(2) Concurrent Preclean 0.090ms
[2023-03-22T10:39:33.660-0700][gc,marking   ] GC(2) Concurrent Mark (1.284s, 1.292s) 7.722ms
[2023-03-22T10:39:33.660-0700][gc,start     ] GC(2) Pause Remark
[2023-03-22T10:39:33.662-0700][gc,stringtable] GC(2) Cleaned string and symbol table, strings: 5186 processed, 0 removed, symbols: 52552 processed, 44 removed
[2023-03-22T10:39:33.663-0700][gc            ] GC(2) Pause Remark 8M->8M(1024M) 2.613ms
[2023-03-22T10:39:33.663-0700][gc,cpu        ] GC(2) User=0.01s Sys=0.00s Real=0.00s
[2023-03-22T10:39:33.663-0700][gc,marking    ] GC(2) Concurrent Rebuild Remembered Sets
[2023-03-22T10:39:33.667-0700][gc,marking    ] GC(2) Concurrent Rebuild Remembered Sets 4.036ms
[2023-03-22T10:39:33.667-0700][gc,start      ] GC(2) Pause Cleanup
[2023-03-22T10:39:33.667-0700][gc            ] GC(2) Pause Cleanup 9M->9M(1024M) 0.230ms
[2023-03-22T10:39:33.667-0700][gc,cpu        ] GC(2) User=0.00s Sys=0.00s Real=0.00s
[2023-03-22T10:39:33.667-0700][gc,marking    ] GC(2) Concurrent Cleanup for Next Mark
[2023-03-22T10:39:33.676-0700][gc,marking    ] GC(2) Concurrent Cleanup for Next Mark 8.809ms
[2023-03-22T10:39:33.676-0700][gc            ] GC(2) Concurrent Cycle 25.248ms
[2023-03-22T10:39:34.220-0700][gc,start      ] GC(3) Pause Young (Normal) (G1 Evacuation Pause)
[2023-03-22T10:39:34.220-0700][gc,task       ] GC(3) Using 4 workers of 4 for evacuation
[2023-03-22T10:39:34.226-0700][gc,phases     ] GC(3)   Pre Evacuate Collection Set: 0.0ms
[2023-03-22T10:39:34.226-0700][gc,phases     ] GC(3)   Evacuate Collection Set: 5.7ms
[2023-03-22T10:39:34.226-0700][gc,phases     ] GC(3)   Post Evacuate Collection Set: 0.4ms
[2023-03-22T10:39:34.226-0700][gc,phases     ] GC(3)   Other: 0.1ms
[2023-03-22T10:39:34.226-0700][gc,heap       ] GC(3) Eden regions: 49->0(46)
[2023-03-22T10:39:34.226-0700][gc,heap       ] GC(3) Survivor regions: 2->5(7)
[2023-03-22T10:39:34.226-0700][gc,heap       ] GC(3) Old regions: 9->9
[2023-03-22T10:39:34.226-0700][gc,heap       ] GC(3) Humongous regions: 129->129
[2023-03-22T10:39:34.226-0700][gc,metaspace  ] GC(3) Metaspace: 28600K(29696K)->28600K(29696K) NonClass: 25247K(25856K)->25247K(25856K) Class: 3352K(3840K)->3352K(3840K)
[2023-03-22T10:39:34.226-0700][gc            ] GC(3) Pause Young (Normal) (G1 Evacuation Pause) 186M->140M(1024M) 6.281ms
[2023-03-22T10:39:34.226-0700][gc,cpu        ] GC(3) User=0.02s Sys=0.00s Real=0.01s
[2023-03-22T10:39:34.528-0700][gc,start      ] GC(4) Pause Young (Concurrent Start) (Metadata GC Threshold)
[2023-03-22T10:39:34.528-0700][gc,task       ] GC(4) Using 4 workers of 4 for evacuation
[2023-03-22T10:39:34.537-0700][gc,phases     ] GC(4)   Pre Evacuate Collection Set: 0.1ms
[2023-03-22T10:39:34.537-0700][gc,phases     ] GC(4)   Evacuate Collection Set: 8.2ms
[2023-03-22T10:39:34.537-0700][gc,phases     ] GC(4)   Post Evacuate Collection Set: 0.4ms
[2023-03-22T10:39:34.537-0700][gc,phases     ] GC(4)   Other: 0.2ms
[2023-03-22T10:39:34.537-0700][gc,heap       ] GC(4) Eden regions: 32->0(49)
[2023-03-22T10:39:34.537-0700][gc,heap       ] GC(4) Survivor regions: 5->2(7)
[2023-03-22T10:39:34.537-0700][gc,heap       ] GC(4) Old regions: 9->13
[2023-03-22T10:39:34.537-0700][gc,heap       ] GC(4) Humongous regions: 129->129
[2023-03-22T10:39:34.537-0700][gc,metaspace  ] GC(4) Metaspace: 34480K(35840K)->34480K(35840K) NonClass: 30388K(31104K)->30388K(31104K) Class: 4091K(4736K)->4091K(4736K)
[2023-03-22T10:39:34.537-0700][gc            ] GC(4) Pause Young (Concurrent Start) (Metadata GC Threshold) 171M->142M(1024M) 9.003ms
[2023-03-22T10:39:34.537-0700][gc,cpu        ] GC(4) User=0.03s Sys=0.00s Real=0.01s
[2023-03-22T10:39:34.537-0700][gc            ] GC(5) Concurrent Cycle
[2023-03-22T10:39:34.537-0700][gc,marking    ] GC(5) Concurrent Clear Claimed Marks
[2023-03-22T10:39:34.537-0700][gc,marking    ] GC(5) Concurrent Clear Claimed Marks 0.056ms
[2023-03-22T10:39:34.537-0700][gc,marking    ] GC(5) Concurrent Scan Root Regions
[2023-03-22T10:39:34.538-0700][gc,marking    ] GC(5) Concurrent Scan Root Regions 1.254ms
[2023-03-22T10:39:34.538-0700][gc,marking    ] GC(5) Concurrent Mark (2.170s)
[2023-03-22T10:39:34.538-0700][gc,marking    ] GC(5) Concurrent Mark From Roots
[2023-03-22T10:39:34.538-0700][gc,task       ] GC(5) Using 1 workers of 1 for marking
[2023-03-22T10:39:34.553-0700][gc,marking    ] GC(5) Concurrent Mark From Roots 15.316ms
[2023-03-22T10:39:34.553-0700][gc,marking    ] GC(5) Concurrent Preclean
[2023-03-22T10:39:34.553-0700][gc,marking    ] GC(5) Concurrent Preclean 0.108ms
[2023-03-22T10:39:34.553-0700][gc,marking    ] GC(5) Concurrent Mark (2.170s, 2.185s) 15.462ms
[2023-03-22T10:39:34.555-0700][gc,start      ] GC(5) Pause Remark
[2023-03-22T10:39:34.557-0700][gc,stringtable] GC(5) Cleaned string and symbol table, strings: 9768 processed, 12 removed, symbols: 83379 processed, 12 removed
[2023-03-22T10:39:34.558-0700][gc            ] GC(5) Pause Remark 144M->144M(1024M) 2.861ms
[2023-03-22T10:39:34.558-0700][gc,cpu        ] GC(5) User=0.01s Sys=0.00s Real=0.01s
[2023-03-22T10:39:34.558-0700][gc,marking    ] GC(5) Concurrent Rebuild Remembered Sets
[2023-03-22T10:39:34.579-0700][gc,marking    ] GC(5) Concurrent Rebuild Remembered Sets 21.181ms
[2023-03-22T10:39:34.579-0700][gc,start      ] GC(5) Pause Cleanup
[2023-03-22T10:39:34.580-0700][gc            ] GC(5) Pause Cleanup 146M->146M(1024M) 0.200ms
[2023-03-22T10:39:34.580-0700][gc,cpu        ] GC(5) User=0.00s Sys=0.00s Real=0.00s
[2023-03-22T10:39:34.580-0700][gc,marking    ] GC(5) Concurrent Cleanup for Next Mark
[2023-03-22T10:39:34.592-0700][gc,marking    ] GC(5) Concurrent Cleanup for Next Mark 11.925ms
[2023-03-22T10:39:34.592-0700][gc            ] GC(5) Concurrent Cycle 55.058ms
[2023-03-22T10:40:02.891-0700][gc,start      ] GC(6) Pause Young (Normal) (G1 Evacuation Pause)
[2023-03-22T10:40:02.891-0700][gc,task       ] GC(6) Using 4 workers of 4 for evacuation
[2023-03-22T10:40:02.895-0700][gc,phases     ] GC(6)   Pre Evacuate Collection Set: 0.0ms
[2023-03-22T10:40:02.895-0700][gc,phases     ] GC(6)   Evacuate Collection Set: 3.4ms
[2023-03-22T10:40:02.895-0700][gc,phases     ] GC(6)   Post Evacuate Collection Set: 0.6ms
[2023-03-22T10:40:02.895-0700][gc,phases     ] GC(6)   Other: 0.1ms
[2023-03-22T10:40:02.895-0700][gc,heap       ] GC(6) Eden regions: 49->0(46)
[2023-03-22T10:40:02.895-0700][gc,heap       ] GC(6) Survivor regions: 2->5(7)
[2023-03-22T10:40:02.895-0700][gc,heap       ] GC(6) Old regions: 13->13
[2023-03-22T10:40:02.895-0700][gc,heap       ] GC(6) Humongous regions: 129->129
[2023-03-22T10:40:02.895-0700][gc,metaspace  ] GC(6) Metaspace: 41369K(43980K)->41369K(43980K) NonClass: 35983K(37376K)->35983K(37376K) Class: 5385K(6604K)->5385K(6604K)
[2023-03-22T10:40:02.895-0700][gc            ] GC(6) Pause Young (Normal) (G1 Evacuation Pause) 191M->144M(1024M) 4.164ms
[2023-03-22T10:40:02.895-0700][gc,cpu        ] GC(6) User=0.01s Sys=0.00s Real=0.00s
[2023-03-22T10:40:03.352-0700][gc,heap,exit  ] Heap
[2023-03-22T10:40:03.352-0700][gc,heap,exit  ]  garbage-first heap   total 1048576K, used 159661K [0x00000000c0000000, 0x0000000100000000)
[2023-03-22T10:40:03.352-0700][gc,heap,exit  ]   region size 1024K, 17 young (17408K), 5 survivors (5120K)
[2023-03-22T10:40:03.352-0700][gc,heap,exit  ]  Metaspace       used 42286K, capacity 44827K, committed 45132K, reserved 1087488K
[2023-03-22T10:40:03.352-0700][gc,heap,exit  ]   class space    used 5631K, capacity 6929K, committed 6988K, reserved 1048576K
