[2023-03-22T11:01:11.603-0700][gc,heap] Heap region size: 1M
[2023-03-22T11:01:11.613-0700][gc     ] Using G1
[2023-03-22T11:01:11.613-0700][gc,heap,coops] Heap address: 0x00000000c0000000, size: 1024 MB, Compressed Oops mode: 32-bit
[2023-03-22T11:01:11.613-0700][gc,cds       ] Mark closed archive regions in map: [0x00000000fff00000, 0x00000000fff6aff8]
[2023-03-22T11:01:11.613-0700][gc,cds       ] Mark open archive regions in map: [0x00000000ffe00000, 0x00000000ffe47ff8]
[2023-03-22T11:01:12.147-0700][gc,heap,exit ] Heap
[2023-03-22T11:01:12.147-0700][gc,heap,exit ]  garbage-first heap   total 1048576K, used 35532K [0x00000000c0000000, 0x0000000100000000)
[2023-03-22T11:01:12.147-0700][gc,heap,exit ]   region size 1024K, 35 young (35840K), 0 survivors (0K)
[2023-03-22T11:01:12.147-0700][gc,heap,exit ]  Metaspace       used 10053K, capacity 10408K, committed 10624K, reserved 1058816K
[2023-03-22T11:01:12.147-0700][gc,heap,exit ]   class space    used 1258K, capacity 1372K, committed 1408K, reserved 1048576K
