[2022-12-26T22:11:20.549-0800][gc,heap] Heap region size: 1M
[2022-12-26T22:11:20.558-0800][gc     ] Using G1
[2022-12-26T22:11:20.558-0800][gc,heap,coops] Heap address: 0x00000000c0000000, size: 1024 MB, Compressed Oops mode: 32-bit
[2022-12-26T22:11:20.558-0800][gc,cds       ] Mark closed archive regions in map: [0x00000000fff00000, 0x00000000fff6aff8]
[2022-12-26T22:11:20.558-0800][gc,cds       ] Mark open archive regions in map: [0x00000000ffe00000, 0x00000000ffe47ff8]
[2022-12-26T22:11:21.336-0800][gc,start     ] GC(0) Pause Young (Normal) (G1 Evacuation Pause)
[2022-12-26T22:11:21.337-0800][gc,task      ] GC(0) Using 4 workers of 4 for evacuation
[2022-12-26T22:11:21.344-0800][gc,phases    ] GC(0)   Pre Evacuate Collection Set: 0.0ms
[2022-12-26T22:11:21.344-0800][gc,phases    ] GC(0)   Evacuate Collection Set: 6.7ms
[2022-12-26T22:11:21.344-0800][gc,phases    ] GC(0)   Post Evacuate Collection Set: 0.4ms
[2022-12-26T22:11:21.344-0800][gc,phases    ] GC(0)   Other: 0.5ms
[2022-12-26T22:11:21.344-0800][gc,heap      ] GC(0) Eden regions: 51->0(44)
[2022-12-26T22:11:21.344-0800][gc,heap      ] GC(0) Survivor regions: 0->7(7)
[2022-12-26T22:11:21.344-0800][gc,heap      ] GC(0) Old regions: 2->2
[2022-12-26T22:11:21.344-0800][gc,heap      ] GC(0) Humongous regions: 0->0
[2022-12-26T22:11:21.344-0800][gc,metaspace ] GC(0) Metaspace: 14055K(14848K)->14055K(14848K) NonClass: 12302K(12800K)->12302K(12800K) Class: 1752K(2048K)->1752K(2048K)
[2022-12-26T22:11:21.344-0800][gc           ] GC(0) Pause Young (Normal) (G1 Evacuation Pause) 51M->7M(1024M) 7.733ms
[2022-12-26T22:11:21.344-0800][gc,cpu       ] GC(0) User=0.02s Sys=0.00s Real=0.01s
[2022-12-26T22:11:21.840-0800][gc,start     ] GC(1) Pause Young (Concurrent Start) (Metadata GC Threshold)
[2022-12-26T22:11:21.840-0800][gc,task      ] GC(1) Using 4 workers of 4 for evacuation
[2022-12-26T22:11:21.850-0800][gc,phases    ] GC(1)   Pre Evacuate Collection Set: 0.0ms
[2022-12-26T22:11:21.850-0800][gc,phases    ] GC(1)   Evacuate Collection Set: 9.6ms
[2022-12-26T22:11:21.850-0800][gc,phases    ] GC(1)   Post Evacuate Collection Set: 0.5ms
[2022-12-26T22:11:21.850-0800][gc,phases    ] GC(1)   Other: 0.2ms
[2022-12-26T22:11:21.850-0800][gc,heap      ] GC(1) Eden regions: 32->0(49)
[2022-12-26T22:11:21.850-0800][gc,heap      ] GC(1) Survivor regions: 7->2(7)
[2022-12-26T22:11:21.850-0800][gc,heap      ] GC(1) Old regions: 2->9
[2022-12-26T22:11:21.850-0800][gc,heap      ] GC(1) Humongous regions: 0->0
[2022-12-26T22:11:21.850-0800][gc,metaspace ] GC(1) Metaspace: 20648K(21248K)->20648K(21248K) NonClass: 18114K(18432K)->18114K(18432K) Class: 2533K(2816K)->2533K(2816K)
[2022-12-26T22:11:21.850-0800][gc           ] GC(1) Pause Young (Concurrent Start) (Metadata GC Threshold) 39M->8M(1024M) 10.282ms
[2022-12-26T22:11:21.850-0800][gc,cpu       ] GC(1) User=0.03s Sys=0.00s Real=0.01s
[2022-12-26T22:11:21.850-0800][gc           ] GC(2) Concurrent Cycle
[2022-12-26T22:11:21.850-0800][gc,marking   ] GC(2) Concurrent Clear Claimed Marks
[2022-12-26T22:11:21.850-0800][gc,marking   ] GC(2) Concurrent Clear Claimed Marks 0.038ms
[2022-12-26T22:11:21.850-0800][gc,marking   ] GC(2) Concurrent Scan Root Regions
[2022-12-26T22:11:21.851-0800][gc,marking   ] GC(2) Concurrent Scan Root Regions 0.869ms
[2022-12-26T22:11:21.851-0800][gc,marking   ] GC(2) Concurrent Mark (1.306s)
[2022-12-26T22:11:21.851-0800][gc,marking   ] GC(2) Concurrent Mark From Roots
[2022-12-26T22:11:21.851-0800][gc,task      ] GC(2) Using 1 workers of 1 for marking
[2022-12-26T22:11:21.859-0800][gc,marking   ] GC(2) Concurrent Mark From Roots 8.104ms
[2022-12-26T22:11:21.859-0800][gc,marking   ] GC(2) Concurrent Preclean
[2022-12-26T22:11:21.860-0800][gc,marking   ] GC(2) Concurrent Preclean 0.128ms
[2022-12-26T22:11:21.860-0800][gc,marking   ] GC(2) Concurrent Mark (1.306s, 1.314s) 8.282ms
[2022-12-26T22:11:21.860-0800][gc,start     ] GC(2) Pause Remark
[2022-12-26T22:11:21.862-0800][gc,stringtable] GC(2) Cleaned string and symbol table, strings: 5187 processed, 0 removed, symbols: 52548 processed, 44 removed
[2022-12-26T22:11:21.862-0800][gc            ] GC(2) Pause Remark 8M->8M(1024M) 2.661ms
[2022-12-26T22:11:21.862-0800][gc,cpu        ] GC(2) User=0.00s Sys=0.00s Real=0.00s
[2022-12-26T22:11:21.862-0800][gc,marking    ] GC(2) Concurrent Rebuild Remembered Sets
[2022-12-26T22:11:21.868-0800][gc,marking    ] GC(2) Concurrent Rebuild Remembered Sets 5.536ms
[2022-12-26T22:11:21.868-0800][gc,start      ] GC(2) Pause Cleanup
[2022-12-26T22:11:21.868-0800][gc            ] GC(2) Pause Cleanup 9M->9M(1024M) 0.153ms
[2022-12-26T22:11:21.868-0800][gc,cpu        ] GC(2) User=0.00s Sys=0.00s Real=0.00s
[2022-12-26T22:11:21.868-0800][gc,marking    ] GC(2) Concurrent Cleanup for Next Mark
[2022-12-26T22:11:21.878-0800][gc,marking    ] GC(2) Concurrent Cleanup for Next Mark 10.167ms
[2022-12-26T22:11:21.878-0800][gc            ] GC(2) Concurrent Cycle 28.131ms
[2022-12-26T22:11:22.439-0800][gc,start      ] GC(3) Pause Young (Normal) (G1 Evacuation Pause)
[2022-12-26T22:11:22.439-0800][gc,task       ] GC(3) Using 4 workers of 4 for evacuation
[2022-12-26T22:11:22.444-0800][gc,phases     ] GC(3)   Pre Evacuate Collection Set: 0.0ms
[2022-12-26T22:11:22.444-0800][gc,phases     ] GC(3)   Evacuate Collection Set: 4.6ms
[2022-12-26T22:11:22.444-0800][gc,phases     ] GC(3)   Post Evacuate Collection Set: 0.4ms
[2022-12-26T22:11:22.444-0800][gc,phases     ] GC(3)   Other: 0.1ms
[2022-12-26T22:11:22.444-0800][gc,heap       ] GC(3) Eden regions: 49->0(46)
[2022-12-26T22:11:22.444-0800][gc,heap       ] GC(3) Survivor regions: 2->5(7)
[2022-12-26T22:11:22.444-0800][gc,heap       ] GC(3) Old regions: 9->9
[2022-12-26T22:11:22.444-0800][gc,heap       ] GC(3) Humongous regions: 129->129
[2022-12-26T22:11:22.444-0800][gc,metaspace  ] GC(3) Metaspace: 28718K(29952K)->28718K(29952K) NonClass: 25360K(26112K)->25360K(26112K) Class: 3358K(3840K)->3358K(3840K)
[2022-12-26T22:11:22.444-0800][gc            ] GC(3) Pause Young (Normal) (G1 Evacuation Pause) 186M->140M(1024M) 5.161ms
[2022-12-26T22:11:22.444-0800][gc,cpu        ] GC(3) User=0.02s Sys=0.00s Real=0.01s
[2022-12-26T22:11:22.752-0800][gc,start      ] GC(4) Pause Young (Concurrent Start) (Metadata GC Threshold)
[2022-12-26T22:11:22.752-0800][gc,task       ] GC(4) Using 4 workers of 4 for evacuation
[2022-12-26T22:11:22.761-0800][gc,phases     ] GC(4)   Pre Evacuate Collection Set: 0.1ms
[2022-12-26T22:11:22.761-0800][gc,phases     ] GC(4)   Evacuate Collection Set: 8.5ms
[2022-12-26T22:11:22.761-0800][gc,phases     ] GC(4)   Post Evacuate Collection Set: 0.3ms
[2022-12-26T22:11:22.761-0800][gc,phases     ] GC(4)   Other: 0.2ms
[2022-12-26T22:11:22.761-0800][gc,heap       ] GC(4) Eden regions: 32->0(49)
[2022-12-26T22:11:22.761-0800][gc,heap       ] GC(4) Survivor regions: 5->2(7)
[2022-12-26T22:11:22.761-0800][gc,heap       ] GC(4) Old regions: 9->14
[2022-12-26T22:11:22.761-0800][gc,heap       ] GC(4) Humongous regions: 129->129
[2022-12-26T22:11:22.761-0800][gc,metaspace  ] GC(4) Metaspace: 34531K(35840K)->34531K(35840K) NonClass: 30439K(31104K)->30439K(31104K) Class: 4091K(4736K)->4091K(4736K)
[2022-12-26T22:11:22.761-0800][gc            ] GC(4) Pause Young (Concurrent Start) (Metadata GC Threshold) 172M->142M(1024M) 9.115ms
[2022-12-26T22:11:22.761-0800][gc,cpu        ] GC(4) User=0.03s Sys=0.00s Real=0.01s
[2022-12-26T22:11:22.761-0800][gc            ] GC(5) Concurrent Cycle
[2022-12-26T22:11:22.761-0800][gc,marking    ] GC(5) Concurrent Clear Claimed Marks
[2022-12-26T22:11:22.761-0800][gc,marking    ] GC(5) Concurrent Clear Claimed Marks 0.051ms
[2022-12-26T22:11:22.761-0800][gc,marking    ] GC(5) Concurrent Scan Root Regions
[2022-12-26T22:11:22.763-0800][gc,marking    ] GC(5) Concurrent Scan Root Regions 1.930ms
[2022-12-26T22:11:22.763-0800][gc,marking    ] GC(5) Concurrent Mark (2.218s)
[2022-12-26T22:11:22.763-0800][gc,marking    ] GC(5) Concurrent Mark From Roots
[2022-12-26T22:11:22.763-0800][gc,task       ] GC(5) Using 1 workers of 1 for marking
[2022-12-26T22:11:22.797-0800][gc,marking    ] GC(5) Concurrent Mark From Roots 33.906ms
[2022-12-26T22:11:22.797-0800][gc,marking    ] GC(5) Concurrent Preclean
[2022-12-26T22:11:22.797-0800][gc,marking    ] GC(5) Concurrent Preclean 0.087ms
[2022-12-26T22:11:22.797-0800][gc,marking    ] GC(5) Concurrent Mark (2.218s, 2.252s) 34.027ms
[2022-12-26T22:11:22.798-0800][gc,start      ] GC(5) Pause Remark
[2022-12-26T22:11:22.803-0800][gc,stringtable] GC(5) Cleaned string and symbol table, strings: 9805 processed, 10 removed, symbols: 83571 processed, 15 removed
[2022-12-26T22:11:22.803-0800][gc            ] GC(5) Pause Remark 145M->145M(1024M) 5.676ms
[2022-12-26T22:11:22.804-0800][gc,cpu        ] GC(5) User=0.01s Sys=0.00s Real=0.00s
[2022-12-26T22:11:22.804-0800][gc,marking    ] GC(5) Concurrent Rebuild Remembered Sets
[2022-12-26T22:11:22.834-0800][gc,marking    ] GC(5) Concurrent Rebuild Remembered Sets 30.795ms
[2022-12-26T22:11:22.834-0800][gc,start      ] GC(5) Pause Cleanup
[2022-12-26T22:11:22.835-0800][gc            ] GC(5) Pause Cleanup 149M->149M(1024M) 0.130ms
[2022-12-26T22:11:22.835-0800][gc,cpu        ] GC(5) User=0.00s Sys=0.00s Real=0.00s
[2022-12-26T22:11:22.835-0800][gc,marking    ] GC(5) Concurrent Cleanup for Next Mark
[2022-12-26T22:11:22.852-0800][gc,marking    ] GC(5) Concurrent Cleanup for Next Mark 17.202ms
[2022-12-26T22:11:22.852-0800][gc            ] GC(5) Concurrent Cycle 90.878ms
[2022-12-26T22:38:36.569-0800][gc,start      ] GC(6) Pause Young (Concurrent Start) (G1 Evacuation Pause)
[2022-12-26T22:38:36.569-0800][gc,task       ] GC(6) Using 4 workers of 4 for evacuation
[2022-12-26T22:38:36.573-0800][gc,phases     ] GC(6)   Pre Evacuate Collection Set: 0.1ms
[2022-12-26T22:38:36.573-0800][gc,phases     ] GC(6)   Evacuate Collection Set: 3.4ms
[2022-12-26T22:38:36.573-0800][gc,phases     ] GC(6)   Post Evacuate Collection Set: 0.6ms
[2022-12-26T22:38:36.573-0800][gc,phases     ] GC(6)   Other: 0.2ms
[2022-12-26T22:38:36.573-0800][gc,heap       ] GC(6) Eden regions: 49->0(47)
[2022-12-26T22:38:36.573-0800][gc,heap       ] GC(6) Survivor regions: 2->4(7)
[2022-12-26T22:38:36.573-0800][gc,heap       ] GC(6) Old regions: 14->14
[2022-12-26T22:38:36.573-0800][gc,heap       ] GC(6) Humongous regions: 129->129
[2022-12-26T22:38:36.573-0800][gc,metaspace  ] GC(6) Metaspace: 39689K(41984K)->39689K(41984K) NonClass: 34629K(35840K)->34629K(35840K) Class: 5059K(6144K)->5059K(6144K)
[2022-12-26T22:38:36.573-0800][gc            ] GC(6) Pause Young (Concurrent Start) (G1 Evacuation Pause) 191M->144M(1024M) 4.375ms
[2022-12-26T22:38:36.573-0800][gc,cpu        ] GC(6) User=0.01s Sys=0.00s Real=0.00s
[2022-12-26T22:38:36.573-0800][gc            ] GC(7) Concurrent Cycle
[2022-12-26T22:38:36.573-0800][gc,marking    ] GC(7) Concurrent Clear Claimed Marks
[2022-12-26T22:38:36.574-0800][gc,marking    ] GC(7) Concurrent Clear Claimed Marks 0.113ms
[2022-12-26T22:38:36.574-0800][gc,marking    ] GC(7) Concurrent Scan Root Regions
[2022-12-26T22:38:36.576-0800][gc,marking    ] GC(7) Concurrent Scan Root Regions 2.748ms
[2022-12-26T22:38:36.576-0800][gc,marking    ] GC(7) Concurrent Mark (1636.031s)
[2022-12-26T22:38:36.576-0800][gc,marking    ] GC(7) Concurrent Mark From Roots
[2022-12-26T22:38:36.576-0800][gc,task       ] GC(7) Using 1 workers of 1 for marking
[2022-12-26T22:38:36.591-0800][gc,marking    ] GC(7) Concurrent Mark From Roots 14.550ms
[2022-12-26T22:38:36.591-0800][gc,marking    ] GC(7) Concurrent Preclean
[2022-12-26T22:38:36.591-0800][gc,marking    ] GC(7) Concurrent Preclean 0.217ms
[2022-12-26T22:38:36.591-0800][gc,marking    ] GC(7) Concurrent Mark (1636.031s, 1636.046s) 14.806ms
[2022-12-26T22:38:36.591-0800][gc,start      ] GC(7) Pause Remark
[2022-12-26T22:38:36.597-0800][gc,stringtable] GC(7) Cleaned string and symbol table, strings: 11002 processed, 279 removed, symbols: 89190 processed, 7 removed
[2022-12-26T22:38:36.597-0800][gc            ] GC(7) Pause Remark 145M->145M(1024M) 5.875ms
[2022-12-26T22:38:36.597-0800][gc,cpu        ] GC(7) User=0.02s Sys=0.00s Real=0.01s
[2022-12-26T22:38:36.597-0800][gc,marking    ] GC(7) Concurrent Rebuild Remembered Sets
[2022-12-26T22:38:36.605-0800][gc,marking    ] GC(7) Concurrent Rebuild Remembered Sets 8.004ms
[2022-12-26T22:38:36.605-0800][gc,start      ] GC(7) Pause Cleanup
[2022-12-26T22:38:36.606-0800][gc            ] GC(7) Pause Cleanup 146M->146M(1024M) 0.192ms
[2022-12-26T22:38:36.606-0800][gc,cpu        ] GC(7) User=0.00s Sys=0.00s Real=0.00s
[2022-12-26T22:38:36.606-0800][gc,marking    ] GC(7) Concurrent Cleanup for Next Mark
[2022-12-26T22:38:36.607-0800][gc,marking    ] GC(7) Concurrent Cleanup for Next Mark 1.276ms
[2022-12-26T22:38:36.607-0800][gc            ] GC(7) Concurrent Cycle 33.577ms
[2022-12-26T22:55:44.341-0800][gc,start      ] GC(8) Pause Young (Normal) (G1 Evacuation Pause)
[2022-12-26T22:55:44.341-0800][gc,task       ] GC(8) Using 4 workers of 4 for evacuation
[2022-12-26T22:55:44.363-0800][gc,mmu        ] GC(8) MMU target violated: 21.0ms (20.0ms/21.0ms)
[2022-12-26T22:55:44.363-0800][gc,phases     ] GC(8)   Pre Evacuate Collection Set: 0.0ms
[2022-12-26T22:55:44.363-0800][gc,phases     ] GC(8)   Evacuate Collection Set: 10.7ms
[2022-12-26T22:55:44.363-0800][gc,phases     ] GC(8)   Post Evacuate Collection Set: 11.2ms
[2022-12-26T22:55:44.363-0800][gc,phases     ] GC(8)   Other: 0.2ms
[2022-12-26T22:55:44.363-0800][gc,heap       ] GC(8) Eden regions: 47->0(45)
[2022-12-26T22:55:44.363-0800][gc,heap       ] GC(8) Survivor regions: 4->6(7)
[2022-12-26T22:55:44.363-0800][gc,heap       ] GC(8) Old regions: 14->14
[2022-12-26T22:55:44.363-0800][gc,heap       ] GC(8) Humongous regions: 129->129
[2022-12-26T22:55:44.363-0800][gc,metaspace  ] GC(8) Metaspace: 43346K(46080K)->43346K(46080K) NonClass: 37744K(39168K)->37744K(39168K) Class: 5601K(6912K)->5601K(6912K)
[2022-12-26T22:55:44.363-0800][gc            ] GC(8) Pause Young (Normal) (G1 Evacuation Pause) 191M->146M(1024M) 22.051ms
[2022-12-26T22:55:44.363-0800][gc,cpu        ] GC(8) User=0.03s Sys=0.00s Real=0.02s
[2022-12-27T06:50:43.817-0800][gc,start      ] GC(9) Pause Young (Normal) (G1 Evacuation Pause)
[2022-12-27T06:50:43.817-0800][gc,task       ] GC(9) Using 4 workers of 4 for evacuation
[2022-12-27T06:50:43.824-0800][gc,phases     ] GC(9)   Pre Evacuate Collection Set: 0.0ms
[2022-12-27T06:50:43.824-0800][gc,phases     ] GC(9)   Evacuate Collection Set: 5.1ms
[2022-12-27T06:50:43.824-0800][gc,phases     ] GC(9)   Post Evacuate Collection Set: 1.2ms
[2022-12-27T06:50:43.824-0800][gc,phases     ] GC(9)   Other: 0.2ms
[2022-12-27T06:50:43.824-0800][gc,heap       ] GC(9) Eden regions: 45->0(47)
[2022-12-27T06:50:43.824-0800][gc,heap       ] GC(9) Survivor regions: 6->4(7)
[2022-12-27T06:50:43.824-0800][gc,heap       ] GC(9) Old regions: 14->17
[2022-12-27T06:50:43.824-0800][gc,heap       ] GC(9) Humongous regions: 129->129
[2022-12-27T06:50:43.824-0800][gc,metaspace  ] GC(9) Metaspace: 43808K(46720K)->43808K(46720K) NonClass: 38188K(39680K)->38188K(39680K) Class: 5619K(7040K)->5619K(7040K)
[2022-12-27T06:50:43.824-0800][gc            ] GC(9) Pause Young (Normal) (G1 Evacuation Pause) 191M->147M(1024M) 6.500ms
[2022-12-27T06:50:43.824-0800][gc,cpu        ] GC(9) User=0.02s Sys=0.00s Real=0.01s
[2022-12-27T07:15:51.820-0800][gc,start      ] GC(10) Pause Young (Normal) (G1 Evacuation Pause)
[2022-12-27T07:15:51.820-0800][gc,task       ] GC(10) Using 4 workers of 4 for evacuation
[2022-12-27T07:15:51.824-0800][gc,phases     ] GC(10)   Pre Evacuate Collection Set: 0.0ms
[2022-12-27T07:15:51.824-0800][gc,phases     ] GC(10)   Evacuate Collection Set: 3.6ms
[2022-12-27T07:15:51.824-0800][gc,phases     ] GC(10)   Post Evacuate Collection Set: 0.5ms
[2022-12-27T07:15:51.824-0800][gc,phases     ] GC(10)   Other: 0.1ms
[2022-12-27T07:15:51.824-0800][gc,heap       ] GC(10) Eden regions: 47->0(47)
[2022-12-27T07:15:51.824-0800][gc,heap       ] GC(10) Survivor regions: 4->4(7)
[2022-12-27T07:15:51.824-0800][gc,heap       ] GC(10) Old regions: 17->17
[2022-12-27T07:15:51.825-0800][gc,heap       ] GC(10) Humongous regions: 129->129
[2022-12-27T07:15:51.825-0800][gc,metaspace  ] GC(10) Metaspace: 43887K(46720K)->43887K(46720K) NonClass: 38263K(39680K)->38263K(39680K) Class: 5623K(7040K)->5623K(7040K)
[2022-12-27T07:15:51.825-0800][gc            ] GC(10) Pause Young (Normal) (G1 Evacuation Pause) 194M->147M(1024M) 4.336ms
[2022-12-27T07:15:51.825-0800][gc,cpu        ] GC(10) User=0.01s Sys=0.00s Real=0.01s
[2022-12-27T07:40:09.588-0800][gc,start      ] GC(11) Pause Young (Normal) (G1 Evacuation Pause)
[2022-12-27T07:40:09.588-0800][gc,task       ] GC(11) Using 4 workers of 4 for evacuation
[2022-12-27T07:40:09.593-0800][gc,phases     ] GC(11)   Pre Evacuate Collection Set: 0.0ms
[2022-12-27T07:40:09.593-0800][gc,phases     ] GC(11)   Evacuate Collection Set: 3.5ms
[2022-12-27T07:40:09.593-0800][gc,phases     ] GC(11)   Post Evacuate Collection Set: 1.2ms
[2022-12-27T07:40:09.593-0800][gc,phases     ] GC(11)   Other: 0.2ms
[2022-12-27T07:40:09.593-0800][gc,heap       ] GC(11) Eden regions: 47->0(47)
[2022-12-27T07:40:09.593-0800][gc,heap       ] GC(11) Survivor regions: 4->4(7)
[2022-12-27T07:40:09.593-0800][gc,heap       ] GC(11) Old regions: 17->17
[2022-12-27T07:40:09.593-0800][gc,heap       ] GC(11) Humongous regions: 129->129
[2022-12-27T07:40:09.593-0800][gc,metaspace  ] GC(11) Metaspace: 43967K(46720K)->43967K(46720K) NonClass: 38339K(39680K)->38339K(39680K) Class: 5628K(7040K)->5628K(7040K)
[2022-12-27T07:40:09.593-0800][gc            ] GC(11) Pause Young (Normal) (G1 Evacuation Pause) 194M->148M(1024M) 4.994ms
[2022-12-27T07:40:09.593-0800][gc,cpu        ] GC(11) User=0.01s Sys=0.00s Real=0.01s
[2022-12-27T08:03:39.588-0800][gc,start      ] GC(12) Pause Young (Normal) (G1 Evacuation Pause)
[2022-12-27T08:03:39.588-0800][gc,task       ] GC(12) Using 4 workers of 4 for evacuation
[2022-12-27T08:03:39.592-0800][gc,phases     ] GC(12)   Pre Evacuate Collection Set: 0.0ms
[2022-12-27T08:03:39.592-0800][gc,phases     ] GC(12)   Evacuate Collection Set: 2.9ms
[2022-12-27T08:03:39.592-0800][gc,phases     ] GC(12)   Post Evacuate Collection Set: 1.2ms
[2022-12-27T08:03:39.592-0800][gc,phases     ] GC(12)   Other: 0.2ms
[2022-12-27T08:03:39.592-0800][gc,heap       ] GC(12) Eden regions: 47->0(51)
[2022-12-27T08:03:39.592-0800][gc,heap       ] GC(12) Survivor regions: 4->3(7)
[2022-12-27T08:03:39.592-0800][gc,heap       ] GC(12) Old regions: 17->18
[2022-12-27T08:03:39.592-0800][gc,heap       ] GC(12) Humongous regions: 129->129
[2022-12-27T08:03:39.592-0800][gc,metaspace  ] GC(12) Metaspace: 44007K(46720K)->44007K(46720K) NonClass: 38379K(39680K)->38379K(39680K) Class: 5628K(7040K)->5628K(7040K)
[2022-12-27T08:03:39.592-0800][gc            ] GC(12) Pause Young (Normal) (G1 Evacuation Pause) 195M->148M(1024M) 4.319ms
[2022-12-27T08:03:39.592-0800][gc,cpu        ] GC(12) User=0.01s Sys=0.00s Real=0.01s
[2022-12-27T08:31:32.162-0800][gc,start      ] GC(13) Pause Young (Normal) (G1 Evacuation Pause)
[2022-12-27T08:31:32.162-0800][gc,task       ] GC(13) Using 4 workers of 4 for evacuation
[2022-12-27T08:31:32.168-0800][gc,phases     ] GC(13)   Pre Evacuate Collection Set: 0.0ms
[2022-12-27T08:31:32.168-0800][gc,phases     ] GC(13)   Evacuate Collection Set: 5.0ms
[2022-12-27T08:31:32.168-0800][gc,phases     ] GC(13)   Post Evacuate Collection Set: 1.0ms
[2022-12-27T08:31:32.168-0800][gc,phases     ] GC(13)   Other: 0.1ms
[2022-12-27T08:31:32.168-0800][gc,heap       ] GC(13) Eden regions: 51->0(57)
[2022-12-27T08:31:32.168-0800][gc,heap       ] GC(13) Survivor regions: 3->4(7)
[2022-12-27T08:31:32.168-0800][gc,heap       ] GC(13) Old regions: 18->18
[2022-12-27T08:31:32.168-0800][gc,heap       ] GC(13) Humongous regions: 129->129
[2022-12-27T08:31:32.168-0800][gc,metaspace  ] GC(13) Metaspace: 44012K(46720K)->44012K(46720K) NonClass: 38384K(39680K)->38384K(39680K) Class: 5628K(7040K)->5628K(7040K)
[2022-12-27T08:31:32.168-0800][gc            ] GC(13) Pause Young (Normal) (G1 Evacuation Pause) 199M->149M(1024M) 6.258ms
[2022-12-27T08:31:32.168-0800][gc,cpu        ] GC(13) User=0.01s Sys=0.00s Real=0.01s
[2022-12-27T15:13:07.637-0800][gc,start      ] GC(14) Pause Young (Normal) (G1 Evacuation Pause)
[2022-12-27T15:13:07.637-0800][gc,task       ] GC(14) Using 4 workers of 4 for evacuation
[2022-12-27T15:13:07.639-0800][gc,phases     ] GC(14)   Pre Evacuate Collection Set: 0.0ms
[2022-12-27T15:13:07.639-0800][gc,phases     ] GC(14)   Evacuate Collection Set: 2.2ms
[2022-12-27T15:13:07.639-0800][gc,phases     ] GC(14)   Post Evacuate Collection Set: 0.4ms
[2022-12-27T15:13:07.639-0800][gc,phases     ] GC(14)   Other: 0.2ms
[2022-12-27T15:13:07.639-0800][gc,heap       ] GC(14) Eden regions: 57->0(109)
[2022-12-27T15:13:07.639-0800][gc,heap       ] GC(14) Survivor regions: 4->3(8)
[2022-12-27T15:13:07.639-0800][gc,heap       ] GC(14) Old regions: 18->18
[2022-12-27T15:13:07.640-0800][gc,heap       ] GC(14) Humongous regions: 129->129
[2022-12-27T15:13:07.640-0800][gc,metaspace  ] GC(14) Metaspace: 44066K(46976K)->44066K(46976K) NonClass: 38438K(39936K)->38438K(39936K) Class: 5628K(7040K)->5628K(7040K)
[2022-12-27T15:13:07.640-0800][gc            ] GC(14) Pause Young (Normal) (G1 Evacuation Pause) 206M->147M(1024M) 2.828ms
[2022-12-27T15:13:07.640-0800][gc,cpu        ] GC(14) User=0.01s Sys=0.00s Real=0.00s
