[2023-03-22T10:39:20.633-0700][gc,heap] Heap region size: 1M
[2023-03-22T10:39:20.638-0700][gc     ] Using G1
[2023-03-22T10:39:20.638-0700][gc,heap,coops] Heap address: 0x00000000e0000000, size: 512 MB, Compressed Oops mode: 32-bit
[2023-03-22T10:39:20.639-0700][gc,cds       ] Mark closed archive regions in map: [0x00000000fff00000, 0x00000000fff6aff8]
[2023-03-22T10:39:20.639-0700][gc,cds       ] Mark open archive regions in map: [0x00000000ffe00000, 0x00000000ffe47ff8]
[2023-03-22T10:39:21.088-0700][gc,start     ] GC(0) Pause Young (Normal) (G1 Evacuation Pause)
[2023-03-22T10:39:21.089-0700][gc,task      ] GC(0) Using 4 workers of 4 for evacuation
[2023-03-22T10:39:21.096-0700][gc,phases    ] GC(0)   Pre Evacuate Collection Set: 0.0ms
[2023-03-22T10:39:21.096-0700][gc,phases    ] GC(0)   Evacuate Collection Set: 7.3ms
[2023-03-22T10:39:21.096-0700][gc,phases    ] GC(0)   Post Evacuate Collection Set: 0.3ms
[2023-03-22T10:39:21.096-0700][gc,phases    ] GC(0)   Other: 0.5ms
[2023-03-22T10:39:21.096-0700][gc,heap      ] GC(0) Eden regions: 25->0(21)
[2023-03-22T10:39:21.096-0700][gc,heap      ] GC(0) Survivor regions: 0->4(4)
[2023-03-22T10:39:21.096-0700][gc,heap      ] GC(0) Old regions: 2->6
[2023-03-22T10:39:21.096-0700][gc,heap      ] GC(0) Humongous regions: 0->0
[2023-03-22T10:39:21.096-0700][gc,metaspace ] GC(0) Metaspace: 7377K(7936K)->7377K(7936K) NonClass: 6553K(6912K)->6553K(6912K) Class: 823K(1024K)->823K(1024K)
[2023-03-22T10:39:21.096-0700][gc           ] GC(0) Pause Young (Normal) (G1 Evacuation Pause) 25M->7M(512M) 8.240ms
[2023-03-22T10:39:21.096-0700][gc,cpu       ] GC(0) User=0.02s Sys=0.01s Real=0.01s
[2023-03-22T10:50:24.872-0700][gc,heap,exit ] Heap
[2023-03-22T10:50:24.872-0700][gc,heap,exit ]  garbage-first heap   total 524288K, used 20207K [0x00000000e0000000, 0x0000000100000000)
[2023-03-22T10:50:24.872-0700][gc,heap,exit ]   region size 1024K, 17 young (17408K), 4 survivors (4096K)
[2023-03-22T10:50:24.872-0700][gc,heap,exit ]  Metaspace       used 8999K, capacity 9386K, committed 9600K, reserved 1058816K
[2023-03-22T10:50:24.872-0700][gc,heap,exit ]   class space    used 973K, capacity 1120K, committed 1152K, reserved 1048576K
