[2022-12-26T05:00:38.360-0800][gc,heap] Heap region size: 1M
[2022-12-26T05:00:38.364-0800][gc     ] Using G1
[2022-12-26T05:00:38.365-0800][gc,heap,coops] Heap address: 0x00000000e0000000, size: 512 MB, Compressed Oops mode: 32-bit
[2022-12-26T05:00:38.365-0800][gc,cds       ] Mark closed archive regions in map: [0x00000000fff00000, 0x00000000fff6aff8]
[2022-12-26T05:00:38.365-0800][gc,cds       ] Mark open archive regions in map: [0x00000000ffe00000, 0x00000000ffe47ff8]
[2022-12-26T05:00:39.565-0800][gc,start     ] GC(0) Pause Young (Normal) (G1 Evacuation Pause)
[2022-12-26T05:00:39.579-0800][gc,task      ] GC(0) Using 4 workers of 4 for evacuation
[2022-12-26T05:00:39.588-0800][gc,phases    ] GC(0)   Pre Evacuate Collection Set: 0.0ms
[2022-12-26T05:00:39.588-0800][gc,phases    ] GC(0)   Evacuate Collection Set: 8.7ms
[2022-12-26T05:00:39.588-0800][gc,phases    ] GC(0)   Post Evacuate Collection Set: 0.3ms
[2022-12-26T05:00:39.588-0800][gc,phases    ] GC(0)   Other: 14.5ms
[2022-12-26T05:00:39.588-0800][gc,heap      ] GC(0) Eden regions: 25->0(21)
[2022-12-26T05:00:39.588-0800][gc,heap      ] GC(0) Survivor regions: 0->4(4)
[2022-12-26T05:00:39.588-0800][gc,heap      ] GC(0) Old regions: 2->5
[2022-12-26T05:00:39.588-0800][gc,heap      ] GC(0) Humongous regions: 0->0
[2022-12-26T05:00:39.588-0800][gc,metaspace ] GC(0) Metaspace: 7293K(7936K)->7293K(7936K) NonClass: 6477K(6912K)->6477K(6912K) Class: 816K(1024K)->816K(1024K)
[2022-12-26T05:00:39.588-0800][gc           ] GC(0) Pause Young (Normal) (G1 Evacuation Pause) 25M->7M(512M) 23.535ms
[2022-12-26T05:00:39.588-0800][gc,cpu       ] GC(0) User=0.02s Sys=0.00s Real=0.03s
[2022-12-26T07:31:42.960-0800][gc,start     ] GC(1) Pause Young (Normal) (G1 Evacuation Pause)
[2022-12-26T07:31:42.960-0800][gc,task      ] GC(1) Using 4 workers of 4 for evacuation
[2022-12-26T07:31:42.965-0800][gc,phases    ] GC(1)   Pre Evacuate Collection Set: 0.0ms
[2022-12-26T07:31:42.965-0800][gc,phases    ] GC(1)   Evacuate Collection Set: 4.9ms
[2022-12-26T07:31:42.965-0800][gc,phases    ] GC(1)   Post Evacuate Collection Set: 0.3ms
[2022-12-26T07:31:42.965-0800][gc,phases    ] GC(1)   Other: 0.1ms
[2022-12-26T07:31:42.965-0800][gc,heap      ] GC(1) Eden regions: 21->0(24)
[2022-12-26T07:31:42.965-0800][gc,heap      ] GC(1) Survivor regions: 4->1(4)
[2022-12-26T07:31:42.965-0800][gc,heap      ] GC(1) Old regions: 5->9
[2022-12-26T07:31:42.965-0800][gc,heap      ] GC(1) Humongous regions: 0->0
[2022-12-26T07:31:42.965-0800][gc,metaspace ] GC(1) Metaspace: 9215K(9856K)->9215K(9856K) NonClass: 8244K(8704K)->8244K(8704K) Class: 970K(1152K)->970K(1152K)
[2022-12-26T07:31:42.965-0800][gc           ] GC(1) Pause Young (Normal) (G1 Evacuation Pause) 28M->8M(512M) 5.444ms
[2022-12-26T07:31:42.965-0800][gc,cpu       ] GC(1) User=0.02s Sys=0.00s Real=0.00s
[2022-12-26T15:21:32.598-0800][gc,start     ] GC(2) Pause Young (Normal) (G1 Evacuation Pause)
[2022-12-26T15:21:32.598-0800][gc,task      ] GC(2) Using 4 workers of 4 for evacuation
[2022-12-26T15:21:32.601-0800][gc,phases    ] GC(2)   Pre Evacuate Collection Set: 0.0ms
[2022-12-26T15:21:32.601-0800][gc,phases    ] GC(2)   Evacuate Collection Set: 1.3ms
[2022-12-26T15:21:32.601-0800][gc,phases    ] GC(2)   Post Evacuate Collection Set: 1.0ms
[2022-12-26T15:21:32.601-0800][gc,phases    ] GC(2)   Other: 0.1ms
[2022-12-26T15:21:32.601-0800][gc,heap      ] GC(2) Eden regions: 24->0(24)
[2022-12-26T15:21:32.601-0800][gc,heap      ] GC(2) Survivor regions: 1->1(4)
[2022-12-26T15:21:32.601-0800][gc,heap      ] GC(2) Old regions: 9->9
[2022-12-26T15:21:32.601-0800][gc,heap      ] GC(2) Humongous regions: 0->0
[2022-12-26T15:21:32.601-0800][gc,metaspace ] GC(2) Metaspace: 9230K(9856K)->9230K(9856K) NonClass: 8260K(8704K)->8260K(8704K) Class: 970K(1152K)->970K(1152K)
[2022-12-26T15:21:32.601-0800][gc           ] GC(2) Pause Young (Normal) (G1 Evacuation Pause) 32M->8M(512M) 2.457ms
[2022-12-26T15:21:32.601-0800][gc,cpu       ] GC(2) User=0.00s Sys=0.00s Real=0.00s
[2022-12-26T20:43:29.417-0800][gc,heap,exit ] Heap
[2022-12-26T20:43:29.421-0800][gc,heap,exit ]  garbage-first heap   total 524288K, used 24738K [0x00000000e0000000, 0x0000000100000000)
[2022-12-26T20:43:29.421-0800][gc,heap,exit ]   region size 1024K, 18 young (18432K), 1 survivors (1024K)
[2022-12-26T20:43:29.421-0800][gc,heap,exit ]  Metaspace       used 9239K, capacity 9550K, committed 9856K, reserved 1058816K
[2022-12-26T20:43:29.421-0800][gc,heap,exit ]   class space    used 970K, capacity 1088K, committed 1152K, reserved 1048576K
