[2023-03-22T11:02:57.338-0700][gc,heap] Heap region size: 1M
[2023-03-22T11:02:57.343-0700][gc     ] Using G1
[2023-03-22T11:02:57.343-0700][gc,heap,coops] Heap address: 0x00000000e0000000, size: 512 MB, Compressed Oops mode: 32-bit
[2023-03-22T11:02:57.343-0700][gc,cds       ] Mark closed archive regions in map: [0x00000000fff00000, 0x00000000fff6aff8]
[2023-03-22T11:02:57.343-0700][gc,cds       ] Mark open archive regions in map: [0x00000000ffe00000, 0x00000000ffe47ff8]
[2023-03-22T11:02:57.776-0700][gc,start     ] GC(0) Pause Young (Normal) (G1 Evacuation Pause)
[2023-03-22T11:02:57.776-0700][gc,task      ] GC(0) Using 4 workers of 4 for evacuation
[2023-03-22T11:02:57.784-0700][gc,phases    ] GC(0)   Pre Evacuate Collection Set: 0.0ms
[2023-03-22T11:02:57.784-0700][gc,phases    ] GC(0)   Evacuate Collection Set: 7.2ms
[2023-03-22T11:02:57.784-0700][gc,phases    ] GC(0)   Post Evacuate Collection Set: 0.3ms
[2023-03-22T11:02:57.784-0700][gc,phases    ] GC(0)   Other: 0.6ms
[2023-03-22T11:02:57.784-0700][gc,heap      ] GC(0) Eden regions: 25->0(21)
[2023-03-22T11:02:57.784-0700][gc,heap      ] GC(0) Survivor regions: 0->4(4)
[2023-03-22T11:02:57.784-0700][gc,heap      ] GC(0) Old regions: 2->5
[2023-03-22T11:02:57.784-0700][gc,heap      ] GC(0) Humongous regions: 0->0
[2023-03-22T11:02:57.784-0700][gc,metaspace ] GC(0) Metaspace: 7282K(7936K)->7282K(7936K) NonClass: 6468K(6912K)->6468K(6912K) Class: 813K(1024K)->813K(1024K)
[2023-03-22T11:02:57.784-0700][gc           ] GC(0) Pause Young (Normal) (G1 Evacuation Pause) 25M->7M(512M) 8.255ms
[2023-03-22T11:02:57.784-0700][gc,cpu       ] GC(0) User=0.02s Sys=0.00s Real=0.01s
