[2023-03-22T10:39:05.728-0700][gc,heap] Heap region size: 1M
[2023-03-22T10:39:05.733-0700][gc     ] Using G1
[2023-03-22T10:39:05.733-0700][gc,heap,coops] Heap address: 0x00000000e0000000, size: 512 MB, Compressed Oops mode: 32-bit
[2023-03-22T10:39:05.733-0700][gc,cds       ] Mark closed archive regions in map: [0x00000000fff00000, 0x00000000fff6aff8]
[2023-03-22T10:39:05.733-0700][gc,cds       ] Mark open archive regions in map: [0x00000000ffe00000, 0x00000000ffe47ff8]
[2023-03-22T10:39:06.405-0700][gc,start     ] GC(0) Pause Young (Normal) (G1 Evacuation Pause)
[2023-03-22T10:39:06.406-0700][gc,task      ] GC(0) Using 4 workers of 4 for evacuation
[2023-03-22T10:39:06.415-0700][gc,phases    ] GC(0)   Pre Evacuate Collection Set: 0.0ms
[2023-03-22T10:39:06.415-0700][gc,phases    ] GC(0)   Evacuate Collection Set: 9.4ms
[2023-03-22T10:39:06.415-0700][gc,phases    ] GC(0)   Post Evacuate Collection Set: 0.3ms
[2023-03-22T10:39:06.415-0700][gc,phases    ] GC(0)   Other: 0.5ms
[2023-03-22T10:39:06.415-0700][gc,heap      ] GC(0) Eden regions: 25->0(21)
[2023-03-22T10:39:06.415-0700][gc,heap      ] GC(0) Survivor regions: 0->4(4)
[2023-03-22T10:39:06.415-0700][gc,heap      ] GC(0) Old regions: 2->5
[2023-03-22T10:39:06.415-0700][gc,heap      ] GC(0) Humongous regions: 0->0
[2023-03-22T10:39:06.415-0700][gc,metaspace ] GC(0) Metaspace: 7324K(7936K)->7324K(7936K) NonClass: 6509K(6912K)->6509K(6912K) Class: 814K(1024K)->814K(1024K)
[2023-03-22T10:39:06.415-0700][gc           ] GC(0) Pause Young (Normal) (G1 Evacuation Pause) 25M->7M(512M) 10.244ms
[2023-03-22T10:39:06.415-0700][gc,cpu       ] GC(0) User=0.02s Sys=0.01s Real=0.01s
[2023-03-22T10:39:08.924-0700][gc,heap,exit ] Heap
[2023-03-22T10:39:08.924-0700][gc,heap,exit ]  garbage-first heap   total 524288K, used 12671K [0x00000000e0000000, 0x0000000100000000)
[2023-03-22T10:39:08.924-0700][gc,heap,exit ]   region size 1024K, 10 young (10240K), 4 survivors (4096K)
[2023-03-22T10:39:08.924-0700][gc,heap,exit ]  Metaspace       used 8033K, capacity 8433K, committed 8832K, reserved 1056768K
[2023-03-22T10:39:08.924-0700][gc,heap,exit ]   class space    used 894K, capacity 1053K, committed 1152K, reserved 1048576K
