[2022-12-26T22:11:16.207-0800][gc,heap] Heap region size: 1M
[2022-12-26T22:11:16.212-0800][gc     ] Using G1
[2022-12-26T22:11:16.212-0800][gc,heap,coops] Heap address: 0x00000000e0000000, size: 512 MB, Compressed Oops mode: 32-bit
[2022-12-26T22:11:16.212-0800][gc,cds       ] Mark closed archive regions in map: [0x00000000fff00000, 0x00000000fff6aff8]
[2022-12-26T22:11:16.212-0800][gc,cds       ] Mark open archive regions in map: [0x00000000ffe00000, 0x00000000ffe47ff8]
[2022-12-26T22:11:16.896-0800][gc,start     ] GC(0) Pause Young (Normal) (G1 Evacuation Pause)
[2022-12-26T22:11:16.897-0800][gc,task      ] GC(0) Using 4 workers of 4 for evacuation
[2022-12-26T22:11:16.903-0800][gc,phases    ] GC(0)   Pre Evacuate Collection Set: 0.0ms
[2022-12-26T22:11:16.904-0800][gc,phases    ] GC(0)   Evacuate Collection Set: 6.4ms
[2022-12-26T22:11:16.904-0800][gc,phases    ] GC(0)   Post Evacuate Collection Set: 0.3ms
[2022-12-26T22:11:16.904-0800][gc,phases    ] GC(0)   Other: 0.5ms
[2022-12-26T22:11:16.904-0800][gc,heap      ] GC(0) Eden regions: 25->0(21)
[2022-12-26T22:11:16.904-0800][gc,heap      ] GC(0) Survivor regions: 0->4(4)
[2022-12-26T22:11:16.904-0800][gc,heap      ] GC(0) Old regions: 2->5
[2022-12-26T22:11:16.904-0800][gc,heap      ] GC(0) Humongous regions: 0->0
[2022-12-26T22:11:16.904-0800][gc,metaspace ] GC(0) Metaspace: 7399K(7936K)->7399K(7936K) NonClass: 6576K(6912K)->6576K(6912K) Class: 823K(1024K)->823K(1024K)
[2022-12-26T22:11:16.904-0800][gc           ] GC(0) Pause Young (Normal) (G1 Evacuation Pause) 25M->7M(512M) 7.219ms
[2022-12-26T22:11:16.904-0800][gc,cpu       ] GC(0) User=0.03s Sys=0.00s Real=0.01s
[2022-12-27T08:22:22.805-0800][gc,start     ] GC(1) Pause Young (Normal) (G1 Evacuation Pause)
[2022-12-27T08:22:22.805-0800][gc,task      ] GC(1) Using 4 workers of 4 for evacuation
[2022-12-27T08:22:22.810-0800][gc,phases    ] GC(1)   Pre Evacuate Collection Set: 0.0ms
[2022-12-27T08:22:22.810-0800][gc,phases    ] GC(1)   Evacuate Collection Set: 4.6ms
[2022-12-27T08:22:22.810-0800][gc,phases    ] GC(1)   Post Evacuate Collection Set: 0.4ms
[2022-12-27T08:22:22.810-0800][gc,phases    ] GC(1)   Other: 0.1ms
[2022-12-27T08:22:22.810-0800][gc,heap      ] GC(1) Eden regions: 21->0(24)
[2022-12-27T08:22:22.810-0800][gc,heap      ] GC(1) Survivor regions: 4->1(4)
[2022-12-27T08:22:22.810-0800][gc,heap      ] GC(1) Old regions: 5->9
[2022-12-27T08:22:22.810-0800][gc,heap      ] GC(1) Humongous regions: 0->0
[2022-12-27T08:22:22.810-0800][gc,metaspace ] GC(1) Metaspace: 9268K(9856K)->9268K(9856K) NonClass: 8297K(8704K)->8297K(8704K) Class: 970K(1152K)->970K(1152K)
[2022-12-27T08:22:22.810-0800][gc           ] GC(1) Pause Young (Normal) (G1 Evacuation Pause) 28M->8M(512M) 5.189ms
[2022-12-27T08:22:22.810-0800][gc,cpu       ] GC(1) User=0.01s Sys=0.00s Real=0.00s
[2022-12-27T15:13:50.284-0800][gc,heap,exit ] Heap
[2022-12-27T15:13:50.287-0800][gc,heap,exit ]  garbage-first heap   total 524288K, used 11491K [0x00000000e0000000, 0x0000000100000000)
[2022-12-27T15:13:50.287-0800][gc,heap,exit ]   region size 1024K, 5 young (5120K), 1 survivors (1024K)
[2022-12-27T15:13:50.287-0800][gc,heap,exit ]  Metaspace       used 9272K, capacity 9562K, committed 9856K, reserved 1058816K
[2022-12-27T15:13:50.287-0800][gc,heap,exit ]   class space    used 970K, capacity 1088K, committed 1152K, reserved 1048576K
