[2022-12-30T06:11:58.950-0800][gc,heap] Heap region size: 1M
[2022-12-30T06:11:58.955-0800][gc     ] Using G1
[2022-12-30T06:11:58.955-0800][gc,heap,coops] Heap address: 0x00000000e0000000, size: 512 MB, Compressed Oops mode: 32-bit
[2022-12-30T06:11:58.955-0800][gc,cds       ] Mark closed archive regions in map: [0x00000000fff00000, 0x00000000fff6aff8]
[2022-12-30T06:11:58.955-0800][gc,cds       ] Mark open archive regions in map: [0x00000000ffe00000, 0x00000000ffe47ff8]
[2022-12-30T06:11:59.661-0800][gc,start     ] GC(0) Pause Young (Normal) (G1 Evacuation Pause)
[2022-12-30T06:11:59.662-0800][gc,task      ] GC(0) Using 4 workers of 4 for evacuation
[2022-12-30T06:11:59.668-0800][gc,phases    ] GC(0)   Pre Evacuate Collection Set: 0.0ms
[2022-12-30T06:11:59.668-0800][gc,phases    ] GC(0)   Evacuate Collection Set: 6.4ms
[2022-12-30T06:11:59.668-0800][gc,phases    ] GC(0)   Post Evacuate Collection Set: 0.3ms
[2022-12-30T06:11:59.668-0800][gc,phases    ] GC(0)   Other: 0.5ms
[2022-12-30T06:11:59.668-0800][gc,heap      ] GC(0) Eden regions: 25->0(21)
[2022-12-30T06:11:59.668-0800][gc,heap      ] GC(0) Survivor regions: 0->4(4)
[2022-12-30T06:11:59.668-0800][gc,heap      ] GC(0) Old regions: 2->5
[2022-12-30T06:11:59.668-0800][gc,heap      ] GC(0) Humongous regions: 0->0
[2022-12-30T06:11:59.668-0800][gc,metaspace ] GC(0) Metaspace: 7387K(7936K)->7387K(7936K) NonClass: 6565K(6912K)->6565K(6912K) Class: 822K(1024K)->822K(1024K)
[2022-12-30T06:11:59.668-0800][gc           ] GC(0) Pause Young (Normal) (G1 Evacuation Pause) 25M->7M(512M) 7.229ms
[2022-12-30T06:11:59.668-0800][gc,cpu       ] GC(0) User=0.02s Sys=0.01s Real=0.01s
[2022-12-30T08:48:21.893-0800][gc,start     ] GC(1) Pause Young (Normal) (G1 Evacuation Pause)
[2022-12-30T08:48:21.893-0800][gc,task      ] GC(1) Using 4 workers of 4 for evacuation
[2022-12-30T08:48:21.898-0800][gc,phases    ] GC(1)   Pre Evacuate Collection Set: 0.1ms
[2022-12-30T08:48:21.898-0800][gc,phases    ] GC(1)   Evacuate Collection Set: 4.4ms
[2022-12-30T08:48:21.898-0800][gc,phases    ] GC(1)   Post Evacuate Collection Set: 0.4ms
[2022-12-30T08:48:21.898-0800][gc,phases    ] GC(1)   Other: 0.4ms
[2022-12-30T08:48:21.898-0800][gc,heap      ] GC(1) Eden regions: 21->0(24)
[2022-12-30T08:48:21.898-0800][gc,heap      ] GC(1) Survivor regions: 4->1(4)
[2022-12-30T08:48:21.898-0800][gc,heap      ] GC(1) Old regions: 5->9
[2022-12-30T08:48:21.898-0800][gc,heap      ] GC(1) Humongous regions: 0->0
[2022-12-30T08:48:21.898-0800][gc,metaspace ] GC(1) Metaspace: 9259K(9856K)->9259K(9856K) NonClass: 8288K(8704K)->8288K(8704K) Class: 971K(1152K)->971K(1152K)
[2022-12-30T08:48:21.898-0800][gc           ] GC(1) Pause Young (Normal) (G1 Evacuation Pause) 28M->8M(512M) 5.253ms
[2022-12-30T08:48:21.898-0800][gc,cpu       ] GC(1) User=0.01s Sys=0.01s Real=0.00s
[2022-12-30T18:22:30.639-0800][gc,start     ] GC(2) Pause Young (Normal) (G1 Evacuation Pause)
[2022-12-30T18:22:30.642-0800][gc,task      ] GC(2) Using 4 workers of 4 for evacuation
[2022-12-30T18:22:30.651-0800][gc,phases    ] GC(2)   Pre Evacuate Collection Set: 0.6ms
[2022-12-30T18:22:30.651-0800][gc,phases    ] GC(2)   Evacuate Collection Set: 6.0ms
[2022-12-30T18:22:30.651-0800][gc,phases    ] GC(2)   Post Evacuate Collection Set: 2.3ms
[2022-12-30T18:22:30.651-0800][gc,phases    ] GC(2)   Other: 6.2ms
[2022-12-30T18:22:30.652-0800][gc,heap      ] GC(2) Eden regions: 24->0(24)
[2022-12-30T18:22:30.652-0800][gc,heap      ] GC(2) Survivor regions: 1->1(4)
[2022-12-30T18:22:30.652-0800][gc,heap      ] GC(2) Old regions: 9->9
[2022-12-30T18:22:30.652-0800][gc,heap      ] GC(2) Humongous regions: 0->0
[2022-12-30T18:22:30.652-0800][gc,metaspace ] GC(2) Metaspace: 9269K(9856K)->9269K(9856K) NonClass: 8298K(8704K)->8298K(8704K) Class: 971K(1152K)->971K(1152K)
[2022-12-30T18:22:30.653-0800][gc           ] GC(2) Pause Young (Normal) (G1 Evacuation Pause) 32M->8M(512M) 12.766ms
[2022-12-30T18:22:30.653-0800][gc,cpu       ] GC(2) User=0.01s Sys=0.00s Real=0.01s
[2022-12-31T02:20:46.473-0800][gc,start     ] GC(3) Pause Young (Normal) (G1 Evacuation Pause)
[2022-12-31T02:20:46.473-0800][gc,task      ] GC(3) Using 4 workers of 4 for evacuation
[2022-12-31T02:20:46.476-0800][gc,phases    ] GC(3)   Pre Evacuate Collection Set: 0.0ms
[2022-12-31T02:20:46.476-0800][gc,phases    ] GC(3)   Evacuate Collection Set: 1.4ms
[2022-12-31T02:20:46.476-0800][gc,phases    ] GC(3)   Post Evacuate Collection Set: 0.9ms
[2022-12-31T02:20:46.476-0800][gc,phases    ] GC(3)   Other: 0.1ms
[2022-12-31T02:20:46.476-0800][gc,heap      ] GC(3) Eden regions: 24->0(24)
[2022-12-31T02:20:46.476-0800][gc,heap      ] GC(3) Survivor regions: 1->1(4)
[2022-12-31T02:20:46.476-0800][gc,heap      ] GC(3) Old regions: 9->9
[2022-12-31T02:20:46.476-0800][gc,heap      ] GC(3) Humongous regions: 0->0
[2022-12-31T02:20:46.476-0800][gc,metaspace ] GC(3) Metaspace: 9269K(9856K)->9269K(9856K) NonClass: 8298K(8704K)->8298K(8704K) Class: 971K(1152K)->971K(1152K)
[2022-12-31T02:20:46.477-0800][gc           ] GC(3) Pause Young (Normal) (G1 Evacuation Pause) 32M->8M(512M) 3.067ms
[2022-12-31T02:20:46.477-0800][gc,cpu       ] GC(3) User=0.01s Sys=0.01s Real=0.00s
[2022-12-31T05:54:48.649-0800][gc,heap,exit ] Heap
[2022-12-31T05:54:48.649-0800][gc,heap,exit ]  garbage-first heap   total 524288K, used 19567K [0x00000000e0000000, 0x0000000100000000)
[2022-12-31T05:54:48.649-0800][gc,heap,exit ]   region size 1024K, 13 young (13312K), 1 survivors (1024K)
[2022-12-31T05:54:48.649-0800][gc,heap,exit ]  Metaspace       used 9288K, capacity 9626K, committed 9856K, reserved 1058816K
[2022-12-31T05:54:48.649-0800][gc,heap,exit ]   class space    used 971K, capacity 1088K, committed 1152K, reserved 1048576K
