[2022-12-25T20:03:05.374-0800][gc,heap] Heap region size: 1M
[2022-12-25T20:03:05.379-0800][gc     ] Using G1
[2022-12-25T20:03:05.379-0800][gc,heap,coops] Heap address: 0x00000000e0000000, size: 512 MB, Compressed Oops mode: 32-bit
[2022-12-25T20:03:05.379-0800][gc,cds       ] Mark closed archive regions in map: [0x00000000fff00000, 0x00000000fff6aff8]
[2022-12-25T20:03:05.379-0800][gc,cds       ] Mark open archive regions in map: [0x00000000ffe00000, 0x00000000ffe47ff8]
[2022-12-25T20:03:06.096-0800][gc,start     ] GC(0) Pause Young (Normal) (G1 Evacuation Pause)
[2022-12-25T20:03:06.096-0800][gc,task      ] GC(0) Using 4 workers of 4 for evacuation
[2022-12-25T20:03:06.103-0800][gc,phases    ] GC(0)   Pre Evacuate Collection Set: 0.0ms
[2022-12-25T20:03:06.103-0800][gc,phases    ] GC(0)   Evacuate Collection Set: 6.9ms
[2022-12-25T20:03:06.103-0800][gc,phases    ] GC(0)   Post Evacuate Collection Set: 0.3ms
[2022-12-25T20:03:06.103-0800][gc,phases    ] GC(0)   Other: 0.5ms
[2022-12-25T20:03:06.103-0800][gc,heap      ] GC(0) Eden regions: 25->0(21)
[2022-12-25T20:03:06.103-0800][gc,heap      ] GC(0) Survivor regions: 0->4(4)
[2022-12-25T20:03:06.103-0800][gc,heap      ] GC(0) Old regions: 2->5
[2022-12-25T20:03:06.103-0800][gc,heap      ] GC(0) Humongous regions: 0->0
[2022-12-25T20:03:06.103-0800][gc,metaspace ] GC(0) Metaspace: 7384K(7936K)->7384K(7936K) NonClass: 6562K(6912K)->6562K(6912K) Class: 822K(1024K)->822K(1024K)
[2022-12-25T20:03:06.103-0800][gc           ] GC(0) Pause Young (Normal) (G1 Evacuation Pause) 25M->7M(512M) 7.792ms
[2022-12-25T20:03:06.103-0800][gc,cpu       ] GC(0) User=0.02s Sys=0.00s Real=0.01s
[2022-12-25T22:52:45.591-0800][gc,start     ] GC(1) Pause Young (Normal) (G1 Evacuation Pause)
[2022-12-25T22:52:45.591-0800][gc,task      ] GC(1) Using 4 workers of 4 for evacuation
[2022-12-25T22:52:45.597-0800][gc,phases    ] GC(1)   Pre Evacuate Collection Set: 0.0ms
[2022-12-25T22:52:45.597-0800][gc,phases    ] GC(1)   Evacuate Collection Set: 6.1ms
[2022-12-25T22:52:45.597-0800][gc,phases    ] GC(1)   Post Evacuate Collection Set: 0.4ms
[2022-12-25T22:52:45.597-0800][gc,phases    ] GC(1)   Other: 0.1ms
[2022-12-25T22:52:45.598-0800][gc,heap      ] GC(1) Eden regions: 21->0(24)
[2022-12-25T22:52:45.598-0800][gc,heap      ] GC(1) Survivor regions: 4->1(4)
[2022-12-25T22:52:45.598-0800][gc,heap      ] GC(1) Old regions: 5->9
[2022-12-25T22:52:45.598-0800][gc,heap      ] GC(1) Humongous regions: 0->0
[2022-12-25T22:52:45.598-0800][gc,metaspace ] GC(1) Metaspace: 9213K(9856K)->9213K(9856K) NonClass: 8242K(8704K)->8242K(8704K) Class: 970K(1152K)->970K(1152K)
[2022-12-25T22:52:45.598-0800][gc           ] GC(1) Pause Young (Normal) (G1 Evacuation Pause) 28M->8M(512M) 6.754ms
[2022-12-25T22:52:45.598-0800][gc,cpu       ] GC(1) User=0.02s Sys=0.00s Real=0.00s
[2022-12-26T03:58:34.189-0800][gc,heap,exit ] Heap
[2022-12-26T03:58:34.189-0800][gc,heap,exit ]  garbage-first heap   total 524288K, used 22771K [0x00000000e0000000, 0x0000000100000000)
[2022-12-26T03:58:34.189-0800][gc,heap,exit ]   region size 1024K, 16 young (16384K), 1 survivors (1024K)
[2022-12-26T03:58:34.189-0800][gc,heap,exit ]  Metaspace       used 9228K, capacity 9558K, committed 9856K, reserved 1058816K
[2022-12-26T03:58:34.189-0800][gc,heap,exit ]   class space    used 970K, capacity 1088K, committed 1152K, reserved 1048576K
