[2023-03-22T10:58:52.230-0700][gc,heap] Heap region size: 1M
[2023-03-22T10:58:52.235-0700][gc     ] Using G1
[2023-03-22T10:58:52.235-0700][gc,heap,coops] Heap address: 0x00000000e0000000, size: 512 MB, Compressed Oops mode: 32-bit
[2023-03-22T10:58:52.235-0700][gc,cds       ] Mark closed archive regions in map: [0x00000000fff00000, 0x00000000fff6aff8]
[2023-03-22T10:58:52.235-0700][gc,cds       ] Mark open archive regions in map: [0x00000000ffe00000, 0x00000000ffe47ff8]
[2023-03-22T10:58:52.682-0700][gc,start     ] GC(0) Pause Young (Normal) (G1 Evacuation Pause)
[2023-03-22T10:58:52.683-0700][gc,task      ] GC(0) Using 4 workers of 4 for evacuation
[2023-03-22T10:58:52.691-0700][gc,phases    ] GC(0)   Pre Evacuate Collection Set: 0.0ms
[2023-03-22T10:58:52.691-0700][gc,phases    ] GC(0)   Evacuate Collection Set: 8.1ms
[2023-03-22T10:58:52.691-0700][gc,phases    ] GC(0)   Post Evacuate Collection Set: 0.4ms
[2023-03-22T10:58:52.691-0700][gc,phases    ] GC(0)   Other: 0.6ms
[2023-03-22T10:58:52.691-0700][gc,heap      ] GC(0) Eden regions: 25->0(21)
[2023-03-22T10:58:52.691-0700][gc,heap      ] GC(0) Survivor regions: 0->4(4)
[2023-03-22T10:58:52.691-0700][gc,heap      ] GC(0) Old regions: 2->5
[2023-03-22T10:58:52.692-0700][gc,heap      ] GC(0) Humongous regions: 0->0
[2023-03-22T10:58:52.692-0700][gc,metaspace ] GC(0) Metaspace: 7270K(7936K)->7270K(7936K) NonClass: 6455K(6912K)->6455K(6912K) Class: 814K(1024K)->814K(1024K)
[2023-03-22T10:58:52.692-0700][gc           ] GC(0) Pause Young (Normal) (G1 Evacuation Pause) 25M->7M(512M) 9.100ms
[2023-03-22T10:58:52.692-0700][gc,cpu       ] GC(0) User=0.02s Sys=0.00s Real=0.01s
[2023-03-22T11:01:30.463-0700][gc,heap,exit ] Heap
[2023-03-22T11:01:30.463-0700][gc,heap,exit ]  garbage-first heap   total 524288K, used 14716K [0x00000000e0000000, 0x0000000100000000)
[2023-03-22T11:01:30.463-0700][gc,heap,exit ]   region size 1024K, 12 young (12288K), 4 survivors (4096K)
[2023-03-22T11:01:30.463-0700][gc,heap,exit ]  Metaspace       used 8256K, capacity 8625K, committed 8832K, reserved 1056768K
[2023-03-22T11:01:30.463-0700][gc,heap,exit ]   class space    used 924K, capacity 1056K, committed 1152K, reserved 1048576K
